Archive member included to satisfy reference by file (symbol)

C:/ST/STM32CubeIDE_1.14.1/STM32CubeIDE/plugins/com.st.stm32cube.ide.mcu.externaltools.gnu-tools-for-stm32.13.3.rel1.win32_1.0.0.202411081344/tools/bin/../lib/gcc/arm-none-eabi/13.3.1/../../../../arm-none-eabi/lib/thumb/v8-m.main+fp/hard\libc_nano.a(libc_a-exit.o)
                              C:/ST/STM32CubeIDE_1.14.1/STM32CubeIDE/plugins/com.st.stm32cube.ide.mcu.externaltools.gnu-tools-for-stm32.13.3.rel1.win32_1.0.0.202411081344/tools/bin/../lib/gcc/arm-none-eabi/13.3.1/../../../../arm-none-eabi/lib/thumb/v8-m.main+fp/hard/crt0.o (exit)
C:/ST/STM32CubeIDE_1.14.1/STM32CubeIDE/plugins/com.st.stm32cube.ide.mcu.externaltools.gnu-tools-for-stm32.13.3.rel1.win32_1.0.0.202411081344/tools/bin/../lib/gcc/arm-none-eabi/13.3.1/../../../../arm-none-eabi/lib/thumb/v8-m.main+fp/hard\libc_nano.a(libc_a-findfp.o)
                              C:/ST/STM32CubeIDE_1.14.1/STM32CubeIDE/plugins/com.st.stm32cube.ide.mcu.externaltools.gnu-tools-for-stm32.13.3.rel1.win32_1.0.0.202411081344/tools/bin/../lib/gcc/arm-none-eabi/13.3.1/../../../../arm-none-eabi/lib/thumb/v8-m.main+fp/hard\libc_nano.a(libc_a-exit.o) (__stdio_exit_handler)
C:/ST/STM32CubeIDE_1.14.1/STM32CubeIDE/plugins/com.st.stm32cube.ide.mcu.externaltools.gnu-tools-for-stm32.13.3.rel1.win32_1.0.0.202411081344/tools/bin/../lib/gcc/arm-none-eabi/13.3.1/../../../../arm-none-eabi/lib/thumb/v8-m.main+fp/hard\libc_nano.a(libc_a-fwalk.o)
                              C:/ST/STM32CubeIDE_1.14.1/STM32CubeIDE/plugins/com.st.stm32cube.ide.mcu.externaltools.gnu-tools-for-stm32.13.3.rel1.win32_1.0.0.202411081344/tools/bin/../lib/gcc/arm-none-eabi/13.3.1/../../../../arm-none-eabi/lib/thumb/v8-m.main+fp/hard\libc_nano.a(libc_a-findfp.o) (_fwalk_sglue)
C:/ST/STM32CubeIDE_1.14.1/STM32CubeIDE/plugins/com.st.stm32cube.ide.mcu.externaltools.gnu-tools-for-stm32.13.3.rel1.win32_1.0.0.202411081344/tools/bin/../lib/gcc/arm-none-eabi/13.3.1/../../../../arm-none-eabi/lib/thumb/v8-m.main+fp/hard\libc_nano.a(libc_a-snprintf.o)
                              ./Core/Src/app_freertos.o (snprintf)
C:/ST/STM32CubeIDE_1.14.1/STM32CubeIDE/plugins/com.st.stm32cube.ide.mcu.externaltools.gnu-tools-for-stm32.13.3.rel1.win32_1.0.0.202411081344/tools/bin/../lib/gcc/arm-none-eabi/13.3.1/../../../../arm-none-eabi/lib/thumb/v8-m.main+fp/hard\libc_nano.a(libc_a-stdio.o)
                              C:/ST/STM32CubeIDE_1.14.1/STM32CubeIDE/plugins/com.st.stm32cube.ide.mcu.externaltools.gnu-tools-for-stm32.13.3.rel1.win32_1.0.0.202411081344/tools/bin/../lib/gcc/arm-none-eabi/13.3.1/../../../../arm-none-eabi/lib/thumb/v8-m.main+fp/hard\libc_nano.a(libc_a-findfp.o) (__sread)
C:/ST/STM32CubeIDE_1.14.1/STM32CubeIDE/plugins/com.st.stm32cube.ide.mcu.externaltools.gnu-tools-for-stm32.13.3.rel1.win32_1.0.0.202411081344/tools/bin/../lib/gcc/arm-none-eabi/13.3.1/../../../../arm-none-eabi/lib/thumb/v8-m.main+fp/hard\libc_nano.a(libc_a-memset.o)
                              C:/ST/STM32CubeIDE_1.14.1/STM32CubeIDE/plugins/com.st.stm32cube.ide.mcu.externaltools.gnu-tools-for-stm32.13.3.rel1.win32_1.0.0.202411081344/tools/bin/../lib/gcc/arm-none-eabi/13.3.1/../../../../arm-none-eabi/lib/thumb/v8-m.main+fp/hard/crt0.o (memset)
C:/ST/STM32CubeIDE_1.14.1/STM32CubeIDE/plugins/com.st.stm32cube.ide.mcu.externaltools.gnu-tools-for-stm32.13.3.rel1.win32_1.0.0.202411081344/tools/bin/../lib/gcc/arm-none-eabi/13.3.1/../../../../arm-none-eabi/lib/thumb/v8-m.main+fp/hard\libc_nano.a(libc_a-closer.o)
                              C:/ST/STM32CubeIDE_1.14.1/STM32CubeIDE/plugins/com.st.stm32cube.ide.mcu.externaltools.gnu-tools-for-stm32.13.3.rel1.win32_1.0.0.202411081344/tools/bin/../lib/gcc/arm-none-eabi/13.3.1/../../../../arm-none-eabi/lib/thumb/v8-m.main+fp/hard\libc_nano.a(libc_a-stdio.o) (_close_r)
C:/ST/STM32CubeIDE_1.14.1/STM32CubeIDE/plugins/com.st.stm32cube.ide.mcu.externaltools.gnu-tools-for-stm32.13.3.rel1.win32_1.0.0.202411081344/tools/bin/../lib/gcc/arm-none-eabi/13.3.1/../../../../arm-none-eabi/lib/thumb/v8-m.main+fp/hard\libc_nano.a(libc_a-reent.o)
                              C:/ST/STM32CubeIDE_1.14.1/STM32CubeIDE/plugins/com.st.stm32cube.ide.mcu.externaltools.gnu-tools-for-stm32.13.3.rel1.win32_1.0.0.202411081344/tools/bin/../lib/gcc/arm-none-eabi/13.3.1/../../../../arm-none-eabi/lib/thumb/v8-m.main+fp/hard\libc_nano.a(libc_a-closer.o) (errno)
C:/ST/STM32CubeIDE_1.14.1/STM32CubeIDE/plugins/com.st.stm32cube.ide.mcu.externaltools.gnu-tools-for-stm32.13.3.rel1.win32_1.0.0.202411081344/tools/bin/../lib/gcc/arm-none-eabi/13.3.1/../../../../arm-none-eabi/lib/thumb/v8-m.main+fp/hard\libc_nano.a(libc_a-impure.o)
                              C:/ST/STM32CubeIDE_1.14.1/STM32CubeIDE/plugins/com.st.stm32cube.ide.mcu.externaltools.gnu-tools-for-stm32.13.3.rel1.win32_1.0.0.202411081344/tools/bin/../lib/gcc/arm-none-eabi/13.3.1/../../../../arm-none-eabi/lib/thumb/v8-m.main+fp/hard\libc_nano.a(libc_a-snprintf.o) (_impure_ptr)
[...]
Memory Configuration

Name             Origin             Length             Attributes
RAM              0x20000000         0x000a0000         xrw
FLASH            0x08000000         0x00200000         xr
*default*        0x00000000         0xffffffff

Linker script and memory map

LOAD C:/ST/STM32CubeIDE_1.14.1/STM32CubeIDE/plugins/com.st.stm32cube.ide.mcu.externaltools.gnu-tools-for-stm32.13.3.rel1.win32_1.0.0.202411081344/tools/bin/../lib/gcc/arm-none-eabi/13.3.1/thumb/v8-m.main+fp/hard/crti.o
LOAD C:/ST/STM32CubeIDE_1.14.1/STM32CubeIDE/plugins/com.st.stm32cube.ide.mcu.externaltools.gnu-tools-for-stm32.13.3.rel1.win32_1.0.0.202411081344/tools/bin/../lib/gcc/arm-none-eabi/13.3.1/thumb/v8-m.main+fp/hard/crtbegin.o
LOAD C:/ST/STM32CubeIDE_1.14.1/STM32CubeIDE/plugins/com.st.stm32cube.ide.mcu.externaltools.gnu-tools-for-stm32.13.3.rel1.win32_1.0.0.202411081344/tools/bin/../lib/gcc/arm-none-eabi/13.3.1/../../../../arm-none-eabi/lib/thumb/v8-m.main+fp/hard/crt0.o
LOAD ./Core/Src/app_freertos.o
LOAD ./Core/Src/gpio.o
LOAD ./Core/Src/i2c.o
LOAD ./Core/Src/icache.o
LOAD ./Core/Src/liquidcrystal_i2c.o
LOAD ./Core/Src/main.o
LOAD ./Core/Src/memorymap.o
LOAD ./Core/Src/parking_check.o
LOAD ./Core/Src/rtc.o
LOAD ./Core/Src/stm32h5xx_hal_msp.o
LOAD ./Core/Src/stm32h5xx_hal_timebase_tim.o
LOAD ./Core/Src/stm32h5xx_it.o
LOAD ./Core/Src/syscalls.o
LOAD ./Core/Src/sysmem.o
LOAD ./Core/Src/system_stm32h5xx.o
LOAD ./Core/Src/tim.o
LOAD ./Core/Startup/startup_stm32h563zitx.o
LOAD ./Drivers/STM32H5xx_HAL_Driver/Src/stm32h5xx_hal.o
LOAD ./Drivers/STM32H5xx_HAL_Driver/Src/stm32h5xx_hal_cortex.o
LOAD ./Drivers/STM32H5xx_HAL_Driver/Src/stm32h5xx_hal_dma.o
LOAD ./Drivers/STM32H5xx_HAL_Driver/Src/stm32h5xx_hal_dma_ex.o
LOAD ./Drivers/STM32H5xx_HAL_Driver/Src/stm32h5xx_hal_exti.o
LOAD ./Drivers/STM32H5xx_HAL_Driver/Src/stm32h5xx_hal_flash.o
LOAD ./Drivers/STM32H5xx_HAL_Driver/Src/stm32h5xx_hal_flash_ex.o
LOAD ./Drivers/STM32H5xx_HAL_Driver/Src/stm32h5xx_hal_gpio.o
LOAD ./Drivers/STM32H5xx_HAL_Driver/Src/stm32h5xx_hal_i2c.o
LOAD ./Drivers/STM32H5xx_HAL_Driver/Src/stm32h5xx_hal_i2c_ex.o
LOAD ./Drivers/STM32H5xx_HAL_Driver/Src/stm32h5xx_hal_icache.o
LOAD ./Drivers/STM32H5xx_HAL_Driver/Src/stm32h5xx_hal_pwr.o
LOAD ./Drivers/STM32H5xx_HAL_Driver/Src/stm32h5xx_hal_pwr_ex.o
LOAD ./Drivers/STM32H5xx_HAL_Driver/Src/stm32h5xx_hal_rcc.o
LOAD ./Drivers/STM32H5xx_HAL_Driver/Src/stm32h5xx_hal_rcc_ex.o
LOAD ./Drivers/STM32H5xx_HAL_Driver/Src/stm32h5xx_hal_rtc.o
LOAD ./Drivers/STM32H5xx_HAL_Driver/Src/stm32h5xx_hal_rtc_ex.o
LOAD ./Drivers/STM32H5xx_HAL_Driver/Src/stm32h5xx_hal_tim.o
LOAD ./Drivers/STM32H5xx_HAL_Driver/Src/stm32h5xx_hal_tim_ex.o
LOAD ./Middlewares/Third_Party/FreeRTOS/Source/CMSIS_RTOS_V2/cmsis_os2.o
LOAD ./Middlewares/Third_Party/FreeRTOS/Source/croutine.o
LOAD ./Middlewares/Third_Party/FreeRTOS/Source/event_groups.o
LOAD ./Middlewares/Third_Party/FreeRTOS/Source/list.o
LOAD ./Middlewares/Third_Party/FreeRTOS/Source/queue.o
LOAD ./Middlewares/Third_Party/FreeRTOS/Source/stream_buffer.o
LOAD ./Middlewares/Third_Party/FreeRTOS/Source/tasks.o
LOAD ./Middlewares/Third_Party/FreeRTOS/Source/timers.o
LOAD ./Middlewares/Third_Party/FreeRTOS/Source/portable/GCC/ARM_CM33_NTZ/non_secure/port.o
LOAD ./Middlewares/Third_Party/FreeRTOS/Source/portable/GCC/ARM_CM33_NTZ/non_secure/portasm.o
LOAD ./Middlewares/Third_Party/FreeRTOS/Source/portable/MemMang/heap_1.o
START GROUP
LOAD C:/ST/STM32CubeIDE_1.14.1/STM32CubeIDE/plugins/com.st.stm32cube.ide.mcu.externaltools.gnu-tools-for-stm32.13.3.rel1.win32_1.0.0.202411081344/tools/bin/../lib/gcc/arm-none-eabi/13.3.1/../../../../arm-none-eabi/lib/thumb/v8-m.main+fp/hard\libc_nano.a
LOAD C:/ST/STM32CubeIDE_1.14.1/STM32CubeIDE/plugins/com.st.stm32cube.ide.mcu.externaltools.gnu-tools-for-stm32.13.3.rel1.win32_1.0.0.202411081344/tools/bin/../lib/gcc/arm-none-eabi/13.3.1/../../../../arm-none-eabi/lib/thumb/v8-m.main+fp/hard\libm.a
END GROUP
START GROUP
LOAD C:/ST/STM32CubeIDE_1.14.1/STM32CubeIDE/plugins/com.st.stm32cube.ide.mcu.externaltools.gnu-tools-for-stm32.13.3.rel1.win32_1.0.0.202411081344/tools/bin/../lib/gcc/arm-none-eabi/13.3.1/thumb/v8-m.main+fp/hard\libgcc.a
LOAD C:/ST/STM32CubeIDE_1.14.1/STM32CubeIDE/plugins/com.st.stm32cube.ide.mcu.externaltools.gnu-tools-for-stm32.13.3.rel1.win32_1.0.0.202411081344/tools/bin/../lib/gcc/arm-none-eabi/13.3.1/../../../../arm-none-eabi/lib/thumb/v8-m.main+fp/hard\libc_nano.a
END GROUP
START GROUP
LOAD C:/ST/STM32CubeIDE_1.14.1/STM32CubeIDE/plugins/com.st.stm32cube.ide.mcu.externaltools.gnu-tools-for-stm32.13.3.rel1.win32_1.0.0.202411081344/tools/bin/../lib/gcc/arm-none-eabi/13.3.1/thumb/v8-m.main+fp/hard\libgcc.a
LOAD C:/ST/STM32CubeIDE_1.14.1/STM32CubeIDE/plugins/com.st.stm32cube.ide.mcu.externaltools.gnu-tools-for-stm32.13.3.rel1.win32_1.0.0.202411081344/tools/bin/../lib/gcc/arm-none-eabi/13.3.1/../../../../arm-none-eabi/lib/thumb/v8-m.main+fp/hard\libc_nano.a
LOAD C:/ST/STM32CubeIDE_1.14.1/STM32CubeIDE/plugins/com.st.stm32cube.ide.mcu.externaltools.gnu-tools-for-stm32.13.3.rel1.win32_1.0.0.202411081344/tools/bin/../lib/gcc/arm-none-eabi/13.3.1/../../../../arm-none-eabi/lib/thumb/v8-m.main+fp/hard\libnosys.a
END GROUP
START GROUP
LOAD C:/ST/STM32CubeIDE_1.14.1/STM32CubeIDE/plugins/com.st.stm32cube.ide.mcu.externaltools.gnu-tools-for-stm32.13.3.rel1.win32_1.0.0.202411081344/tools/bin/../lib/gcc/arm-none-eabi/13.3.1/thumb/v8-m.main+fp/hard\libgcc.a
LOAD C:/ST/STM32CubeIDE_1.14.1/STM32CubeIDE/plugins/com.st.stm32cube.ide.mcu.externaltools.gnu-tools-for-stm32.13.3.rel1.win32_1.0.0.202411081344/tools/bin/../lib/gcc/arm-none-eabi/13.3.1/../../../../arm-none-eabi/lib/thumb/v8-m.main+fp/hard\libc_nano.a
LOAD C:/ST/STM32CubeIDE_1.14.1/STM32CubeIDE/plugins/com.st.stm32cube.ide.mcu.externaltools.gnu-tools-for-stm32.13.3.rel1.win32_1.0.0.202411081344/tools/bin/../lib/gcc/arm-none-eabi/13.3.1/../../../../arm-none-eabi/lib/thumb/v8-m.main+fp/hard\libnosys.a
END GROUP
LOAD C:/ST/STM32CubeIDE_1.14.1/STM32CubeIDE/plugins/com.st.stm32cube.ide.mcu.externaltools.gnu-tools-for-stm32.13.3.rel1.win32_1.0.0.202411081344/tools/bin/../lib/gcc/arm-none-eabi/13.3.1/thumb/v8-m.main+fp/hard/crtend.o
LOAD C:/ST/STM32CubeIDE_1.14.1/STM32CubeIDE/plugins/com.st.stm32cube.ide.mcu.externaltools.gnu-tools-for-stm32.13.3.rel1.win32_1.0.0.202411081344/tools/bin/../lib/gcc/arm-none-eabi/13.3.1/thumb/v8-m.main+fp/hard/crtn.o
                0x200a0000                        _estack = (ORIGIN (RAM) + LENGTH (RAM))
                0x00000200                        _Min_Heap_Size = 0x200
                0x00000400                        _Min_Stack_Size = 0x400

.isr_vector     0x08000000      0x24c
                0x08000000                        . = ALIGN (0x4)
 *(.isr_vector)
 .isr_vector    0x08000000      0x24c ./Core/Startup/startup_stm32h563zitx.o
                0x08000000                g_pfnVectors
                0x0800024c                        . = ALIGN (0x4)

.text           0x08000250     0xad50
                0x08000250                        . = ALIGN (0x4)
 *(.text)
 .text          0x08000250       0x40 C:/ST/STM32CubeIDE_1.14.1/STM32CubeIDE/plugins/com.st.stm32cube.ide.mcu.externaltools.gnu-tools-for-stm32.13.3.rel1.win32_1.0.0.202411081344/tools/bin/../lib/gcc/arm-none-eabi/13.3.1/thumb/v8-m.main+fp/hard/crtbegin.o
 *(.text*)
 .text.MX_FREERTOS_Init
                0x08000290       0x40 ./Core/Src/app_freertos.o
                0x08000290                MX_FREERTOS_Init
 .text.StartRampControlTask
                0x080002d0       0xc0 ./Core/Src/app_freertos.o
                0x080002d0                StartRampControlTask
 .text.StartParkingControlTask
                0x08000390       0x8c ./Core/Src/app_freertos.o
                0x08000390                StartParkingControlTask
 .text.check_capacity
                0x0800041c       0x5c ./Core/Src/app_freertos.o
                0x0800041c                check_capacity
 .text.check_main_capacity
                0x08000478       0xdc ./Core/Src/app_freertos.o
                0x08000478                check_main_capacity
 .text.check_disabled_capacity
                0x08000554       0x64 ./Core/Src/app_freertos.o
                0x08000554                check_disabled_capacity
 .text.update_availability
                0x080005b8       0x50 ./Core/Src/app_freertos.o
                0x080005b8                update_availability
 .text.raise_ramp
                0x08000608      0x10c ./Core/Src/app_freertos.o
                0x08000608                raise_ramp
 .text.MX_GPIO_Init
                0x08000714      0x2a4 ./Core/Src/gpio.o
                0x08000714                MX_GPIO_Init
 .text.MX_I2C1_Init
                0x080009b8       0x80 ./Core/Src/i2c.o
                0x080009b8                MX_I2C1_Init
 .text.HAL_I2C_MspInit
                0x08000a38      0x11c ./Core/Src/i2c.o
                0x08000a38                HAL_I2C_MspInit
 .text.MX_ICACHE_Init
                0x08000b54        0xe ./Core/Src/icache.o
                0x08000b54                MX_ICACHE_Init
 *fill*         0x08000b62        0x2 
 .text.HD44780_Init
                0x08000b64      0x108 ./Core/Src/liquidcrystal_i2c.o
                0x08000b64                HD44780_Init
 .text.HD44780_Clear
                0x08000c6c       0x16 ./Core/Src/liquidcrystal_i2c.o
                0x08000c6c                HD44780_Clear
 .text.HD44780_Home
                0x08000c82       0x16 ./Core/Src/liquidcrystal_i2c.o
                0x08000c82                HD44780_Home
 .text.HD44780_SetCursor
                0x08000c98       0x64 ./Core/Src/liquidcrystal_i2c.o
                0x08000c98                HD44780_SetCursor
 .text.HD44780_Display
                0x08000cfc       0x2c ./Core/Src/liquidcrystal_i2c.o
                0x08000cfc                HD44780_Display
 .text.HD44780_CreateSpecialChar
                0x08000d28       0x54 ./Core/Src/liquidcrystal_i2c.o
                0x08000d28                HD44780_CreateSpecialChar
 .text.HD44780_PrintStr
                0x08000d7c       0x2a ./Core/Src/liquidcrystal_i2c.o
                0x08000d7c                HD44780_PrintStr
 .text.SendCommand
                0x08000da6       0x1c ./Core/Src/liquidcrystal_i2c.o
 .text.SendChar
                0x08000dc2       0x1c ./Core/Src/liquidcrystal_i2c.o
 .text.Send     0x08000dde       0x42 ./Core/Src/liquidcrystal_i2c.o
 .text.Write4Bits
                0x08000e20       0x22 ./Core/Src/liquidcrystal_i2c.o
 *fill*         0x08000e42        0x2 
 .text.ExpanderWrite
                0x08000e44       0x38 ./Core/Src/liquidcrystal_i2c.o
 .text.PulseEnable
                0x08000e7c       0x3a ./Core/Src/liquidcrystal_i2c.o
 *fill*         0x08000eb6        0x2 
 .text.DelayInit
                0x08000eb8       0x54 ./Core/Src/liquidcrystal_i2c.o
 .text.DelayUS  0x08000f0c       0x50 ./Core/Src/liquidcrystal_i2c.o
 .text.main     0x08000f5c       0x54 ./Core/Src/main.o
                0x08000f5c                main
 .text.SystemClock_Config
                0x08000fb0       0xec ./Core/Src/main.o
                0x08000fb0                SystemClock_Config
 .text.HAL_TIM_PeriodElapsedCallback
                0x0800109c      0x11c ./Core/Src/main.o
                0x0800109c                HAL_TIM_PeriodElapsedCallback
 .text.Error_Handler
                0x080011b8        0xc ./Core/Src/main.o
                0x080011b8                Error_Handler
 .text.check_parking1
                0x080011c4       0xb8 ./Core/Src/parking_check.o
                0x080011c4                check_parking1
 .text.check_parking2
                0x0800127c       0xb8 ./Core/Src/parking_check.o
                0x0800127c                check_parking2
 .text.check_parking3
                0x08001334       0xb4 ./Core/Src/parking_check.o
                0x08001334                check_parking3
 .text.check_parking4
                0x080013e8       0xb8 ./Core/Src/parking_check.o
                0x080013e8                check_parking4
 .text.check_parking5
                0x080014a0       0xbc ./Core/Src/parking_check.o
                0x080014a0                check_parking5
 .text.check_parking6
                0x0800155c       0xb4 ./Core/Src/parking_check.o
                0x0800155c                check_parking6
 .text.check_parking7
                0x08001610       0xb4 ./Core/Src/parking_check.o
                0x08001610                check_parking7
 .text.check_parking8
                0x080016c4       0xbc ./Core/Src/parking_check.o
                0x080016c4                check_parking8
 .text.check_parking9
                0x08001780       0xbc ./Core/Src/parking_check.o
                0x08001780                check_parking9
 .text.check_parking10
                0x0800183c       0xb8 ./Core/Src/parking_check.o
                0x0800183c                check_parking10
 .text.check_parking11
                0x080018f4       0xb0 ./Core/Src/parking_check.o
                0x080018f4                check_parking11
 .text.check_parking12
                0x080019a4       0xb4 ./Core/Src/parking_check.o
                0x080019a4                check_parking12
 .text.MX_RTC_Init
                0x08001a58      0x104 ./Core/Src/rtc.o
                0x08001a58                MX_RTC_Init
 .text.HAL_RTC_MspInit
                0x08001b5c       0xc0 ./Core/Src/rtc.o
                0x08001b5c                HAL_RTC_MspInit
 .text.HAL_MspInit
                0x08001c1c       0x14 ./Core/Src/stm32h5xx_hal_msp.o
                0x08001c1c                HAL_MspInit
 .text.HAL_InitTick
                0x08001c30       0xec ./Core/Src/stm32h5xx_hal_timebase_tim.o
                0x08001c30                HAL_InitTick
 .text.NMI_Handler
                0x08001d1c        0x8 ./Core/Src/stm32h5xx_it.o
                0x08001d1c                NMI_Handler
 .text.HardFault_Handler
                0x08001d24        0x8 ./Core/Src/stm32h5xx_it.o
                0x08001d24                HardFault_Handler
 .text.MemManage_Handler
                0x08001d2c        0x8 ./Core/Src/stm32h5xx_it.o
                0x08001d2c                MemManage_Handler
 .text.BusFault_Handler
                0x08001d34        0x8 ./Core/Src/stm32h5xx_it.o
                0x08001d34                BusFault_Handler
 .text.UsageFault_Handler
                0x08001d3c        0x8 ./Core/Src/stm32h5xx_it.o
                0x08001d3c                UsageFault_Handler
 .text.DebugMon_Handler
                0x08001d44        0xe ./Core/Src/stm32h5xx_it.o
                0x08001d44                DebugMon_Handler
 *fill*         0x08001d52        0x2 
 .text.TIM6_IRQHandler
                0x08001d54       0x14 ./Core/Src/stm32h5xx_it.o
                0x08001d54                TIM6_IRQHandler
 .text.TIM7_IRQHandler
                0x08001d68       0x14 ./Core/Src/stm32h5xx_it.o
                0x08001d68                TIM7_IRQHandler
 .text._sbrk    0x08001d7c       0x6c ./Core/Src/sysmem.o
                0x08001d7c                _sbrk
 .text.SystemInit
                0x08001de8       0xf8 ./Core/Src/system_stm32h5xx.o
                0x08001de8                SystemInit
 .text.MX_TIM3_Init
                0x08001ee0      0x108 ./Core/Src/tim.o
                0x08001ee0                MX_TIM3_Init
 .text.MX_TIM7_Init
                0x08001fe8       0x70 ./Core/Src/tim.o
                0x08001fe8                MX_TIM7_Init
 .text.HAL_TIM_Base_MspInit
                0x08002058       0x80 ./Core/Src/tim.o
                0x08002058                HAL_TIM_Base_MspInit
 .text.HAL_TIM_MspPostInit
                0x080020d8       0x74 ./Core/Src/tim.o
                0x080020d8                HAL_TIM_MspPostInit
 .text.Reset_Handler
                0x0800214c       0x50 ./Core/Startup/startup_stm32h563zitx.o
                0x0800214c                Reset_Handler
 .text.Default_Handler
                0x0800219c        0x2 ./Core/Startup/startup_stm32h563zitx.o
                0x0800219c                EXTI2_IRQHandler
                0x0800219c                TIM8_TRG_COM_IRQHandler
                0x0800219c                TIM8_CC_IRQHandler
                0x0800219c                EXTI5_IRQHandler
                0x0800219c                I3C1_ER_IRQHandler
                0x0800219c                UART8_IRQHandler
                0x0800219c                SPI4_IRQHandler
                0x0800219c                GPDMA2_Channel1_IRQHandler
                0x0800219c                FLASH_S_IRQHandler
                0x0800219c                EXTI13_IRQHandler
                0x0800219c                TIM1_CC_IRQHandler
                0x0800219c                GPDMA2_Channel3_IRQHandler
                0x0800219c                TAMP_IRQHandler
                0x0800219c                EXTI12_IRQHandler
                0x0800219c                CORDIC_IRQHandler
                0x0800219c                USB_DRD_FS_IRQHandler
                0x0800219c                EXTI3_IRQHandler
                0x0800219c                LPTIM4_IRQHandler
                0x0800219c                GPDMA1_Channel5_IRQHandler
                0x0800219c                EXTI8_IRQHandler
                0x0800219c                GPDMA2_Channel5_IRQHandler
                0x0800219c                LPTIM2_IRQHandler
                0x0800219c                I2C3_ER_IRQHandler
                0x0800219c                GPDMA2_Channel2_IRQHandler
                0x0800219c                USART10_IRQHandler
                0x0800219c                LPTIM3_IRQHandler
                0x0800219c                EXTI0_IRQHandler
                0x0800219c                I2C2_EV_IRQHandler
                0x0800219c                FPU_IRQHandler
                0x0800219c                GPDMA1_Channel3_IRQHandler
                0x0800219c                GPDMA1_Channel7_IRQHandler
                0x0800219c                FDCAN1_IT1_IRQHandler
                0x0800219c                RAMCFG_IRQHandler
                0x0800219c                DCACHE1_IRQHandler
                0x0800219c                SPI1_IRQHandler
                0x0800219c                OCTOSPI1_IRQHandler
                0x0800219c                GPDMA1_Channel2_IRQHandler
                0x0800219c                TIM8_UP_IRQHandler
                0x0800219c                RCC_S_IRQHandler
                0x0800219c                SAI2_IRQHandler
                0x0800219c                ADC1_IRQHandler
                0x0800219c                USART6_IRQHandler
                0x0800219c                EXTI15_IRQHandler
                0x0800219c                TIM17_IRQHandler
                0x0800219c                USART3_IRQHandler
                0x0800219c                RTC_IRQHandler
                0x0800219c                EXTI9_IRQHandler
                0x0800219c                LPTIM5_IRQHandler
                0x0800219c                UART5_IRQHandler
                0x0800219c                TIM4_IRQHandler
                0x0800219c                I2C1_EV_IRQHandler
                0x0800219c                GPDMA1_Channel1_IRQHandler
                0x0800219c                TIM16_IRQHandler
                0x0800219c                UART4_IRQHandler
                0x0800219c                SecureFault_Handler
                0x0800219c                TIM3_IRQHandler
                0x0800219c                RCC_IRQHandler
                0x0800219c                UART9_IRQHandler
                0x0800219c                TIM1_TRG_COM_IRQHandler
                0x0800219c                Default_Handler
                0x0800219c                FMAC_IRQHandler
                0x0800219c                CEC_IRQHandler
                0x0800219c                USART11_IRQHandler
                0x0800219c                TIM14_IRQHandler
                0x0800219c                TIM13_IRQHandler
                0x0800219c                GPDMA2_Channel4_IRQHandler
                0x0800219c                SPI5_IRQHandler
                0x0800219c                TIM12_IRQHandler
                0x0800219c                SDMMC1_IRQHandler
                0x0800219c                TIM5_IRQHandler
                0x0800219c                UCPD1_IRQHandler
                0x0800219c                GPDMA1_Channel0_IRQHandler
                0x0800219c                I3C1_EV_IRQHandler
                0x0800219c                TIM15_IRQHandler
                0x0800219c                PVD_AVD_IRQHandler
                0x0800219c                I2C3_EV_IRQHandler
                0x0800219c                ETH_WKUP_IRQHandler
                0x0800219c                ADC2_IRQHandler
                0x0800219c                SPI2_IRQHandler
                0x0800219c                EXTI14_IRQHandler
                0x0800219c                EXTI11_IRQHandler
                0x0800219c                CRS_IRQHandler
                0x0800219c                EXTI4_IRQHandler
                0x0800219c                GPDMA2_Channel0_IRQHandler
                0x0800219c                RTC_S_IRQHandler
                0x0800219c                RNG_IRQHandler
                0x0800219c                FDCAN2_IT1_IRQHandler
                0x0800219c                ETH_IRQHandler
                0x0800219c                GPDMA2_Channel6_IRQHandler
                0x0800219c                TIM1_UP_IRQHandler
                0x0800219c                UART12_IRQHandler
                0x0800219c                WWDG_IRQHandler
                0x0800219c                SPI6_IRQHandler
                0x0800219c                I2C4_EV_IRQHandler
                0x0800219c                FDCAN2_IT0_IRQHandler
                0x0800219c                IWDG_IRQHandler
                0x0800219c                LPUART1_IRQHandler
                0x0800219c                FDCAN1_IT0_IRQHandler
                0x0800219c                TIM2_IRQHandler
                0x0800219c                GPDMA1_Channel4_IRQHandler
                0x0800219c                EXTI7_IRQHandler
                0x0800219c                TIM1_BRK_IRQHandler
                0x0800219c                EXTI1_IRQHandler
                0x0800219c                SDMMC2_IRQHandler
                0x0800219c                LPTIM6_IRQHandler
                0x0800219c                DAC1_IRQHandler
                0x0800219c                DTS_IRQHandler
                0x0800219c                UART7_IRQHandler
                0x0800219c                GTZC_IRQHandler
                0x0800219c                USART2_IRQHandler
                0x0800219c                GPDMA1_Channel6_IRQHandler
                0x0800219c                GPDMA2_Channel7_IRQHandler
                0x0800219c                I2C2_ER_IRQHandler
                0x0800219c                TIM8_BRK_IRQHandler
                0x0800219c                FLASH_IRQHandler
                0x0800219c                USART1_IRQHandler
                0x0800219c                EXTI10_IRQHandler
                0x0800219c                SPI3_IRQHandler
                0x0800219c                I2C1_ER_IRQHandler
                0x0800219c                FMC_IRQHandler
                0x0800219c                EXTI6_IRQHandler
                0x0800219c                LPTIM1_IRQHandler
                0x0800219c                DCMI_PSSI_IRQHandler
                0x0800219c                I2C4_ER_IRQHandler
                0x0800219c                ICACHE_IRQHandler
                0x0800219c                SAI1_IRQHandler
                0x0800219c                HASH_IRQHandler
 *fill*         0x0800219e        0x2 
 .text.HAL_Init
                0x080021a0       0x50 ./Drivers/STM32H5xx_HAL_Driver/Src/stm32h5xx_hal.o
                0x080021a0                HAL_Init
 .text.HAL_IncTick
                0x080021f0       0x28 ./Drivers/STM32H5xx_HAL_Driver/Src/stm32h5xx_hal.o
                0x080021f0                HAL_IncTick
 .text.HAL_GetTick
                0x08002218       0x18 ./Drivers/STM32H5xx_HAL_Driver/Src/stm32h5xx_hal.o
                0x08002218                HAL_GetTick
 .text.HAL_Delay
                0x08002230       0x48 ./Drivers/STM32H5xx_HAL_Driver/Src/stm32h5xx_hal.o
                0x08002230                HAL_Delay
 .text.__NVIC_SetPriorityGrouping
                0x08002278       0x48 ./Drivers/STM32H5xx_HAL_Driver/Src/stm32h5xx_hal_cortex.o
 .text.__NVIC_GetPriorityGrouping
                0x080022c0       0x1c ./Drivers/STM32H5xx_HAL_Driver/Src/stm32h5xx_hal_cortex.o
 .text.__NVIC_EnableIRQ
                0x080022dc       0x3c ./Drivers/STM32H5xx_HAL_Driver/Src/stm32h5xx_hal_cortex.o
 .text.__NVIC_SetPriority
                0x08002318       0x54 ./Drivers/STM32H5xx_HAL_Driver/Src/stm32h5xx_hal_cortex.o
 .text.NVIC_EncodePriority
                0x0800236c       0x66 ./Drivers/STM32H5xx_HAL_Driver/Src/stm32h5xx_hal_cortex.o
 .text.HAL_NVIC_SetPriorityGrouping
                0x080023d2       0x16 ./Drivers/STM32H5xx_HAL_Driver/Src/stm32h5xx_hal_cortex.o
                0x080023d2                HAL_NVIC_SetPriorityGrouping
 .text.HAL_NVIC_SetPriority
                0x080023e8       0x34 ./Drivers/STM32H5xx_HAL_Driver/Src/stm32h5xx_hal_cortex.o
                0x080023e8                HAL_NVIC_SetPriority
 .text.HAL_NVIC_EnableIRQ
                0x0800241c       0x1c ./Drivers/STM32H5xx_HAL_Driver/Src/stm32h5xx_hal_cortex.o
                0x0800241c                HAL_NVIC_EnableIRQ
 .text.HAL_SYSTICK_CLKSourceConfig
                0x08002438       0xb0 ./Drivers/STM32H5xx_HAL_Driver/Src/stm32h5xx_hal_cortex.o
                0x08002438                HAL_SYSTICK_CLKSourceConfig
 .text.HAL_GPIO_Init
                0x080024e8      0x2bc ./Drivers/STM32H5xx_HAL_Driver/Src/stm32h5xx_hal_gpio.o
                0x080024e8                HAL_GPIO_Init
 .text.HAL_GPIO_ReadPin
                0x080027a4       0x30 ./Drivers/STM32H5xx_HAL_Driver/Src/stm32h5xx_hal_gpio.o
                0x080027a4                HAL_GPIO_ReadPin
 .text.HAL_GPIO_WritePin
                0x080027d4       0x30 ./Drivers/STM32H5xx_HAL_Driver/Src/stm32h5xx_hal_gpio.o
                0x080027d4                HAL_GPIO_WritePin
 .text.HAL_GPIO_TogglePin
                0x08002804       0x34 ./Drivers/STM32H5xx_HAL_Driver/Src/stm32h5xx_hal_gpio.o
                0x08002804                HAL_GPIO_TogglePin
 .text.HAL_I2C_Init
                0x08002838      0x136 ./Drivers/STM32H5xx_HAL_Driver/Src/stm32h5xx_hal_i2c.o
                0x08002838                HAL_I2C_Init
 *fill*         0x0800296e        0x2 
 .text.HAL_I2C_Master_Transmit
                0x08002970      0x1e8 ./Drivers/STM32H5xx_HAL_Driver/Src/stm32h5xx_hal_i2c.o
                0x08002970                HAL_I2C_Master_Transmit
 .text.I2C_Flush_TXDR
                0x08002b58       0x48 ./Drivers/STM32H5xx_HAL_Driver/Src/stm32h5xx_hal_i2c.o
 .text.I2C_WaitOnFlagUntilTimeout
                0x08002ba0       0xb2 ./Drivers/STM32H5xx_HAL_Driver/Src/stm32h5xx_hal_i2c.o
 .text.I2C_WaitOnTXISFlagUntilTimeout
                0x08002c52       0x8e ./Drivers/STM32H5xx_HAL_Driver/Src/stm32h5xx_hal_i2c.o
 .text.I2C_WaitOnSTOPFlagUntilTimeout
                0x08002ce0       0x86 ./Drivers/STM32H5xx_HAL_Driver/Src/stm32h5xx_hal_i2c.o
 *fill*         0x08002d66        0x2 
 .text.I2C_IsErrorOccurred
                0x08002d68      0x1c0 ./Drivers/STM32H5xx_HAL_Driver/Src/stm32h5xx_hal_i2c.o
 .text.I2C_TransferConfig
                0x08002f28       0x64 ./Drivers/STM32H5xx_HAL_Driver/Src/stm32h5xx_hal_i2c.o
 .text.HAL_I2CEx_ConfigAnalogFilter
                0x08002f8c       0x96 ./Drivers/STM32H5xx_HAL_Driver/Src/stm32h5xx_hal_i2c_ex.o
                0x08002f8c                HAL_I2CEx_ConfigAnalogFilter
 .text.HAL_I2CEx_ConfigDigitalFilter
                0x08003022       0x98 ./Drivers/STM32H5xx_HAL_Driver/Src/stm32h5xx_hal_i2c_ex.o
                0x08003022                HAL_I2CEx_ConfigDigitalFilter
 *fill*         0x080030ba        0x2 
 .text.HAL_RCC_OscConfig
                0x080030bc      0x870 ./Drivers/STM32H5xx_HAL_Driver/Src/stm32h5xx_hal_rcc.o
                0x080030bc                HAL_RCC_OscConfig
 .text.HAL_RCC_ClockConfig
                0x0800392c      0x370 ./Drivers/STM32H5xx_HAL_Driver/Src/stm32h5xx_hal_rcc.o
                0x0800392c                HAL_RCC_ClockConfig
 .text.HAL_RCC_GetSysClockFreq
                0x08003c9c      0x258 ./Drivers/STM32H5xx_HAL_Driver/Src/stm32h5xx_hal_rcc.o
                0x08003c9c                HAL_RCC_GetSysClockFreq
 .text.HAL_RCC_GetHCLKFreq
                0x08003ef4       0x38 ./Drivers/STM32H5xx_HAL_Driver/Src/stm32h5xx_hal_rcc.o
                0x08003ef4                HAL_RCC_GetHCLKFreq
 .text.HAL_RCC_GetPCLK1Freq
                0x08003f2c       0x2c ./Drivers/STM32H5xx_HAL_Driver/Src/stm32h5xx_hal_rcc.o
                0x08003f2c                HAL_RCC_GetPCLK1Freq
 .text.HAL_RCC_GetClockConfig
                0x08003f58       0x70 ./Drivers/STM32H5xx_HAL_Driver/Src/stm32h5xx_hal_rcc.o
                0x08003f58                HAL_RCC_GetClockConfig
 .text.HAL_RCCEx_PeriphCLKConfig
                0x08003fc8     0x1f14 ./Drivers/STM32H5xx_HAL_Driver/Src/stm32h5xx_hal_rcc_ex.o
                0x08003fc8                HAL_RCCEx_PeriphCLKConfig
 .text.RCCEx_PLL2_Config
                0x08005edc      0x130 ./Drivers/STM32H5xx_HAL_Driver/Src/stm32h5xx_hal_rcc_ex.o
 .text.RCCEx_PLL3_Config
                0x0800600c      0x130 ./Drivers/STM32H5xx_HAL_Driver/Src/stm32h5xx_hal_rcc_ex.o
 .text.HAL_RTC_Init
                0x0800613c      0x104 ./Drivers/STM32H5xx_HAL_Driver/Src/stm32h5xx_hal_rtc.o
                0x0800613c                HAL_RTC_Init
 .text.HAL_RTC_SetTime
                0x08006240      0x124 ./Drivers/STM32H5xx_HAL_Driver/Src/stm32h5xx_hal_rtc.o
                0x08006240                HAL_RTC_SetTime
 .text.HAL_RTC_GetTime
                0x08006364       0xc4 ./Drivers/STM32H5xx_HAL_Driver/Src/stm32h5xx_hal_rtc.o
                0x08006364                HAL_RTC_GetTime
 .text.HAL_RTC_SetDate
                0x08006428      0x10c ./Drivers/STM32H5xx_HAL_Driver/Src/stm32h5xx_hal_rtc.o
                0x08006428                HAL_RTC_SetDate
 .text.HAL_RTC_GetDate
                0x08006534       0x9c ./Drivers/STM32H5xx_HAL_Driver/Src/stm32h5xx_hal_rtc.o
                0x08006534                HAL_RTC_GetDate
 .text.HAL_RTC_WaitForSynchro
                0x080065d0       0x64 ./Drivers/STM32H5xx_HAL_Driver/Src/stm32h5xx_hal_rtc.o
                0x080065d0                HAL_RTC_WaitForSynchro
 .text.RTC_EnterInitMode
                0x08006634       0x78 ./Drivers/STM32H5xx_HAL_Driver/Src/stm32h5xx_hal_rtc.o
                0x08006634                RTC_EnterInitMode
 .text.RTC_ExitInitMode
                0x080066ac       0x7c ./Drivers/STM32H5xx_HAL_Driver/Src/stm32h5xx_hal_rtc.o
                0x080066ac                RTC_ExitInitMode
 .text.RTC_ByteToBcd2
                0x08006728       0x40 ./Drivers/STM32H5xx_HAL_Driver/Src/stm32h5xx_hal_rtc.o
                0x08006728                RTC_ByteToBcd2
 .text.RTC_Bcd2ToByte
                0x08006768       0x38 ./Drivers/STM32H5xx_HAL_Driver/Src/stm32h5xx_hal_rtc.o
                0x08006768                RTC_Bcd2ToByte
 .text.HAL_RTCEx_PrivilegeModeSet
                0x080067a0       0x5c ./Drivers/STM32H5xx_HAL_Driver/Src/stm32h5xx_hal_rtc_ex.o
                0x080067a0                HAL_RTCEx_PrivilegeModeSet
 .text.HAL_TIM_Base_Init
                0x080067fc       0xae ./Drivers/STM32H5xx_HAL_Driver/Src/stm32h5xx_hal_tim.o
                0x080067fc                HAL_TIM_Base_Init
 *fill*         0x080068aa        0x2 
 .text.HAL_TIM_Base_Start_IT
                0x080068ac      0x15c ./Drivers/STM32H5xx_HAL_Driver/Src/stm32h5xx_hal_tim.o
                0x080068ac                HAL_TIM_Base_Start_IT
 .text.HAL_TIM_PWM_Init
                0x08006a08       0xae ./Drivers/STM32H5xx_HAL_Driver/Src/stm32h5xx_hal_tim.o
                0x08006a08                HAL_TIM_PWM_Init
 .text.HAL_TIM_PWM_MspInit
                0x08006ab6       0x14 ./Drivers/STM32H5xx_HAL_Driver/Src/stm32h5xx_hal_tim.o
                0x08006ab6                HAL_TIM_PWM_MspInit
 *fill*         0x08006aca        0x2 
 .text.HAL_TIM_PWM_Start
                0x08006acc      0x2c0 ./Drivers/STM32H5xx_HAL_Driver/Src/stm32h5xx_hal_tim.o
                0x08006acc                HAL_TIM_PWM_Start
 .text.HAL_TIM_IRQHandler
                0x08006d8c      0x29e ./Drivers/STM32H5xx_HAL_Driver/Src/stm32h5xx_hal_tim.o
                0x08006d8c                HAL_TIM_IRQHandler
 *fill*         0x0800702a        0x2 
 .text.HAL_TIM_PWM_ConfigChannel
                0x0800702c      0x228 ./Drivers/STM32H5xx_HAL_Driver/Src/stm32h5xx_hal_tim.o
                0x0800702c                HAL_TIM_PWM_ConfigChannel
 .text.HAL_TIM_ConfigClockSource
                0x08007254      0x23c ./Drivers/STM32H5xx_HAL_Driver/Src/stm32h5xx_hal_tim.o
                0x08007254                HAL_TIM_ConfigClockSource
 .text.HAL_TIM_OC_DelayElapsedCallback
                0x08007490       0x14 ./Drivers/STM32H5xx_HAL_Driver/Src/stm32h5xx_hal_tim.o
                0x08007490                HAL_TIM_OC_DelayElapsedCallback
 .text.HAL_TIM_IC_CaptureCallback
                0x080074a4       0x14 ./Drivers/STM32H5xx_HAL_Driver/Src/stm32h5xx_hal_tim.o
                0x080074a4                HAL_TIM_IC_CaptureCallback
 .text.HAL_TIM_PWM_PulseFinishedCallback
                0x080074b8       0x14 ./Drivers/STM32H5xx_HAL_Driver/Src/stm32h5xx_hal_tim.o
                0x080074b8                HAL_TIM_PWM_PulseFinishedCallback
 .text.HAL_TIM_TriggerCallback
                0x080074cc       0x14 ./Drivers/STM32H5xx_HAL_Driver/Src/stm32h5xx_hal_tim.o
                0x080074cc                HAL_TIM_TriggerCallback
 .text.TIM_Base_SetConfig
                0x080074e0      0x254 ./Drivers/STM32H5xx_HAL_Driver/Src/stm32h5xx_hal_tim.o
                0x080074e0                TIM_Base_SetConfig
 .text.TIM_OC1_SetConfig
                0x08007734      0x184 ./Drivers/STM32H5xx_HAL_Driver/Src/stm32h5xx_hal_tim.o
 .text.TIM_OC2_SetConfig
                0x080078b8      0x160 ./Drivers/STM32H5xx_HAL_Driver/Src/stm32h5xx_hal_tim.o
                0x080078b8                TIM_OC2_SetConfig
 .text.TIM_OC3_SetConfig
                0x08007a18      0x15c ./Drivers/STM32H5xx_HAL_Driver/Src/stm32h5xx_hal_tim.o
 .text.TIM_OC4_SetConfig
                0x08007b74      0x160 ./Drivers/STM32H5xx_HAL_Driver/Src/stm32h5xx_hal_tim.o
 .text.TIM_OC5_SetConfig
                0x08007cd4      0x104 ./Drivers/STM32H5xx_HAL_Driver/Src/stm32h5xx_hal_tim.o
 .text.TIM_OC6_SetConfig
                0x08007dd8      0x108 ./Drivers/STM32H5xx_HAL_Driver/Src/stm32h5xx_hal_tim.o
 .text.TIM_TI1_ConfigInputStage
                0x08007ee0       0x5e ./Drivers/STM32H5xx_HAL_Driver/Src/stm32h5xx_hal_tim.o
 .text.TIM_TI2_ConfigInputStage
                0x08007f3e       0x60 ./Drivers/STM32H5xx_HAL_Driver/Src/stm32h5xx_hal_tim.o
 .text.TIM_ITRx_SetConfig
                0x08007f9e       0x3a ./Drivers/STM32H5xx_HAL_Driver/Src/stm32h5xx_hal_tim.o
 .text.TIM_ETR_SetConfig
                0x08007fd8       0x40 ./Drivers/STM32H5xx_HAL_Driver/Src/stm32h5xx_hal_tim.o
                0x08007fd8                TIM_ETR_SetConfig
 .text.TIM_CCxChannelCmd
                0x08008018       0x4a ./Drivers/STM32H5xx_HAL_Driver/Src/stm32h5xx_hal_tim.o
                0x08008018                TIM_CCxChannelCmd
 *fill*         0x08008062        0x2 
 .text.HAL_TIMEx_MasterConfigSynchronization
                0x08008064      0x1a0 ./Drivers/STM32H5xx_HAL_Driver/Src/stm32h5xx_hal_tim_ex.o
                0x08008064                HAL_TIMEx_MasterConfigSynchronization
 .text.HAL_TIMEx_CommutCallback
                0x08008204       0x14 ./Drivers/STM32H5xx_HAL_Driver/Src/stm32h5xx_hal_tim_ex.o
                0x08008204                HAL_TIMEx_CommutCallback
 .text.HAL_TIMEx_BreakCallback
                0x08008218       0x14 ./Drivers/STM32H5xx_HAL_Driver/Src/stm32h5xx_hal_tim_ex.o
                0x08008218                HAL_TIMEx_BreakCallback
 .text.HAL_TIMEx_Break2Callback
                0x0800822c       0x14 ./Drivers/STM32H5xx_HAL_Driver/Src/stm32h5xx_hal_tim_ex.o
                0x0800822c                HAL_TIMEx_Break2Callback
 .text.HAL_TIMEx_EncoderIndexCallback
                0x08008240       0x14 ./Drivers/STM32H5xx_HAL_Driver/Src/stm32h5xx_hal_tim_ex.o
                0x08008240                HAL_TIMEx_EncoderIndexCallback
 .text.HAL_TIMEx_DirectionChangeCallback
                0x08008254       0x14 ./Drivers/STM32H5xx_HAL_Driver/Src/stm32h5xx_hal_tim_ex.o
                0x08008254                HAL_TIMEx_DirectionChangeCallback
 .text.HAL_TIMEx_IndexErrorCallback
                0x08008268       0x14 ./Drivers/STM32H5xx_HAL_Driver/Src/stm32h5xx_hal_tim_ex.o
                0x08008268                HAL_TIMEx_IndexErrorCallback
 .text.HAL_TIMEx_TransitionErrorCallback
                0x0800827c       0x14 ./Drivers/STM32H5xx_HAL_Driver/Src/stm32h5xx_hal_tim_ex.o
                0x0800827c                HAL_TIMEx_TransitionErrorCallback
 .text.__NVIC_SetPriority
                0x08008290       0x54 ./Middlewares/Third_Party/FreeRTOS/Source/CMSIS_RTOS_V2/cmsis_os2.o
 .text.SysTick_Handler
                0x080082e4       0x20 ./Middlewares/Third_Party/FreeRTOS/Source/CMSIS_RTOS_V2/cmsis_os2.o
                0x080082e4                SysTick_Handler
 .text.SVC_Setup
                0x08008304       0x12 ./Middlewares/Third_Party/FreeRTOS/Source/CMSIS_RTOS_V2/cmsis_os2.o
 .text.IRQ_Context
                0x08008316       0x4e ./Middlewares/Third_Party/FreeRTOS/Source/CMSIS_RTOS_V2/cmsis_os2.o
 .text.osKernelInitialize
                0x08008364       0x4c ./Middlewares/Third_Party/FreeRTOS/Source/CMSIS_RTOS_V2/cmsis_os2.o
                0x08008364                osKernelInitialize
 .text.osKernelStart
                0x080083b0       0x54 ./Middlewares/Third_Party/FreeRTOS/Source/CMSIS_RTOS_V2/cmsis_os2.o
                0x080083b0                osKernelStart
 .text.osThreadNew
                0x08008404      0x122 ./Middlewares/Third_Party/FreeRTOS/Source/CMSIS_RTOS_V2/cmsis_os2.o
                0x08008404                osThreadNew
 .text.osDelay  0x08008526       0x34 ./Middlewares/Third_Party/FreeRTOS/Source/CMSIS_RTOS_V2/cmsis_os2.o
                0x08008526                osDelay
 *fill*         0x0800855a        0x2 
 .text.vApplicationGetIdleTaskMemory
                0x0800855c       0x34 ./Middlewares/Third_Party/FreeRTOS/Source/CMSIS_RTOS_V2/cmsis_os2.o
                0x0800855c                vApplicationGetIdleTaskMemory
 .text.vApplicationGetTimerTaskMemory
                0x08008590       0x34 ./Middlewares/Third_Party/FreeRTOS/Source/CMSIS_RTOS_V2/cmsis_os2.o
                0x08008590                vApplicationGetTimerTaskMemory
 .text.vListInitialise
                0x080085c4       0x40 ./Middlewares/Third_Party/FreeRTOS/Source/list.o
                0x080085c4                vListInitialise
 .text.vListInitialiseItem
                0x08008604       0x1a ./Middlewares/Third_Party/FreeRTOS/Source/list.o
                0x08008604                vListInitialiseItem
 .text.vListInsert
                0x0800861e       0x72 ./Middlewares/Third_Party/FreeRTOS/Source/list.o
                0x0800861e                vListInsert
 .text.uxListRemove
                0x08008690       0x54 ./Middlewares/Third_Party/FreeRTOS/Source/list.o
                0x08008690                uxListRemove
 .text.xQueueGenericReset
                0x080086e4       0xf2 ./Middlewares/Third_Party/FreeRTOS/Source/queue.o
                0x080086e4                xQueueGenericReset
 .text.xQueueGenericCreateStatic
                0x080087d6       0x92 ./Middlewares/Third_Party/FreeRTOS/Source/queue.o
                0x080087d6                xQueueGenericCreateStatic
 .text.prvInitialiseNewQueue
                0x08008868       0x46 ./Middlewares/Third_Party/FreeRTOS/Source/queue.o
 .text.xQueueReceive
                0x080088ae      0x178 ./Middlewares/Third_Party/FreeRTOS/Source/queue.o
                0x080088ae                xQueueReceive
 .text.prvCopyDataFromQueue
                0x08008a26       0x4c ./Middlewares/Third_Party/FreeRTOS/Source/queue.o
 .text.prvUnlockQueue
                0x08008a72       0xa4 ./Middlewares/Third_Party/FreeRTOS/Source/queue.o
 .text.prvIsQueueEmpty
                0x08008b16       0x2c ./Middlewares/Third_Party/FreeRTOS/Source/queue.o
 *fill*         0x08008b42        0x2 
 .text.vQueueAddToRegistry
                0x08008b44       0x8c ./Middlewares/Third_Party/FreeRTOS/Source/queue.o
                0x08008b44                vQueueAddToRegistry
 .text.vQueueWaitForMessageRestricted
                0x08008bd0       0x68 ./Middlewares/Third_Party/FreeRTOS/Source/queue.o
                0x08008bd0                vQueueWaitForMessageRestricted
 .text.xTaskCreateStatic
                0x08008c38       0x9a ./Middlewares/Third_Party/FreeRTOS/Source/tasks.o
                0x08008c38                xTaskCreateStatic
 .text.xTaskCreate
                0x08008cd2       0x94 ./Middlewares/Third_Party/FreeRTOS/Source/tasks.o
                0x08008cd2                xTaskCreate
 .text.prvInitialiseNewTask
                0x08008d66      0x104 ./Middlewares/Third_Party/FreeRTOS/Source/tasks.o
 *fill*         0x08008e6a        0x2 
 .text.prvAddNewTaskToReadyList
                0x08008e6c      0x120 ./Middlewares/Third_Party/FreeRTOS/Source/tasks.o
 .text.vTaskDelay
                0x08008f8c       0x4c ./Middlewares/Third_Party/FreeRTOS/Source/tasks.o
                0x08008f8c                vTaskDelay
 .text.vTaskStartScheduler
                0x08008fd8       0xb8 ./Middlewares/Third_Party/FreeRTOS/Source/tasks.o
                0x08008fd8                vTaskStartScheduler
 .text.vTaskSuspendAll
                0x08009090       0x1c ./Middlewares/Third_Party/FreeRTOS/Source/tasks.o
                0x08009090                vTaskSuspendAll
 .text.xTaskResumeAll
                0x080090ac      0x1dc ./Middlewares/Third_Party/FreeRTOS/Source/tasks.o
                0x080090ac                xTaskResumeAll
 .text.xTaskGetTickCount
                0x08009288       0x20 ./Middlewares/Third_Party/FreeRTOS/Source/tasks.o
                0x08009288                xTaskGetTickCount
 .text.xTaskIncrementTick
                0x080092a8      0x220 ./Middlewares/Third_Party/FreeRTOS/Source/tasks.o
                0x080092a8                xTaskIncrementTick
 .text.vTaskSwitchContext
                0x080094c8       0xa8 ./Middlewares/Third_Party/FreeRTOS/Source/tasks.o
                0x080094c8                vTaskSwitchContext
 .text.vTaskPlaceOnEventList
                0x08009570       0x3c ./Middlewares/Third_Party/FreeRTOS/Source/tasks.o
                0x08009570                vTaskPlaceOnEventList
 .text.vTaskPlaceOnEventListRestricted
                0x080095ac       0x7c ./Middlewares/Third_Party/FreeRTOS/Source/tasks.o
                0x080095ac                vTaskPlaceOnEventListRestricted
 .text.xTaskRemoveFromEventList
                0x08009628      0x19c ./Middlewares/Third_Party/FreeRTOS/Source/tasks.o
                0x08009628                xTaskRemoveFromEventList
 .text.vTaskInternalSetTimeOutState
                0x080097c4       0x2c ./Middlewares/Third_Party/FreeRTOS/Source/tasks.o
                0x080097c4                vTaskInternalSetTimeOutState
 .text.xTaskCheckForTimeOut
                0x080097f0       0xb0 ./Middlewares/Third_Party/FreeRTOS/Source/tasks.o
                0x080097f0                xTaskCheckForTimeOut
 .text.vTaskMissedYield
                0x080098a0       0x18 ./Middlewares/Third_Party/FreeRTOS/Source/tasks.o
                0x080098a0                vTaskMissedYield
 .text.prvIdleTask
                0x080098b8       0x20 ./Middlewares/Third_Party/FreeRTOS/Source/tasks.o
 .text.prvInitialiseTaskLists
                0x080098d8       0x80 ./Middlewares/Third_Party/FreeRTOS/Source/tasks.o
 .text.prvCheckTasksWaitingTermination
                0x08009958       0x5c ./Middlewares/Third_Party/FreeRTOS/Source/tasks.o
 .text.prvDeleteTCB
                0x080099b4       0x50 ./Middlewares/Third_Party/FreeRTOS/Source/tasks.o
 .text.prvResetNextTaskUnblockTime
                0x08009a04       0x38 ./Middlewares/Third_Party/FreeRTOS/Source/tasks.o
 .text.xTaskGetSchedulerState
                0x08009a3c       0x3c ./Middlewares/Third_Party/FreeRTOS/Source/tasks.o
                0x08009a3c                xTaskGetSchedulerState
 .text.prvAddCurrentTaskToDelayedList
                0x08009a78       0xdc ./Middlewares/Third_Party/FreeRTOS/Source/tasks.o
 .text.xTimerCreateTimerTask
                0x08009b54       0x80 ./Middlewares/Third_Party/FreeRTOS/Source/timers.o
                0x08009b54                xTimerCreateTimerTask
 .text.prvReloadTimer
                0x08009bd4       0x42 ./Middlewares/Third_Party/FreeRTOS/Source/timers.o
 *fill*         0x08009c16        0x2 
 .text.prvProcessExpiredTimer
                0x08009c18       0x60 ./Middlewares/Third_Party/FreeRTOS/Source/timers.o
 .text.prvTimerTask
                0x08009c78       0x26 ./Middlewares/Third_Party/FreeRTOS/Source/timers.o
 *fill*         0x08009c9e        0x2 
 .text.prvProcessTimerOrBlockTask
                0x08009ca0       0x8c ./Middlewares/Third_Party/FreeRTOS/Source/timers.o
 .text.prvGetNextExpireTime
                0x08009d2c       0x48 ./Middlewares/Third_Party/FreeRTOS/Source/timers.o
 .text.prvSampleTimeNow
                0x08009d74       0x40 ./Middlewares/Third_Party/FreeRTOS/Source/timers.o
 .text.prvInsertTimerInActiveList
                0x08009db4       0x84 ./Middlewares/Third_Party/FreeRTOS/Source/timers.o
 .text.prvProcessReceivedCommands
                0x08009e38      0x19c ./Middlewares/Third_Party/FreeRTOS/Source/timers.o
 .text.prvSwitchTimerLists
                0x08009fd4       0x4c ./Middlewares/Third_Party/FreeRTOS/Source/timers.o
 .text.prvCheckForValidListAndQueue
                0x0800a020       0x80 ./Middlewares/Third_Party/FreeRTOS/Source/timers.o
 .text.vPortSetupTimerInterrupt
                0x0800a0a0       0x48 ./Middlewares/Third_Party/FreeRTOS/Source/portable/GCC/ARM_CM33_NTZ/non_secure/port.o
                0x0800a0a0                vPortSetupTimerInterrupt
 .text.prvTaskExitError
                0x0800a0e8       0x38 ./Middlewares/Third_Party/FreeRTOS/Source/portable/GCC/ARM_CM33_NTZ/non_secure/port.o
 .text.vPortYield
                0x0800a120       0x24 ./Middlewares/Third_Party/FreeRTOS/Source/portable/GCC/ARM_CM33_NTZ/non_secure/port.o
                0x0800a120                vPortYield
 .text.vPortEnterCritical
                0x0800a144       0x24 ./Middlewares/Third_Party/FreeRTOS/Source/portable/GCC/ARM_CM33_NTZ/non_secure/port.o
                0x0800a144                vPortEnterCritical
 .text.vPortExitCritical
                0x0800a168       0x34 ./Middlewares/Third_Party/FreeRTOS/Source/portable/GCC/ARM_CM33_NTZ/non_secure/port.o
                0x0800a168                vPortExitCritical
 .text.xPortSysTickHandler
                0x0800a19c       0x30 ./Middlewares/Third_Party/FreeRTOS/Source/portable/GCC/ARM_CM33_NTZ/non_secure/port.o
                0x0800a19c                xPortSysTickHandler
 .text.vPortSVCHandler_C
                0x0800a1cc       0x32 ./Middlewares/Third_Party/FreeRTOS/Source/portable/GCC/ARM_CM33_NTZ/non_secure/port.o
                0x0800a1cc                vPortSVCHandler_C
 *fill*         0x0800a1fe        0x2 
 .text.pxPortInitialiseStack
                0x0800a200      0x114 ./Middlewares/Third_Party/FreeRTOS/Source/portable/GCC/ARM_CM33_NTZ/non_secure/port.o
                0x0800a200                pxPortInitialiseStack
 .text.xPortStartScheduler
                0x0800a314       0xf4 ./Middlewares/Third_Party/FreeRTOS/Source/portable/GCC/ARM_CM33_NTZ/non_secure/port.o
                0x0800a314                xPortStartScheduler
 *fill*         0x0800a408        0x8 
 .text.vRestoreContextOfFirstTask
                0x0800a410       0x38 ./Middlewares/Third_Party/FreeRTOS/Source/portable/GCC/ARM_CM33_NTZ/non_secure/portasm.o
                0x0800a410                vRestoreContextOfFirstTask
 *fill*         0x0800a448        0x8 
 .text.vStartFirstTask
                0x0800a450       0x28 ./Middlewares/Third_Party/FreeRTOS/Source/portable/GCC/ARM_CM33_NTZ/non_secure/portasm.o
                0x0800a450                vStartFirstTask
 .text.ulSetInterruptMask
                0x0800a478       0x1a ./Middlewares/Third_Party/FreeRTOS/Source/portable/GCC/ARM_CM33_NTZ/non_secure/portasm.o
                0x0800a478                ulSetInterruptMask
 .text.vClearInterruptMask
                0x0800a492       0x10 ./Middlewares/Third_Party/FreeRTOS/Source/portable/GCC/ARM_CM33_NTZ/non_secure/portasm.o
                0x0800a492                vClearInterruptMask
 *fill*         0x0800a4a2        0xe 
 .text.PendSV_Handler
                0x0800a4b0       0x58 ./Middlewares/Third_Party/FreeRTOS/Source/portable/GCC/ARM_CM33_NTZ/non_secure/portasm.o
                0x0800a4b0                PendSV_Handler
 *fill*         0x0800a508        0x8 
 .text.SVC_Handler
                0x0800a510       0x28 ./Middlewares/Third_Party/FreeRTOS/Source/portable/GCC/ARM_CM33_NTZ/non_secure/portasm.o
                0x0800a510                SVC_Handler
 .text.pvPortMalloc
                0x0800a538       0xa4 ./Middlewares/Third_Party/FreeRTOS/Source/portable/MemMang/heap_1.o
                0x0800a538                pvPortMalloc
 .text.vPortFree
                0x0800a5dc       0x1e ./Middlewares/Third_Party/FreeRTOS/Source/portable/MemMang/heap_1.o
                0x0800a5dc                vPortFree
 *fill*         0x0800a5fa        0x2 
 .text.snprintf
                0x0800a5fc       0x6c C:/ST/STM32CubeIDE_1.14.1/STM32CubeIDE/plugins/com.st.stm32cube.ide.mcu.externaltools.gnu-tools-for-stm32.13.3.rel1.win32_1.0.0.202411081344/tools/bin/../lib/gcc/arm-none-eabi/13.3.1/../../../../arm-none-eabi/lib/thumb/v8-m.main+fp/hard\libc_nano.a(libc_a-snprintf.o)
                0x0800a5fc                sniprintf
                0x0800a5fc                snprintf
 .text.memset   0x0800a668       0x10 C:/ST/STM32CubeIDE_1.14.1/STM32CubeIDE/plugins/com.st.stm32cube.ide.mcu.externaltools.gnu-tools-for-stm32.13.3.rel1.win32_1.0.0.202411081344/tools/bin/../lib/gcc/arm-none-eabi/13.3.1/../../../../arm-none-eabi/lib/thumb/v8-m.main+fp/hard\libc_nano.a(libc_a-memset.o)
                0x0800a668                memset
 .text.__errno  0x0800a678        0xc C:/ST/STM32CubeIDE_1.14.1/STM32CubeIDE/plugins/com.st.stm32cube.ide.mcu.externaltools.gnu-tools-for-stm32.13.3.rel1.win32_1.0.0.202411081344/tools/bin/../lib/gcc/arm-none-eabi/13.3.1/../../../../arm-none-eabi/lib/thumb/v8-m.main+fp/hard\libc_nano.a(libc_a-errno.o)
                0x0800a678                __errno
 .text.__libc_init_array
                0x0800a684       0x48 C:/ST/STM32CubeIDE_1.14.1/STM32CubeIDE/plugins/com.st.stm32cube.ide.mcu.externaltools.gnu-tools-for-stm32.13.3.rel1.win32_1.0.0.202411081344/tools/bin/../lib/gcc/arm-none-eabi/13.3.1/../../../../arm-none-eabi/lib/thumb/v8-m.main+fp/hard\libc_nano.a(libc_a-init.o)
                0x0800a684                __libc_init_array
 .text.__retarget_lock_acquire_recursive
                0x0800a6cc        0x2 C:/ST/STM32CubeIDE_1.14.1/STM32CubeIDE/plugins/com.st.stm32cube.ide.mcu.externaltools.gnu-tools-for-stm32.13.3.rel1.win32_1.0.0.202411081344/tools/bin/../lib/gcc/arm-none-eabi/13.3.1/../../../../arm-none-eabi/lib/thumb/v8-m.main+fp/hard\libc_nano.a(libc_a-lock.o)
                0x0800a6cc                __retarget_lock_acquire_recursive
 .text.__retarget_lock_release_recursive
                0x0800a6ce        0x2 C:/ST/STM32CubeIDE_1.14.1/STM32CubeIDE/plugins/com.st.stm32cube.ide.mcu.externaltools.gnu-tools-for-stm32.13.3.rel1.win32_1.0.0.202411081344/tools/bin/../lib/gcc/arm-none-eabi/13.3.1/../../../../arm-none-eabi/lib/thumb/v8-m.main+fp/hard\libc_nano.a(libc_a-lock.o)
                0x0800a6ce                __retarget_lock_release_recursive
 .text.memcpy   0x0800a6d0       0x1a C:/ST/STM32CubeIDE_1.14.1/STM32CubeIDE/plugins/com.st.stm32cube.ide.mcu.externaltools.gnu-tools-for-stm32.13.3.rel1.win32_1.0.0.202411081344/tools/bin/../lib/gcc/arm-none-eabi/13.3.1/../../../../arm-none-eabi/lib/thumb/v8-m.main+fp/hard\libc_nano.a(libc_a-memcpy-stub.o)
                0x0800a6d0                memcpy
 *fill*         0x0800a6ea        0x2 
 .text._free_r  0x0800a6ec       0x94 C:/ST/STM32CubeIDE_1.14.1/STM32CubeIDE/plugins/com.st.stm32cube.ide.mcu.externaltools.gnu-tools-for-stm32.13.3.rel1.win32_1.0.0.202411081344/tools/bin/../lib/gcc/arm-none-eabi/13.3.1/../../../../arm-none-eabi/lib/thumb/v8-m.main+fp/hard\libc_nano.a(libc_a-freer.o)
                0x0800a6ec                _free_r
 .text.sbrk_aligned
                0x0800a780       0x44 C:/ST/STM32CubeIDE_1.14.1/STM32CubeIDE/plugins/com.st.stm32cube.ide.mcu.externaltools.gnu-tools-for-stm32.13.3.rel1.win32_1.0.0.202411081344/tools/bin/../lib/gcc/arm-none-eabi/13.3.1/../../../../arm-none-eabi/lib/thumb/v8-m.main+fp/hard\libc_nano.a(libc_a-mallocr.o)
 .text._malloc_r
                0x0800a7c4      0x100 C:/ST/STM32CubeIDE_1.14.1/STM32CubeIDE/plugins/com.st.stm32cube.ide.mcu.externaltools.gnu-tools-for-stm32.13.3.rel1.win32_1.0.0.202411081344/tools/bin/../lib/gcc/arm-none-eabi/13.3.1/../../../../arm-none-eabi/lib/thumb/v8-m.main+fp/hard\libc_nano.a(libc_a-mallocr.o)
                0x0800a7c4                _malloc_r
 .text.__malloc_lock
                0x0800a8c4        0xc C:/ST/STM32CubeIDE_1.14.1/STM32CubeIDE/plugins/com.st.stm32cube.ide.mcu.externaltools.gnu-tools-for-stm32.13.3.rel1.win32_1.0.0.202411081344/tools/bin/../lib/gcc/arm-none-eabi/13.3.1/../../../../arm-none-eabi/lib/thumb/v8-m.main+fp/hard\libc_nano.a(libc_a-mlock.o)
                0x0800a8c4                __malloc_lock
 .text.__malloc_unlock
                0x0800a8d0        0xc C:/ST/STM32CubeIDE_1.14.1/STM32CubeIDE/plugins/com.st.stm32cube.ide.mcu.externaltools.gnu-tools-for-stm32.13.3.rel1.win32_1.0.0.202411081344/tools/bin/../lib/gcc/arm-none-eabi/13.3.1/../../../../arm-none-eabi/lib/thumb/v8-m.main+fp/hard\libc_nano.a(libc_a-mlock.o)
                0x0800a8d0                __malloc_unlock
 .text.__ssputs_r
                0x0800a8dc       0xb6 C:/ST/STM32CubeIDE_1.14.1/STM32CubeIDE/plugins/com.st.stm32cube.ide.mcu.externaltools.gnu-tools-for-stm32.13.3.rel1.win32_1.0.0.202411081344/tools/bin/../lib/gcc/arm-none-eabi/13.3.1/../../../../arm-none-eabi/lib/thumb/v8-m.main+fp/hard\libc_nano.a(libc_a-nano-svfprintf.o)
                0x0800a8dc                __ssputs_r
 *fill*         0x0800a992        0x2 
 .text._svfprintf_r
                0x0800a994      0x1f8 C:/ST/STM32CubeIDE_1.14.1/STM32CubeIDE/plugins/com.st.stm32cube.ide.mcu.externaltools.gnu-tools-for-stm32.13.3.rel1.win32_1.0.0.202411081344/tools/bin/../lib/gcc/arm-none-eabi/13.3.1/../../../../arm-none-eabi/lib/thumb/v8-m.main+fp/hard\libc_nano.a(libc_a-nano-svfprintf.o)
                0x0800a994                _svfiprintf_r
                0x0800a994                _svfprintf_r
 .text._printf_common
                0x0800ab8c       0xe4 C:/ST/STM32CubeIDE_1.14.1/STM32CubeIDE/plugins/com.st.stm32cube.ide.mcu.externaltools.gnu-tools-for-stm32.13.3.rel1.win32_1.0.0.202411081344/tools/bin/../lib/gcc/arm-none-eabi/13.3.1/../../../../arm-none-eabi/lib/thumb/v8-m.main+fp/hard\libc_nano.a(libc_a-nano-vfprintf_i.o)
                0x0800ab8c                _printf_common
 .text._printf_i
                0x0800ac70      0x23c C:/ST/STM32CubeIDE_1.14.1/STM32CubeIDE/plugins/com.st.stm32cube.ide.mcu.externaltools.gnu-tools-for-stm32.13.3.rel1.win32_1.0.0.202411081344/tools/bin/../lib/gcc/arm-none-eabi/13.3.1/../../../../arm-none-eabi/lib/thumb/v8-m.main+fp/hard\libc_nano.a(libc_a-nano-vfprintf_i.o)
                0x0800ac70                _printf_i
 .text.memmove  0x0800aeac       0x34 C:/ST/STM32CubeIDE_1.14.1/STM32CubeIDE/plugins/com.st.stm32cube.ide.mcu.externaltools.gnu-tools-for-stm32.13.3.rel1.win32_1.0.0.202411081344/tools/bin/../lib/gcc/arm-none-eabi/13.3.1/../../../../arm-none-eabi/lib/thumb/v8-m.main+fp/hard\libc_nano.a(libc_a-memmove.o)
                0x0800aeac                memmove
 .text._sbrk_r  0x0800aee0       0x20 C:/ST/STM32CubeIDE_1.14.1/STM32CubeIDE/plugins/com.st.stm32cube.ide.mcu.externaltools.gnu-tools-for-stm32.13.3.rel1.win32_1.0.0.202411081344/tools/bin/../lib/gcc/arm-none-eabi/13.3.1/../../../../arm-none-eabi/lib/thumb/v8-m.main+fp/hard\libc_nano.a(libc_a-sbrkr.o)
                0x0800aee0                _sbrk_r
 .text.memchr   0x0800af00       0x1c C:/ST/STM32CubeIDE_1.14.1/STM32CubeIDE/plugins/com.st.stm32cube.ide.mcu.externaltools.gnu-tools-for-stm32.13.3.rel1.win32_1.0.0.202411081344/tools/bin/../lib/gcc/arm-none-eabi/13.3.1/../../../../arm-none-eabi/lib/thumb/v8-m.main+fp/hard\libc_nano.a(libc_a-memchr-stub.o)
                0x0800af00                memchr
 .text._realloc_r
                0x0800af1c       0x5c C:/ST/STM32CubeIDE_1.14.1/STM32CubeIDE/plugins/com.st.stm32cube.ide.mcu.externaltools.gnu-tools-for-stm32.13.3.rel1.win32_1.0.0.202411081344/tools/bin/../lib/gcc/arm-none-eabi/13.3.1/../../../../arm-none-eabi/lib/thumb/v8-m.main+fp/hard\libc_nano.a(libc_a-reallocr.o)
                0x0800af1c                _realloc_r
 .text._malloc_usable_size_r
                0x0800af78       0x10 C:/ST/STM32CubeIDE_1.14.1/STM32CubeIDE/plugins/com.st.stm32cube.ide.mcu.externaltools.gnu-tools-for-stm32.13.3.rel1.win32_1.0.0.202411081344/tools/bin/../lib/gcc/arm-none-eabi/13.3.1/../../../../arm-none-eabi/lib/thumb/v8-m.main+fp/hard\libc_nano.a(libc_a-msizer.o)
                0x0800af78                _malloc_usable_size_r
 *(.glue_7)
 .glue_7        0x0800af88        0x0 linker stubs
 *(.glue_7t)
 .glue_7t       0x0800af88        0x0 linker stubs
 *(.eh_frame)
 .eh_frame      0x0800af88        0x0 C:/ST/STM32CubeIDE_1.14.1/STM32CubeIDE/plugins/com.st.stm32cube.ide.mcu.externaltools.gnu-tools-for-stm32.13.3.rel1.win32_1.0.0.202411081344/tools/bin/../lib/gcc/arm-none-eabi/13.3.1/thumb/v8-m.main+fp/hard/crtbegin.o
 *(.init)
 .init          0x0800af88        0x4 C:/ST/STM32CubeIDE_1.14.1/STM32CubeIDE/plugins/com.st.stm32cube.ide.mcu.externaltools.gnu-tools-for-stm32.13.3.rel1.win32_1.0.0.202411081344/tools/bin/../lib/gcc/arm-none-eabi/13.3.1/thumb/v8-m.main+fp/hard/crti.o
                0x0800af88                _init
 .init          0x0800af8c        0x8 C:/ST/STM32CubeIDE_1.14.1/STM32CubeIDE/plugins/com.st.stm32cube.ide.mcu.externaltools.gnu-tools-for-stm32.13.3.rel1.win32_1.0.0.202411081344/tools/bin/../lib/gcc/arm-none-eabi/13.3.1/thumb/v8-m.main+fp/hard/crtn.o
 *(.fini)
 .fini          0x0800af94        0x4 C:/ST/STM32CubeIDE_1.14.1/STM32CubeIDE/plugins/com.st.stm32cube.ide.mcu.externaltools.gnu-tools-for-stm32.13.3.rel1.win32_1.0.0.202411081344/tools/bin/../lib/gcc/arm-none-eabi/13.3.1/thumb/v8-m.main+fp/hard/crti.o
                0x0800af94                _fini
 .fini          0x0800af98        0x8 C:/ST/STM32CubeIDE_1.14.1/STM32CubeIDE/plugins/com.st.stm32cube.ide.mcu.externaltools.gnu-tools-for-stm32.13.3.rel1.win32_1.0.0.202411081344/tools/bin/../lib/gcc/arm-none-eabi/13.3.1/thumb/v8-m.main+fp/hard/crtn.o
                0x0800afa0                        . = ALIGN (0x4)
                0x0800afa0                        _etext = .

.vfp11_veneer   0x0800afa0        0x0
 .vfp11_veneer  0x0800afa0        0x0 linker stubs

.v4_bx          0x0800afa0        0x0
 .v4_bx         0x0800afa0        0x0 linker stubs

.iplt           0x0800afa0        0x0
 .iplt          0x0800afa0        0x0 C:/ST/STM32CubeIDE_1.14.1/STM32CubeIDE/plugins/com.st.stm32cube.ide.mcu.externaltools.gnu-tools-for-stm32.13.3.rel1.win32_1.0.0.202411081344/tools/bin/../lib/gcc/arm-none-eabi/13.3.1/thumb/v8-m.main+fp/hard/crtbegin.o

.rodata         0x0800afa0      0x130
                0x0800afa0                        . = ALIGN (0x4)
 *(.rodata)
 .rodata        0x0800afa0       0x6d ./Core/Src/app_freertos.o
 *fill*         0x0800b00d        0x3 
 .rodata        0x0800b010       0x10 ./Core/Src/liquidcrystal_i2c.o
 .rodata        0x0800b020        0x5 ./Middlewares/Third_Party/FreeRTOS/Source/tasks.o
 *fill*         0x0800b025        0x3 
 .rodata        0x0800b028        0xd ./Middlewares/Third_Party/FreeRTOS/Source/timers.o
 *(.rodata*)
 *fill*         0x0800b035        0x3 
 .rodata.rampControlTask_attributes
                0x0800b038       0x24 ./Core/Src/app_freertos.o
                0x0800b038                rampControlTask_attributes
 .rodata.parkingControlTask_attributes
                0x0800b05c       0x24 ./Core/Src/app_freertos.o
                0x0800b05c                parkingControlTask_attributes
 .rodata.AHBPrescTable
                0x0800b080       0x10 ./Core/Src/system_stm32h5xx.o
                0x0800b080                AHBPrescTable
 .rodata.APBPrescTable
                0x0800b090        0x8 ./Core/Src/system_stm32h5xx.o
                0x0800b090                APBPrescTable
 .rodata.uxTopUsedPriority
                0x0800b098        0x4 ./Middlewares/Third_Party/FreeRTOS/Source/tasks.o
                0x0800b098                uxTopUsedPriority
 .rodata._svfprintf_r.str1.1
                0x0800b09c       0x33 C:/ST/STM32CubeIDE_1.14.1/STM32CubeIDE/plugins/com.st.stm32cube.ide.mcu.externaltools.gnu-tools-for-stm32.13.3.rel1.win32_1.0.0.202411081344/tools/bin/../lib/gcc/arm-none-eabi/13.3.1/../../../../arm-none-eabi/lib/thumb/v8-m.main+fp/hard\libc_nano.a(libc_a-nano-svfprintf.o)
                                 0x11 (size before relaxing)
 .rodata._printf_i.str1.1
                0x0800b0cf       0x22 C:/ST/STM32CubeIDE_1.14.1/STM32CubeIDE/plugins/com.st.stm32cube.ide.mcu.externaltools.gnu-tools-for-stm32.13.3.rel1.win32_1.0.0.202411081344/tools/bin/../lib/gcc/arm-none-eabi/13.3.1/../../../../arm-none-eabi/lib/thumb/v8-m.main+fp/hard\libc_nano.a(libc_a-nano-vfprintf_i.o)
                0x0800b0f4                        . = ALIGN (0x4)
 *fill*         0x0800b0cf        0x1 

.ARM.extab      0x0800b0d0        0x0
                0x0800b0d0                        . = ALIGN (0x4)
 *(.ARM.extab* .gnu.linkonce.armextab.*)
                0x0800b0d0                        . = ALIGN (0x4)

.ARM            0x0800b0d0        0x0
                0x0800b0d0                        . = ALIGN (0x4)
                0x0800b0d0                        __exidx_start = .
 *(.ARM.exidx*)
                0x0800b0d0                        __exidx_end = .
                0x0800b0d0                        . = ALIGN (0x4)

.preinit_array  0x0800b0d0        0x0
                0x0800b0d0                        . = ALIGN (0x4)
                0x0800b0d0                        PROVIDE (__preinit_array_start = .)
 *(.preinit_array*)
                0x0800b0d0                        PROVIDE (__preinit_array_end = .)
                0x0800b0d0                        . = ALIGN (0x4)

.init_array     0x0800b0d0        0x4
                0x0800b0d0                        . = ALIGN (0x4)
                0x0800b0d0                        PROVIDE (__init_array_start = .)
 *(SORT_BY_NAME(.init_array.*))
 *(.init_array*)
 .init_array    0x0800b0d0        0x4 C:/ST/STM32CubeIDE_1.14.1/STM32CubeIDE/plugins/com.st.stm32cube.ide.mcu.externaltools.gnu-tools-for-stm32.13.3.rel1.win32_1.0.0.202411081344/tools/bin/../lib/gcc/arm-none-eabi/13.3.1/thumb/v8-m.main+fp/hard/crtbegin.o
                0x0800b0d4                        PROVIDE (__init_array_end = .)
                0x0800b0d4                        . = ALIGN (0x4)

.fini_array     0x0800b0d4        0x4
                0x0800b0d4                        . = ALIGN (0x4)
                [!provide]                        PROVIDE (__fini_array_start = .)
 *(SORT_BY_NAME(.fini_array.*))
 *(.fini_array*)
 .fini_array    0x0800b0d4        0x4 C:/ST/STM32CubeIDE_1.14.1/STM32CubeIDE/plugins/com.st.stm32cube.ide.mcu.externaltools.gnu-tools-for-stm32.13.3.rel1.win32_1.0.0.202411081344/tools/bin/../lib/gcc/arm-none-eabi/13.3.1/thumb/v8-m.main+fp/hard/crtbegin.o
                [!provide]                        PROVIDE (__fini_array_end = .)
                0x0800b0d8                        . = ALIGN (0x4)
                0x0800b0d8                        _sidata = LOADADDR (.data)

.rel.dyn        0x0800b0d8        0x0
 .rel.iplt      0x0800b0d8        0x0 C:/ST/STM32CubeIDE_1.14.1/STM32CubeIDE/plugins/com.st.stm32cube.ide.mcu.externaltools.gnu-tools-for-stm32.13.3.rel1.win32_1.0.0.202411081344/tools/bin/../lib/gcc/arm-none-eabi/13.3.1/thumb/v8-m.main+fp/hard/crtbegin.o

.data           0x20000000       0x78 load address 0x0800b0d8
                0x20000000                        . = ALIGN (0x4)
                0x20000000                        _sdata = .
 *(.data)
 *(.data*)
 .data.main_capacity
                0x20000000        0x4 ./Core/Src/app_freertos.o
                0x20000000                main_capacity
 .data.disabled_capacity
                0x20000004        0x4 ./Core/Src/app_freertos.o
                0x20000004                disabled_capacity
 .data.special1
                0x20000008        0x8 ./Core/Src/liquidcrystal_i2c.o
                0x20000008                special1
 .data.special2
                0x20000010        0x8 ./Core/Src/liquidcrystal_i2c.o
                0x20000010                special2
 .data.SystemCoreClock
                0x20000018        0x4 ./Core/Src/system_stm32h5xx.o
                0x20000018                SystemCoreClock
 .data.uwTickPrio
                0x2000001c        0x4 ./Drivers/STM32H5xx_HAL_Driver/Src/stm32h5xx_hal.o
                0x2000001c                uwTickPrio
 .data.uwTickFreq
                0x20000020        0x1 ./Drivers/STM32H5xx_HAL_Driver/Src/stm32h5xx_hal.o
                0x20000020                uwTickFreq
 *fill*         0x20000021        0x3 
 .data.ulCriticalNesting
                0x20000024        0x4 ./Middlewares/Third_Party/FreeRTOS/Source/portable/GCC/ARM_CM33_NTZ/non_secure/port.o
 .data._impure_ptr
                0x20000028        0x4 C:/ST/STM32CubeIDE_1.14.1/STM32CubeIDE/plugins/com.st.stm32cube.ide.mcu.externaltools.gnu-tools-for-stm32.13.3.rel1.win32_1.0.0.202411081344/tools/bin/../lib/gcc/arm-none-eabi/13.3.1/../../../../arm-none-eabi/lib/thumb/v8-m.main+fp/hard\libc_nano.a(libc_a-impure.o)
                0x20000028                _impure_ptr
 .data._impure_data
                0x2000002c       0x4c C:/ST/STM32CubeIDE_1.14.1/STM32CubeIDE/plugins/com.st.stm32cube.ide.mcu.externaltools.gnu-tools-for-stm32.13.3.rel1.win32_1.0.0.202411081344/tools/bin/../lib/gcc/arm-none-eabi/13.3.1/../../../../arm-none-eabi/lib/thumb/v8-m.main+fp/hard\libc_nano.a(libc_a-impure.o)
                0x2000002c                _impure_data
 *(.RamFunc)
 *(.RamFunc*)
                0x20000078                        . = ALIGN (0x4)
                0x20000078                        _edata = .

.igot.plt       0x20000078        0x0 load address 0x0800b150
 .igot.plt      0x20000078        0x0 C:/ST/STM32CubeIDE_1.14.1/STM32CubeIDE/plugins/com.st.stm32cube.ide.mcu.externaltools.gnu-tools-for-stm32.13.3.rel1.win32_1.0.0.202411081344/tools/bin/../lib/gcc/arm-none-eabi/13.3.1/thumb/v8-m.main+fp/hard/crtbegin.o
                0x20000078                        . = ALIGN (0x4)

.bss            0x20000078     0x2ee0 load address 0x0800b150
                0x20000078                        _sbss = .
                0x20000078                        __bss_start__ = _sbss
 *(.bss)
 .bss           0x20000078       0x1c C:/ST/STM32CubeIDE_1.14.1/STM32CubeIDE/plugins/com.st.stm32cube.ide.mcu.externaltools.gnu-tools-for-stm32.13.3.rel1.win32_1.0.0.202411081344/tools/bin/../lib/gcc/arm-none-eabi/13.3.1/thumb/v8-m.main+fp/hard/crtbegin.o
 *(.bss*)
 .bss.display_out
                0x20000094       0x10 ./Core/Src/app_freertos.o
                0x20000094                display_out
 .bss.current_seconds
                0x200000a4        0x4 ./Core/Src/app_freertos.o
                0x200000a4                current_seconds
 .bss.parking_started
                0x200000a8       0x30 ./Core/Src/app_freertos.o
                0x200000a8                parking_started
 .bss.parking_time
                0x200000d8       0x30 ./Core/Src/app_freertos.o
                0x200000d8                parking_time
 .bss.parking_timeout
                0x20000108       0x30 ./Core/Src/app_freertos.o
                0x20000108                parking_timeout
 .bss.sTime     0x20000138       0x14 ./Core/Src/app_freertos.o
                0x20000138                sTime
 .bss.sDate     0x2000014c        0x4 ./Core/Src/app_freertos.o
                0x2000014c                sDate
 .bss.rampControlTaskHandle
                0x20000150        0x4 ./Core/Src/app_freertos.o
                0x20000150                rampControlTaskHandle
 .bss.parkingControlTaskHandle
                0x20000154        0x4 ./Core/Src/app_freertos.o
                0x20000154                parkingControlTaskHandle
 .bss.old_main.1
                0x20000158        0x4 ./Core/Src/app_freertos.o
 .bss.old_disabled.0
                0x2000015c        0x4 ./Core/Src/app_freertos.o
 .bss.hi2c1     0x20000160       0x54 ./Core/Src/i2c.o
                0x20000160                hi2c1
 .bss.dpFunction
                0x200001b4        0x1 ./Core/Src/liquidcrystal_i2c.o
                0x200001b4                dpFunction
 .bss.dpControl
                0x200001b5        0x1 ./Core/Src/liquidcrystal_i2c.o
                0x200001b5                dpControl
 .bss.dpMode    0x200001b6        0x1 ./Core/Src/liquidcrystal_i2c.o
                0x200001b6                dpMode
 .bss.dpRows    0x200001b7        0x1 ./Core/Src/liquidcrystal_i2c.o
                0x200001b7                dpRows
 .bss.dpBacklight
                0x200001b8        0x1 ./Core/Src/liquidcrystal_i2c.o
                0x200001b8                dpBacklight
 *fill*         0x200001b9        0x3 
 .bss.hrtc      0x200001bc       0x30 ./Core/Src/rtc.o
                0x200001bc                hrtc
 .bss.htim6     0x200001ec       0x4c ./Core/Src/stm32h5xx_hal_timebase_tim.o
                0x200001ec                htim6
 .bss.__sbrk_heap_end
                0x20000238        0x4 ./Core/Src/sysmem.o
 .bss.htim3     0x2000023c       0x4c ./Core/Src/tim.o
                0x2000023c                htim3
 .bss.htim7     0x20000288       0x4c ./Core/Src/tim.o
                0x20000288                htim7
 .bss.uwTick    0x200002d4        0x4 ./Drivers/STM32H5xx_HAL_Driver/Src/stm32h5xx_hal.o
                0x200002d4                uwTick
 .bss.KernelState
                0x200002d8        0x4 ./Middlewares/Third_Party/FreeRTOS/Source/CMSIS_RTOS_V2/cmsis_os2.o
 .bss.Idle_TCB.3
                0x200002dc       0x5c ./Middlewares/Third_Party/FreeRTOS/Source/CMSIS_RTOS_V2/cmsis_os2.o
 .bss.Idle_Stack.2
                0x20000338      0x200 ./Middlewares/Third_Party/FreeRTOS/Source/CMSIS_RTOS_V2/cmsis_os2.o
 .bss.Timer_TCB.1
                0x20000538       0x5c ./Middlewares/Third_Party/FreeRTOS/Source/CMSIS_RTOS_V2/cmsis_os2.o
 .bss.Timer_Stack.0
                0x20000594      0x200 ./Middlewares/Third_Party/FreeRTOS/Source/CMSIS_RTOS_V2/cmsis_os2.o
 .bss.xQueueRegistry
                0x20000794       0x40 ./Middlewares/Third_Party/FreeRTOS/Source/queue.o
                0x20000794                xQueueRegistry
 .bss.pxCurrentTCB
                0x200007d4        0x4 ./Middlewares/Third_Party/FreeRTOS/Source/tasks.o
                0x200007d4                pxCurrentTCB
 .bss.pxReadyTasksLists
                0x200007d8      0x460 ./Middlewares/Third_Party/FreeRTOS/Source/tasks.o
 .bss.xDelayedTaskList1
                0x20000c38       0x14 ./Middlewares/Third_Party/FreeRTOS/Source/tasks.o
 .bss.xDelayedTaskList2
                0x20000c4c       0x14 ./Middlewares/Third_Party/FreeRTOS/Source/tasks.o
 .bss.pxDelayedTaskList
                0x20000c60        0x4 ./Middlewares/Third_Party/FreeRTOS/Source/tasks.o
 .bss.pxOverflowDelayedTaskList
                0x20000c64        0x4 ./Middlewares/Third_Party/FreeRTOS/Source/tasks.o
 .bss.xPendingReadyList
                0x20000c68       0x14 ./Middlewares/Third_Party/FreeRTOS/Source/tasks.o
 .bss.xTasksWaitingTermination
                0x20000c7c       0x14 ./Middlewares/Third_Party/FreeRTOS/Source/tasks.o
 .bss.uxDeletedTasksWaitingCleanUp
                0x20000c90        0x4 ./Middlewares/Third_Party/FreeRTOS/Source/tasks.o
 .bss.xSuspendedTaskList
                0x20000c94       0x14 ./Middlewares/Third_Party/FreeRTOS/Source/tasks.o
 .bss.uxCurrentNumberOfTasks
                0x20000ca8        0x4 ./Middlewares/Third_Party/FreeRTOS/Source/tasks.o
 .bss.xTickCount
                0x20000cac        0x4 ./Middlewares/Third_Party/FreeRTOS/Source/tasks.o
 .bss.uxTopReadyPriority
                0x20000cb0        0x4 ./Middlewares/Third_Party/FreeRTOS/Source/tasks.o
 .bss.xSchedulerRunning
                0x20000cb4        0x4 ./Middlewares/Third_Party/FreeRTOS/Source/tasks.o
 .bss.xPendedTicks
                0x20000cb8        0x4 ./Middlewares/Third_Party/FreeRTOS/Source/tasks.o
 .bss.xYieldPending
                0x20000cbc        0x4 ./Middlewares/Third_Party/FreeRTOS/Source/tasks.o
 .bss.xNumOfOverflows
                0x20000cc0        0x4 ./Middlewares/Third_Party/FreeRTOS/Source/tasks.o
 .bss.uxTaskNumber
                0x20000cc4        0x4 ./Middlewares/Third_Party/FreeRTOS/Source/tasks.o
 .bss.xNextTaskUnblockTime
                0x20000cc8        0x4 ./Middlewares/Third_Party/FreeRTOS/Source/tasks.o
 .bss.xIdleTaskHandle
                0x20000ccc        0x4 ./Middlewares/Third_Party/FreeRTOS/Source/tasks.o
 .bss.uxSchedulerSuspended
                0x20000cd0        0x4 ./Middlewares/Third_Party/FreeRTOS/Source/tasks.o
 .bss.xActiveTimerList1
                0x20000cd4       0x14 ./Middlewares/Third_Party/FreeRTOS/Source/timers.o
 .bss.xActiveTimerList2
                0x20000ce8       0x14 ./Middlewares/Third_Party/FreeRTOS/Source/timers.o
 .bss.pxCurrentTimerList
                0x20000cfc        0x4 ./Middlewares/Third_Party/FreeRTOS/Source/timers.o
 .bss.pxOverflowTimerList
                0x20000d00        0x4 ./Middlewares/Third_Party/FreeRTOS/Source/timers.o
 .bss.xTimerQueue
                0x20000d04        0x4 ./Middlewares/Third_Party/FreeRTOS/Source/timers.o
 .bss.xTimerTaskHandle
                0x20000d08        0x4 ./Middlewares/Third_Party/FreeRTOS/Source/timers.o
 .bss.xLastTime.2
                0x20000d0c        0x4 ./Middlewares/Third_Party/FreeRTOS/Source/timers.o
 .bss.ucStaticTimerQueueStorage.1
                0x20000d10       0xa0 ./Middlewares/Third_Party/FreeRTOS/Source/timers.o
 .bss.xStaticTimerQueue.0
                0x20000db0       0x50 ./Middlewares/Third_Party/FreeRTOS/Source/timers.o
 .bss.ucMaxSysCallPriority
                0x20000e00        0x1 ./Middlewares/Third_Party/FreeRTOS/Source/portable/GCC/ARM_CM33_NTZ/non_secure/port.o
 *fill*         0x20000e01        0x3 
 .bss.ulMaxPRIGROUPValue
                0x20000e04        0x4 ./Middlewares/Third_Party/FreeRTOS/Source/portable/GCC/ARM_CM33_NTZ/non_secure/port.o
 .bss.ucHeap    0x20000e08     0x2000 ./Middlewares/Third_Party/FreeRTOS/Source/portable/MemMang/heap_1.o
 .bss.xNextFreeByte
                0x20002e08        0x4 ./Middlewares/Third_Party/FreeRTOS/Source/portable/MemMang/heap_1.o
 .bss.pucAlignedHeap.0
                0x20002e0c        0x4 ./Middlewares/Third_Party/FreeRTOS/Source/portable/MemMang/heap_1.o
 .bss.__sf      0x20002e10      0x138 C:/ST/STM32CubeIDE_1.14.1/STM32CubeIDE/plugins/com.st.stm32cube.ide.mcu.externaltools.gnu-tools-for-stm32.13.3.rel1.win32_1.0.0.202411081344/tools/bin/../lib/gcc/arm-none-eabi/13.3.1/../../../../arm-none-eabi/lib/thumb/v8-m.main+fp/hard\libc_nano.a(libc_a-findfp.o)
                0x20002e10                __sf
 .bss.errno     0x20002f48        0x4 C:/ST/STM32CubeIDE_1.14.1/STM32CubeIDE/plugins/com.st.stm32cube.ide.mcu.externaltools.gnu-tools-for-stm32.13.3.rel1.win32_1.0.0.202411081344/tools/bin/../lib/gcc/arm-none-eabi/13.3.1/../../../../arm-none-eabi/lib/thumb/v8-m.main+fp/hard\libc_nano.a(libc_a-reent.o)
                0x20002f48                errno
 .bss.__lock___malloc_recursive_mutex
                0x20002f4c        0x1 C:/ST/STM32CubeIDE_1.14.1/STM32CubeIDE/plugins/com.st.stm32cube.ide.mcu.externaltools.gnu-tools-for-stm32.13.3.rel1.win32_1.0.0.202411081344/tools/bin/../lib/gcc/arm-none-eabi/13.3.1/../../../../arm-none-eabi/lib/thumb/v8-m.main+fp/hard\libc_nano.a(libc_a-lock.o)
                0x20002f4c                __lock___malloc_recursive_mutex
 *fill*         0x20002f4d        0x3 
 .bss.__malloc_sbrk_start
                0x20002f50        0x4 C:/ST/STM32CubeIDE_1.14.1/STM32CubeIDE/plugins/com.st.stm32cube.ide.mcu.externaltools.gnu-tools-for-stm32.13.3.rel1.win32_1.0.0.202411081344/tools/bin/../lib/gcc/arm-none-eabi/13.3.1/../../../../arm-none-eabi/lib/thumb/v8-m.main+fp/hard\libc_nano.a(libc_a-mallocr.o)
                0x20002f50                __malloc_sbrk_start
 .bss.__malloc_free_list
                0x20002f54        0x4 C:/ST/STM32CubeIDE_1.14.1/STM32CubeIDE/plugins/com.st.stm32cube.ide.mcu.externaltools.gnu-tools-for-stm32.13.3.rel1.win32_1.0.0.202411081344/tools/bin/../lib/gcc/arm-none-eabi/13.3.1/../../../../arm-none-eabi/lib/thumb/v8-m.main+fp/hard\libc_nano.a(libc_a-mallocr.o)
                0x20002f54                __malloc_free_list
 *(COMMON)
                0x20002f58                        . = ALIGN (0x4)
                0x20002f58                        _ebss = .
                0x20002f58                        __bss_end__ = _ebss

._user_heap_stack
                0x20002f58      0x600 load address 0x0800b150
                0x20002f58                        . = ALIGN (0x8)
                [!provide]                        PROVIDE (end = .)
                0x20002f58                        PROVIDE (_end = .)
                0x20003158                        . = (. + _Min_Heap_Size)
 *fill*         0x20002f58      0x200 
                0x20003558                        . = (. + _Min_Stack_Size)
 *fill*         0x20003158      0x400 
                0x20003558                        . = ALIGN (0x8)

/DISCARD/
 libc.a(*)
 libm.a(*)
 libgcc.a(*)

.ARM.attributes
                0x00000000       0x36
 *(.ARM.attributes)
 .ARM.attributes
                0x00000000       0x26 C:/ST/STM32CubeIDE_1.14.1/STM32CubeIDE/plugins/com.st.stm32cube.ide.mcu.externaltools.gnu-tools-for-stm32.13.3.rel1.win32_1.0.0.202411081344/tools/bin/../lib/gcc/arm-none-eabi/13.3.1/thumb/v8-m.main+fp/hard/crti.o
 .ARM.attributes
                0x00000026       0x38 C:/ST/STM32CubeIDE_1.14.1/STM32CubeIDE/plugins/com.st.stm32cube.ide.mcu.externaltools.gnu-tools-for-stm32.13.3.rel1.win32_1.0.0.202411081344/tools/bin/../lib/gcc/arm-none-eabi/13.3.1/thumb/v8-m.main+fp/hard/crtbegin.o
 .ARM.attributes
                0x0000005e       0x3a ./Core/Src/app_freertos.o
 .ARM.attributes
                0x00000098       0x3a ./Core/Src/gpio.o
 .ARM.attributes
                0x000000d2       0x3a ./Core/Src/i2c.o
 .ARM.attributes
                0x0000010c       0x3a ./Core/Src/icache.o
 .ARM.attributes
                0x00000146       0x3a ./Core/Src/liquidcrystal_i2c.o
 .ARM.attributes
                0x00000180       0x3a ./Core/Src/main.o
 .ARM.attributes
                0x000001ba       0x3a ./Core/Src/parking_check.o
 .ARM.attributes
                0x000001f4       0x3a ./Core/Src/rtc.o
 .ARM.attributes
                0x0000022e       0x3a ./Core/Src/stm32h5xx_hal_msp.o
 .ARM.attributes
                0x00000268       0x3a ./Core/Src/stm32h5xx_hal_timebase_tim.o
 .ARM.attributes
                0x000002a2       0x3a ./Core/Src/stm32h5xx_it.o
 .ARM.attributes
                0x000002dc       0x3a ./Core/Src/sysmem.o
 .ARM.attributes
                0x00000316       0x3a ./Core/Src/system_stm32h5xx.o
 .ARM.attributes
                0x00000350       0x3a ./Core/Src/tim.o
 .ARM.attributes
                0x0000038a       0x24 ./Core/Startup/startup_stm32h563zitx.o
 .ARM.attributes
                0x000003ae       0x3a ./Drivers/STM32H5xx_HAL_Driver/Src/stm32h5xx_hal.o
 .ARM.attributes
                0x000003e8       0x3a ./Drivers/STM32H5xx_HAL_Driver/Src/stm32h5xx_hal_cortex.o
 .ARM.attributes
                0x00000422       0x3a ./Drivers/STM32H5xx_HAL_Driver/Src/stm32h5xx_hal_gpio.o
 .ARM.attributes
                0x0000045c       0x3a ./Drivers/STM32H5xx_HAL_Driver/Src/stm32h5xx_hal_i2c.o
 .ARM.attributes
                0x00000496       0x3a ./Drivers/STM32H5xx_HAL_Driver/Src/stm32h5xx_hal_i2c_ex.o
 .ARM.attributes
                0x000004d0       0x3a ./Drivers/STM32H5xx_HAL_Driver/Src/stm32h5xx_hal_rcc.o
 .ARM.attributes
                0x0000050a       0x3a ./Drivers/STM32H5xx_HAL_Driver/Src/stm32h5xx_hal_rcc_ex.o
 .ARM.attributes
                0x00000544       0x3a ./Drivers/STM32H5xx_HAL_Driver/Src/stm32h5xx_hal_rtc.o
 .ARM.attributes
                0x0000057e       0x3a ./Drivers/STM32H5xx_HAL_Driver/Src/stm32h5xx_hal_rtc_ex.o
 .ARM.attributes
                0x000005b8       0x3a ./Drivers/STM32H5xx_HAL_Driver/Src/stm32h5xx_hal_tim.o
 .ARM.attributes
                0x000005f2       0x3a ./Drivers/STM32H5xx_HAL_Driver/Src/stm32h5xx_hal_tim_ex.o
 .ARM.attributes
                0x0000062c       0x3a ./Middlewares/Third_Party/FreeRTOS/Source/CMSIS_RTOS_V2/cmsis_os2.o
 .ARM.attributes
                0x00000666       0x3a ./Middlewares/Third_Party/FreeRTOS/Source/list.o
 .ARM.attributes
                0x000006a0       0x3a ./Middlewares/Third_Party/FreeRTOS/Source/queue.o
 .ARM.attributes
                0x000006da       0x3a ./Middlewares/Third_Party/FreeRTOS/Source/tasks.o
 .ARM.attributes
                0x00000714       0x3a ./Middlewares/Third_Party/FreeRTOS/Source/timers.o
 .ARM.attributes
                0x0000074e       0x3a ./Middlewares/Third_Party/FreeRTOS/Source/portable/GCC/ARM_CM33_NTZ/non_secure/port.o
 .ARM.attributes
                0x00000788       0x3a ./Middlewares/Third_Party/FreeRTOS/Source/portable/GCC/ARM_CM33_NTZ/non_secure/portasm.o
 .ARM.attributes
                0x000007c2       0x3a ./Middlewares/Third_Party/FreeRTOS/Source/portable/MemMang/heap_1.o
 .ARM.attributes
                0x000007fc       0x38 C:/ST/STM32CubeIDE_1.14.1/STM32CubeIDE/plugins/com.st.stm32cube.ide.mcu.externaltools.gnu-tools-for-stm32.13.3.rel1.win32_1.0.0.202411081344/tools/bin/../lib/gcc/arm-none-eabi/13.3.1/../../../../arm-none-eabi/lib/thumb/v8-m.main+fp/hard\libc_nano.a(libc_a-findfp.o)
 .ARM.attributes
                0x00000834       0x38 C:/ST/STM32CubeIDE_1.14.1/STM32CubeIDE/plugins/com.st.stm32cube.ide.mcu.externaltools.gnu-tools-for-stm32.13.3.rel1.win32_1.0.0.202411081344/tools/bin/../lib/gcc/arm-none-eabi/13.3.1/../../../../arm-none-eabi/lib/thumb/v8-m.main+fp/hard\libc_nano.a(libc_a-snprintf.o)
 .ARM.attributes
                0x0000086c       0x38 C:/ST/STM32CubeIDE_1.14.1/STM32CubeIDE/plugins/com.st.stm32cube.ide.mcu.externaltools.gnu-tools-for-stm32.13.3.rel1.win32_1.0.0.202411081344/tools/bin/../lib/gcc/arm-none-eabi/13.3.1/../../../../arm-none-eabi/lib/thumb/v8-m.main+fp/hard\libc_nano.a(libc_a-memset.o)
 .ARM.attributes
                0x000008a4       0x38 C:/ST/STM32CubeIDE_1.14.1/STM32CubeIDE/plugins/com.st.stm32cube.ide.mcu.externaltools.gnu-tools-for-stm32.13.3.rel1.win32_1.0.0.202411081344/tools/bin/../lib/gcc/arm-none-eabi/13.3.1/../../../../arm-none-eabi/lib/thumb/v8-m.main+fp/hard\libc_nano.a(libc_a-reent.o)
 .ARM.attributes
                0x000008dc       0x38 C:/ST/STM32CubeIDE_1.14.1/STM32CubeIDE/plugins/com.st.stm32cube.ide.mcu.externaltools.gnu-tools-for-stm32.13.3.rel1.win32_1.0.0.202411081344/tools/bin/../lib/gcc/arm-none-eabi/13.3.1/../../../../arm-none-eabi/lib/thumb/v8-m.main+fp/hard\libc_nano.a(libc_a-impure.o)
 .ARM.attributes
                0x00000914       0x38 C:/ST/STM32CubeIDE_1.14.1/STM32CubeIDE/plugins/com.st.stm32cube.ide.mcu.externaltools.gnu-tools-for-stm32.13.3.rel1.win32_1.0.0.202411081344/tools/bin/../lib/gcc/arm-none-eabi/13.3.1/../../../../arm-none-eabi/lib/thumb/v8-m.main+fp/hard\libc_nano.a(libc_a-errno.o)
 .ARM.attributes
                0x0000094c       0x38 C:/ST/STM32CubeIDE_1.14.1/STM32CubeIDE/plugins/com.st.stm32cube.ide.mcu.externaltools.gnu-tools-for-stm32.13.3.rel1.win32_1.0.0.202411081344/tools/bin/../lib/gcc/arm-none-eabi/13.3.1/../../../../arm-none-eabi/lib/thumb/v8-m.main+fp/hard\libc_nano.a(libc_a-init.o)
 .ARM.attributes
                0x00000984       0x38 C:/ST/STM32CubeIDE_1.14.1/STM32CubeIDE/plugins/com.st.stm32cube.ide.mcu.externaltools.gnu-tools-for-stm32.13.3.rel1.win32_1.0.0.202411081344/tools/bin/../lib/gcc/arm-none-eabi/13.3.1/../../../../arm-none-eabi/lib/thumb/v8-m.main+fp/hard\libc_nano.a(libc_a-lock.o)
 .ARM.attributes
                0x000009bc       0x38 C:/ST/STM32CubeIDE_1.14.1/STM32CubeIDE/plugins/com.st.stm32cube.ide.mcu.externaltools.gnu-tools-for-stm32.13.3.rel1.win32_1.0.0.202411081344/tools/bin/../lib/gcc/arm-none-eabi/13.3.1/../../../../arm-none-eabi/lib/thumb/v8-m.main+fp/hard\libc_nano.a(libc_a-memcpy-stub.o)
 .ARM.attributes
                0x000009f4       0x38 C:/ST/STM32CubeIDE_1.14.1/STM32CubeIDE/plugins/com.st.stm32cube.ide.mcu.externaltools.gnu-tools-for-stm32.13.3.rel1.win32_1.0.0.202411081344/tools/bin/../lib/gcc/arm-none-eabi/13.3.1/../../../../arm-none-eabi/lib/thumb/v8-m.main+fp/hard\libc_nano.a(libc_a-freer.o)
 .ARM.attributes
                0x00000a2c       0x38 C:/ST/STM32CubeIDE_1.14.1/STM32CubeIDE/plugins/com.st.stm32cube.ide.mcu.externaltools.gnu-tools-for-stm32.13.3.rel1.win32_1.0.0.202411081344/tools/bin/../lib/gcc/arm-none-eabi/13.3.1/../../../../arm-none-eabi/lib/thumb/v8-m.main+fp/hard\libc_nano.a(libc_a-mallocr.o)
 .ARM.attributes
                0x00000a64       0x38 C:/ST/STM32CubeIDE_1.14.1/STM32CubeIDE/plugins/com.st.stm32cube.ide.mcu.externaltools.gnu-tools-for-stm32.13.3.rel1.win32_1.0.0.202411081344/tools/bin/../lib/gcc/arm-none-eabi/13.3.1/../../../../arm-none-eabi/lib/thumb/v8-m.main+fp/hard\libc_nano.a(libc_a-mlock.o)
 .ARM.attributes
                0x00000a9c       0x38 C:/ST/STM32CubeIDE_1.14.1/STM32CubeIDE/plugins/com.st.stm32cube.ide.mcu.externaltools.gnu-tools-for-stm32.13.3.rel1.win32_1.0.0.202411081344/tools/bin/../lib/gcc/arm-none-eabi/13.3.1/../../../../arm-none-eabi/lib/thumb/v8-m.main+fp/hard\libc_nano.a(libc_a-nano-svfprintf.o)
 .ARM.attributes
                0x00000ad4       0x38 C:/ST/STM32CubeIDE_1.14.1/STM32CubeIDE/plugins/com.st.stm32cube.ide.mcu.externaltools.gnu-tools-for-stm32.13.3.rel1.win32_1.0.0.202411081344/tools/bin/../lib/gcc/arm-none-eabi/13.3.1/../../../../arm-none-eabi/lib/thumb/v8-m.main+fp/hard\libc_nano.a(libc_a-nano-vfprintf_i.o)
 .ARM.attributes
                0x00000b0c       0x38 C:/ST/STM32CubeIDE_1.14.1/STM32CubeIDE/plugins/com.st.stm32cube.ide.mcu.externaltools.gnu-tools-for-stm32.13.3.rel1.win32_1.0.0.202411081344/tools/bin/../lib/gcc/arm-none-eabi/13.3.1/../../../../arm-none-eabi/lib/thumb/v8-m.main+fp/hard\libc_nano.a(libc_a-memmove.o)
 .ARM.attributes
                0x00000b44       0x38 C:/ST/STM32CubeIDE_1.14.1/STM32CubeIDE/plugins/com.st.stm32cube.ide.mcu.externaltools.gnu-tools-for-stm32.13.3.rel1.win32_1.0.0.202411081344/tools/bin/../lib/gcc/arm-none-eabi/13.3.1/../../../../arm-none-eabi/lib/thumb/v8-m.main+fp/hard\libc_nano.a(libc_a-sbrkr.o)
 .ARM.attributes
                0x00000b7c       0x38 C:/ST/STM32CubeIDE_1.14.1/STM32CubeIDE/plugins/com.st.stm32cube.ide.mcu.externaltools.gnu-tools-for-stm32.13.3.rel1.win32_1.0.0.202411081344/tools/bin/../lib/gcc/arm-none-eabi/13.3.1/../../../../arm-none-eabi/lib/thumb/v8-m.main+fp/hard\libc_nano.a(libc_a-memchr-stub.o)
 .ARM.attributes
                0x00000bb4       0x38 C:/ST/STM32CubeIDE_1.14.1/STM32CubeIDE/plugins/com.st.stm32cube.ide.mcu.externaltools.gnu-tools-for-stm32.13.3.rel1.win32_1.0.0.202411081344/tools/bin/../lib/gcc/arm-none-eabi/13.3.1/../../../../arm-none-eabi/lib/thumb/v8-m.main+fp/hard\libc_nano.a(libc_a-reallocr.o)
 .ARM.attributes
                0x00000bec       0x38 C:/ST/STM32CubeIDE_1.14.1/STM32CubeIDE/plugins/com.st.stm32cube.ide.mcu.externaltools.gnu-tools-for-stm32.13.3.rel1.win32_1.0.0.202411081344/tools/bin/../lib/gcc/arm-none-eabi/13.3.1/../../../../arm-none-eabi/lib/thumb/v8-m.main+fp/hard\libc_nano.a(libc_a-msizer.o)
 .ARM.attributes
                0x00000c24       0x26 C:/ST/STM32CubeIDE_1.14.1/STM32CubeIDE/plugins/com.st.stm32cube.ide.mcu.externaltools.gnu-tools-for-stm32.13.3.rel1.win32_1.0.0.202411081344/tools/bin/../lib/gcc/arm-none-eabi/13.3.1/thumb/v8-m.main+fp/hard/crtn.o
OUTPUT(parking-garage.elf elf32-littlearm)
LOAD linker stubs
LOAD C:/ST/STM32CubeIDE_1.14.1/STM32CubeIDE/plugins/com.st.stm32cube.ide.mcu.externaltools.gnu-tools-for-stm32.13.3.rel1.win32_1.0.0.202411081344/tools/bin/../lib/gcc/arm-none-eabi/13.3.1/../../../../arm-none-eabi/lib/thumb/v8-m.main+fp/hard\libc.a
LOAD C:/ST/STM32CubeIDE_1.14.1/STM32CubeIDE/plugins/com.st.stm32cube.ide.mcu.externaltools.gnu-tools-for-stm32.13.3.rel1.win32_1.0.0.202411081344/tools/bin/../lib/gcc/arm-none-eabi/13.3.1/../../../../arm-none-eabi/lib/thumb/v8-m.main+fp/hard\libm.a
LOAD C:/ST/STM32CubeIDE_1.14.1/STM32CubeIDE/plugins/com.st.stm32cube.ide.mcu.externaltools.gnu-tools-for-stm32.13.3.rel1.win32_1.0.0.202411081344/tools/bin/../lib/gcc/arm-none-eabi/13.3.1/thumb/v8-m.main+fp/hard\libgcc.a

.debug_info     0x00000000    0x229e7
 .debug_info    0x00000000     0x14ea ./Core/Src/app_freertos.o
 .debug_info    0x000014ea      0x65c ./Core/Src/gpio.o
 .debug_info    0x00001b46     0x1234 ./Core/Src/i2c.o
 .debug_info    0x00002d7a       0x9f ./Core/Src/icache.o
 .debug_info    0x00002e19     0x1191 ./Core/Src/liquidcrystal_i2c.o
 .debug_info    0x00003faa     0x1353 ./Core/Src/main.o
 .debug_info    0x000052fd      0x4c7 ./Core/Src/parking_check.o
 .debug_info    0x000057c4      0xdfd ./Core/Src/rtc.o
 .debug_info    0x000065c1      0x431 ./Core/Src/stm32h5xx_hal_msp.o
 .debug_info    0x000069f2     0x11a2 ./Core/Src/stm32h5xx_hal_timebase_tim.o
 .debug_info    0x00007b94      0x95c ./Core/Src/stm32h5xx_it.o
 .debug_info    0x000084f0      0x168 ./Core/Src/sysmem.o
 .debug_info    0x00008658      0xd8e ./Core/Src/system_stm32h5xx.o
 .debug_info    0x000093e6     0x148d ./Core/Src/tim.o
 .debug_info    0x0000a873       0x30 ./Core/Startup/startup_stm32h563zitx.o
 .debug_info    0x0000a8a3     0x139f ./Drivers/STM32H5xx_HAL_Driver/Src/stm32h5xx_hal.o
 .debug_info    0x0000bc42     0x1658 ./Drivers/STM32H5xx_HAL_Driver/Src/stm32h5xx_hal_cortex.o
 .debug_info    0x0000d29a      0x6b6 ./Drivers/STM32H5xx_HAL_Driver/Src/stm32h5xx_hal_gpio.o
 .debug_info    0x0000d950     0x2322 ./Drivers/STM32H5xx_HAL_Driver/Src/stm32h5xx_hal_i2c.o
 .debug_info    0x0000fc72      0x8f3 ./Drivers/STM32H5xx_HAL_Driver/Src/stm32h5xx_hal_i2c_ex.o
 .debug_info    0x00010565     0x109f ./Drivers/STM32H5xx_HAL_Driver/Src/stm32h5xx_hal_rcc.o
 .debug_info    0x00011604     0x12d7 ./Drivers/STM32H5xx_HAL_Driver/Src/stm32h5xx_hal_rcc_ex.o
 .debug_info    0x000128db      0xe2e ./Drivers/STM32H5xx_HAL_Driver/Src/stm32h5xx_hal_rtc.o
 .debug_info    0x00013709     0x1b08 ./Drivers/STM32H5xx_HAL_Driver/Src/stm32h5xx_hal_rtc_ex.o
 .debug_info    0x00015211     0x2e54 ./Drivers/STM32H5xx_HAL_Driver/Src/stm32h5xx_hal_tim.o
 .debug_info    0x00018065     0x1eaa ./Drivers/STM32H5xx_HAL_Driver/Src/stm32h5xx_hal_tim_ex.o
 .debug_info    0x00019f0f     0x371e ./Middlewares/Third_Party/FreeRTOS/Source/CMSIS_RTOS_V2/cmsis_os2.o
 .debug_info    0x0001d62d      0x2af ./Middlewares/Third_Party/FreeRTOS/Source/list.o
 .debug_info    0x0001d8dc     0x16ac ./Middlewares/Third_Party/FreeRTOS/Source/queue.o
 .debug_info    0x0001ef88     0x2093 ./Middlewares/Third_Party/FreeRTOS/Source/tasks.o
 .debug_info    0x0002101b     0x1318 ./Middlewares/Third_Party/FreeRTOS/Source/timers.o
 .debug_info    0x00022333      0x3ad ./Middlewares/Third_Party/FreeRTOS/Source/portable/GCC/ARM_CM33_NTZ/non_secure/port.o
 .debug_info    0x000226e0      0x151 ./Middlewares/Third_Party/FreeRTOS/Source/portable/GCC/ARM_CM33_NTZ/non_secure/portasm.o
 .debug_info    0x00022831      0x1b6 ./Middlewares/Third_Party/FreeRTOS/Source/portable/MemMang/heap_1.o

.debug_abbrev   0x00000000     0x45ea
 .debug_abbrev  0x00000000      0x2af ./Core/Src/app_freertos.o
 .debug_abbrev  0x000002af      0x179 ./Core/Src/gpio.o
 .debug_abbrev  0x00000428      0x249 ./Core/Src/i2c.o
 .debug_abbrev  0x00000671       0x45 ./Core/Src/icache.o
 .debug_abbrev  0x000006b6      0x313 ./Core/Src/liquidcrystal_i2c.o
 .debug_abbrev  0x000009c9      0x29a ./Core/Src/main.o
 .debug_abbrev  0x00000c63      0x185 ./Core/Src/parking_check.o
 .debug_abbrev  0x00000de8      0x1e7 ./Core/Src/rtc.o
 .debug_abbrev  0x00000fcf       0x95 ./Core/Src/stm32h5xx_hal_msp.o
 .debug_abbrev  0x00001064      0x229 ./Core/Src/stm32h5xx_hal_timebase_tim.o
 .debug_abbrev  0x0000128d      0x1b3 ./Core/Src/stm32h5xx_it.o
 .debug_abbrev  0x00001440       0xbc ./Core/Src/sysmem.o
 .debug_abbrev  0x000014fc      0x13a ./Core/Src/system_stm32h5xx.o
 .debug_abbrev  0x00001636      0x24a ./Core/Src/tim.o
 .debug_abbrev  0x00001880       0x24 ./Core/Startup/startup_stm32h563zitx.o
 .debug_abbrev  0x000018a4      0x2af ./Drivers/STM32H5xx_HAL_Driver/Src/stm32h5xx_hal.o
 .debug_abbrev  0x00001b53      0x311 ./Drivers/STM32H5xx_HAL_Driver/Src/stm32h5xx_hal_cortex.o
 .debug_abbrev  0x00001e64      0x1db ./Drivers/STM32H5xx_HAL_Driver/Src/stm32h5xx_hal_gpio.o
 .debug_abbrev  0x0000203f      0x271 ./Drivers/STM32H5xx_HAL_Driver/Src/stm32h5xx_hal_i2c.o
 .debug_abbrev  0x000022b0      0x1a8 ./Drivers/STM32H5xx_HAL_Driver/Src/stm32h5xx_hal_i2c_ex.o
 .debug_abbrev  0x00002458      0x290 ./Drivers/STM32H5xx_HAL_Driver/Src/stm32h5xx_hal_rcc.o
 .debug_abbrev  0x000026e8      0x269 ./Drivers/STM32H5xx_HAL_Driver/Src/stm32h5xx_hal_rcc_ex.o
 .debug_abbrev  0x00002951      0x206 ./Drivers/STM32H5xx_HAL_Driver/Src/stm32h5xx_hal_rtc.o
 .debug_abbrev  0x00002b57      0x21d ./Drivers/STM32H5xx_HAL_Driver/Src/stm32h5xx_hal_rtc_ex.o
 .debug_abbrev  0x00002d74      0x2bd ./Drivers/STM32H5xx_HAL_Driver/Src/stm32h5xx_hal_tim.o
 .debug_abbrev  0x00003031      0x2c7 ./Drivers/STM32H5xx_HAL_Driver/Src/stm32h5xx_hal_tim_ex.o
 .debug_abbrev  0x000032f8      0x4d1 ./Middlewares/Third_Party/FreeRTOS/Source/CMSIS_RTOS_V2/cmsis_os2.o
 .debug_abbrev  0x000037c9       0xf5 ./Middlewares/Third_Party/FreeRTOS/Source/list.o