Archive member included to satisfy reference by file (symbol)

C:/ST/STM32CubeIDE_1.14.1/STM32CubeIDE/plugins/com.st.stm32cube.ide.mcu.externaltools.gnu-tools-for-stm32.13.3.rel1.win32_1.0.0.202411081344/tools/bin/../lib/gcc/arm-none-eabi/13.3.1/../../../../arm-none-eabi/lib/thumb/v8-m.main+fp/hard\libc_nano.a(libc_a-exit.o)
                              C:/ST/STM32CubeIDE_1.14.1/STM32CubeIDE/plugins/com.st.stm32cube.ide.mcu.externaltools.gnu-tools-for-stm32.13.3.rel1.win32_1.0.0.202411081344/tools/bin/../lib/gcc/arm-none-eabi/13.3.1/../../../../arm-none-eabi/lib/thumb/v8-m.main+fp/hard/crt0.o (exit)
C:/ST/STM32CubeIDE_1.14.1/STM32CubeIDE/plugins/com.st.stm32cube.ide.mcu.externaltools.gnu-tools-for-stm32.13.3.rel1.win32_1.0.0.202411081344/tools/bin/../lib/gcc/arm-none-eabi/13.3.1/../../../../arm-none-eabi/lib/thumb/v8-m.main+fp/hard\libc_nano.a(libc_a-findfp.o)
                              C:/ST/STM32CubeIDE_1.14.1/STM32CubeIDE/plugins/com.st.stm32cube.ide.mcu.externaltools.gnu-tools-for-stm32.13.3.rel1.win32_1.0.0.202411081344/tools/bin/../lib/gcc/arm-none-eabi/13.3.1/../../../../arm-none-eabi/lib/thumb/v8-m.main+fp/hard\libc_nano.a(libc_a-exit.o) (__stdio_exit_handler)
C:/ST/STM32CubeIDE_1.14.1/STM32CubeIDE/plugins/com.st.stm32cube.ide.mcu.externaltools.gnu-tools-for-stm32.13.3.rel1.win32_1.0.0.202411081344/tools/bin/../lib/gcc/arm-none-eabi/13.3.1/../../../../arm-none-eabi/lib/thumb/v8-m.main+fp/hard\libc_nano.a(libc_a-fwalk.o)
                              C:/ST/STM32CubeIDE_1.14.1/STM32CubeIDE/plugins/com.st.stm32cube.ide.mcu.externaltools.gnu-tools-for-stm32.13.3.rel1.win32_1.0.0.202411081344/tools/bin/../lib/gcc/arm-none-eabi/13.3.1/../../../../arm-none-eabi/lib/thumb/v8-m.main+fp/hard\libc_nano.a(libc_a-findfp.o) (_fwalk_sglue)
C:/ST/STM32CubeIDE_1.14.1/STM32CubeIDE/plugins/com.st.stm32cube.ide.mcu.externaltools.gnu-tools-for-stm32.13.3.rel1.win32_1.0.0.202411081344/tools/bin/../lib/gcc/arm-none-eabi/13.3.1/../../../../arm-none-eabi/lib/thumb/v8-m.main+fp/hard\libc_nano.a(libc_a-stdio.o)
                              C:/ST/STM32CubeIDE_1.14.1/STM32CubeIDE/plugins/com.st.stm32cube.ide.mcu.externaltools.gnu-tools-for-stm32.13.3.rel1.win32_1.0.0.202411081344/tools/bin/../lib/gcc/arm-none-eabi/13.3.1/../../../../arm-none-eabi/lib/thumb/v8-m.main+fp/hard\libc_nano.a(libc_a-findfp.o) (__sread)
C:/ST/STM32CubeIDE_1.14.1/STM32CubeIDE/plugins/com.st.stm32cube.ide.mcu.externaltools.gnu-tools-for-stm32.13.3.rel1.win32_1.0.0.202411081344/tools/bin/../lib/gcc/arm-none-eabi/13.3.1/../../../../arm-none-eabi/lib/thumb/v8-m.main+fp/hard\libc_nano.a(libc_a-memset.o)
                              C:/ST/STM32CubeIDE_1.14.1/STM32CubeIDE/plugins/com.st.stm32cube.ide.mcu.externaltools.gnu-tools-for-stm32.13.3.rel1.win32_1.0.0.202411081344/tools/bin/../lib/gcc/arm-none-eabi/13.3.1/../../../../arm-none-eabi/lib/thumb/v8-m.main+fp/hard/crt0.o (memset)
C:/ST/STM32CubeIDE_1.14.1/STM32CubeIDE/plugins/com.st.stm32cube.ide.mcu.externaltools.gnu-tools-for-stm32.13.3.rel1.win32_1.0.0.202411081344/tools/bin/../lib/gcc/arm-none-eabi/13.3.1/../../../../arm-none-eabi/lib/thumb/v8-m.main+fp/hard\libc_nano.a(libc_a-closer.o)
                              C:/ST/STM32CubeIDE_1.14.1/STM32CubeIDE/plugins/com.st.stm32cube.ide.mcu.externaltools.gnu-tools-for-stm32.13.3.rel1.win32_1.0.0.202411081344/tools/bin/../lib/gcc/arm-none-eabi/13.3.1/../../../../arm-none-eabi/lib/thumb/v8-m.main+fp/hard\libc_nano.a(libc_a-stdio.o) (_close_r)
C:/ST/STM32CubeIDE_1.14.1/STM32CubeIDE/plugins/com.st.stm32cube.ide.mcu.externaltools.gnu-tools-for-stm32.13.3.rel1.win32_1.0.0.202411081344/tools/bin/../lib/gcc/arm-none-eabi/13.3.1/../../../../arm-none-eabi/lib/thumb/v8-m.main+fp/hard\libc_nano.a(libc_a-reent.o)
                              C:/ST/STM32CubeIDE_1.14.1/STM32CubeIDE/plugins/com.st.stm32cube.ide.mcu.externaltools.gnu-tools-for-stm32.13.3.rel1.win32_1.0.0.202411081344/tools/bin/../lib/gcc/arm-none-eabi/13.3.1/../../../../arm-none-eabi/lib/thumb/v8-m.main+fp/hard\libc_nano.a(libc_a-closer.o) (errno)
C:/ST/STM32CubeIDE_1.14.1/STM32CubeIDE/plugins/com.st.stm32cube.ide.mcu.externaltools.gnu-tools-for-stm32.13.3.rel1.win32_1.0.0.202411081344/tools/bin/../lib/gcc/arm-none-eabi/13.3.1/../../../../arm-none-eabi/lib/thumb/v8-m.main+fp/hard\libc_nano.a(libc_a-impure.o)
                              C:/ST/STM32CubeIDE_1.14.1/STM32CubeIDE/plugins/com.st.stm32cube.ide.mcu.externaltools.gnu-tools-for-stm32.13.3.rel1.win32_1.0.0.202411081344/tools/bin/../lib/gcc/arm-none-eabi/13.3.1/../../../../arm-none-eabi/lib/thumb/v8-m.main+fp/hard\libc_nano.a(libc_a-reent.o) (_impure_ptr)
C:/ST/STM32CubeIDE_1.14.1/STM32CubeIDE/plugins/com.st.stm32cube.ide.mcu.externaltools.gnu-tools-for-stm32.13.3.rel1.win32_1.0.0.202411081344/tools/bin/../lib/gcc/arm-none-eabi/13.3.1/../../../../arm-none-eabi/lib/thumb/v8-m.main+fp/hard\libc_nano.a(libc_a-lseekr.o)
[...]
Memory Configuration

Name             Origin             Length             Attributes
RAM              0x20000000         0x000a0000         xrw
FLASH            0x08000000         0x00200000         xr
*default*        0x00000000         0xffffffff

Linker script and memory map

LOAD C:/ST/STM32CubeIDE_1.14.1/STM32CubeIDE/plugins/com.st.stm32cube.ide.mcu.externaltools.gnu-tools-for-stm32.13.3.rel1.win32_1.0.0.202411081344/tools/bin/../lib/gcc/arm-none-eabi/13.3.1/thumb/v8-m.main+fp/hard/crti.o
LOAD C:/ST/STM32CubeIDE_1.14.1/STM32CubeIDE/plugins/com.st.stm32cube.ide.mcu.externaltools.gnu-tools-for-stm32.13.3.rel1.win32_1.0.0.202411081344/tools/bin/../lib/gcc/arm-none-eabi/13.3.1/thumb/v8-m.main+fp/hard/crtbegin.o
LOAD C:/ST/STM32CubeIDE_1.14.1/STM32CubeIDE/plugins/com.st.stm32cube.ide.mcu.externaltools.gnu-tools-for-stm32.13.3.rel1.win32_1.0.0.202411081344/tools/bin/../lib/gcc/arm-none-eabi/13.3.1/../../../../arm-none-eabi/lib/thumb/v8-m.main+fp/hard/crt0.o
LOAD ./Core/Src/gpio.o
LOAD ./Core/Src/i2c-lcd.o
LOAD ./Core/Src/i2c.o
LOAD ./Core/Src/icache.o
LOAD ./Core/Src/main.o
LOAD ./Core/Src/memorymap.o
LOAD ./Core/Src/stm32h5xx_hal_msp.o
LOAD ./Core/Src/stm32h5xx_it.o
LOAD ./Core/Src/syscalls.o
LOAD ./Core/Src/sysmem.o
LOAD ./Core/Src/system_stm32h5xx.o
LOAD ./Core/Src/tim.o
LOAD ./Core/Startup/startup_stm32h563zitx.o
LOAD ./Drivers/STM32H5xx_HAL_Driver/Src/stm32h5xx_hal.o
LOAD ./Drivers/STM32H5xx_HAL_Driver/Src/stm32h5xx_hal_cortex.o
LOAD ./Drivers/STM32H5xx_HAL_Driver/Src/stm32h5xx_hal_dma.o
LOAD ./Drivers/STM32H5xx_HAL_Driver/Src/stm32h5xx_hal_dma_ex.o
LOAD ./Drivers/STM32H5xx_HAL_Driver/Src/stm32h5xx_hal_exti.o
LOAD ./Drivers/STM32H5xx_HAL_Driver/Src/stm32h5xx_hal_flash.o
LOAD ./Drivers/STM32H5xx_HAL_Driver/Src/stm32h5xx_hal_flash_ex.o
LOAD ./Drivers/STM32H5xx_HAL_Driver/Src/stm32h5xx_hal_gpio.o
LOAD ./Drivers/STM32H5xx_HAL_Driver/Src/stm32h5xx_hal_i2c.o
LOAD ./Drivers/STM32H5xx_HAL_Driver/Src/stm32h5xx_hal_i2c_ex.o
LOAD ./Drivers/STM32H5xx_HAL_Driver/Src/stm32h5xx_hal_icache.o
LOAD ./Drivers/STM32H5xx_HAL_Driver/Src/stm32h5xx_hal_pwr.o
LOAD ./Drivers/STM32H5xx_HAL_Driver/Src/stm32h5xx_hal_pwr_ex.o
LOAD ./Drivers/STM32H5xx_HAL_Driver/Src/stm32h5xx_hal_rcc.o
LOAD ./Drivers/STM32H5xx_HAL_Driver/Src/stm32h5xx_hal_rcc_ex.o
LOAD ./Drivers/STM32H5xx_HAL_Driver/Src/stm32h5xx_hal_tim.o
LOAD ./Drivers/STM32H5xx_HAL_Driver/Src/stm32h5xx_hal_tim_ex.o
START GROUP
LOAD C:/ST/STM32CubeIDE_1.14.1/STM32CubeIDE/plugins/com.st.stm32cube.ide.mcu.externaltools.gnu-tools-for-stm32.13.3.rel1.win32_1.0.0.202411081344/tools/bin/../lib/gcc/arm-none-eabi/13.3.1/../../../../arm-none-eabi/lib/thumb/v8-m.main+fp/hard\libc_nano.a
LOAD C:/ST/STM32CubeIDE_1.14.1/STM32CubeIDE/plugins/com.st.stm32cube.ide.mcu.externaltools.gnu-tools-for-stm32.13.3.rel1.win32_1.0.0.202411081344/tools/bin/../lib/gcc/arm-none-eabi/13.3.1/../../../../arm-none-eabi/lib/thumb/v8-m.main+fp/hard\libm.a
END GROUP
START GROUP
LOAD C:/ST/STM32CubeIDE_1.14.1/STM32CubeIDE/plugins/com.st.stm32cube.ide.mcu.externaltools.gnu-tools-for-stm32.13.3.rel1.win32_1.0.0.202411081344/tools/bin/../lib/gcc/arm-none-eabi/13.3.1/thumb/v8-m.main+fp/hard\libgcc.a
LOAD C:/ST/STM32CubeIDE_1.14.1/STM32CubeIDE/plugins/com.st.stm32cube.ide.mcu.externaltools.gnu-tools-for-stm32.13.3.rel1.win32_1.0.0.202411081344/tools/bin/../lib/gcc/arm-none-eabi/13.3.1/../../../../arm-none-eabi/lib/thumb/v8-m.main+fp/hard\libc_nano.a
END GROUP
START GROUP
LOAD C:/ST/STM32CubeIDE_1.14.1/STM32CubeIDE/plugins/com.st.stm32cube.ide.mcu.externaltools.gnu-tools-for-stm32.13.3.rel1.win32_1.0.0.202411081344/tools/bin/../lib/gcc/arm-none-eabi/13.3.1/thumb/v8-m.main+fp/hard\libgcc.a
LOAD C:/ST/STM32CubeIDE_1.14.1/STM32CubeIDE/plugins/com.st.stm32cube.ide.mcu.externaltools.gnu-tools-for-stm32.13.3.rel1.win32_1.0.0.202411081344/tools/bin/../lib/gcc/arm-none-eabi/13.3.1/../../../../arm-none-eabi/lib/thumb/v8-m.main+fp/hard\libc_nano.a
LOAD C:/ST/STM32CubeIDE_1.14.1/STM32CubeIDE/plugins/com.st.stm32cube.ide.mcu.externaltools.gnu-tools-for-stm32.13.3.rel1.win32_1.0.0.202411081344/tools/bin/../lib/gcc/arm-none-eabi/13.3.1/../../../../arm-none-eabi/lib/thumb/v8-m.main+fp/hard\libnosys.a
END GROUP
START GROUP
LOAD C:/ST/STM32CubeIDE_1.14.1/STM32CubeIDE/plugins/com.st.stm32cube.ide.mcu.externaltools.gnu-tools-for-stm32.13.3.rel1.win32_1.0.0.202411081344/tools/bin/../lib/gcc/arm-none-eabi/13.3.1/thumb/v8-m.main+fp/hard\libgcc.a
LOAD C:/ST/STM32CubeIDE_1.14.1/STM32CubeIDE/plugins/com.st.stm32cube.ide.mcu.externaltools.gnu-tools-for-stm32.13.3.rel1.win32_1.0.0.202411081344/tools/bin/../lib/gcc/arm-none-eabi/13.3.1/../../../../arm-none-eabi/lib/thumb/v8-m.main+fp/hard\libc_nano.a
LOAD C:/ST/STM32CubeIDE_1.14.1/STM32CubeIDE/plugins/com.st.stm32cube.ide.mcu.externaltools.gnu-tools-for-stm32.13.3.rel1.win32_1.0.0.202411081344/tools/bin/../lib/gcc/arm-none-eabi/13.3.1/../../../../arm-none-eabi/lib/thumb/v8-m.main+fp/hard\libnosys.a
END GROUP
LOAD C:/ST/STM32CubeIDE_1.14.1/STM32CubeIDE/plugins/com.st.stm32cube.ide.mcu.externaltools.gnu-tools-for-stm32.13.3.rel1.win32_1.0.0.202411081344/tools/bin/../lib/gcc/arm-none-eabi/13.3.1/thumb/v8-m.main+fp/hard/crtend.o
LOAD C:/ST/STM32CubeIDE_1.14.1/STM32CubeIDE/plugins/com.st.stm32cube.ide.mcu.externaltools.gnu-tools-for-stm32.13.3.rel1.win32_1.0.0.202411081344/tools/bin/../lib/gcc/arm-none-eabi/13.3.1/thumb/v8-m.main+fp/hard/crtn.o
                0x200a0000                        _estack = (ORIGIN (RAM) + LENGTH (RAM))
                0x00000200                        _Min_Heap_Size = 0x200
                0x00000400                        _Min_Stack_Size = 0x400

.isr_vector     0x08000000      0x24c
                0x08000000                        . = ALIGN (0x4)
 *(.isr_vector)
 .isr_vector    0x08000000      0x24c ./Core/Startup/startup_stm32h563zitx.o
                0x08000000                g_pfnVectors
                0x0800024c                        . = ALIGN (0x4)

.text           0x0800024c     0x5ff4
                0x0800024c                        . = ALIGN (0x4)
 *(.text)
 .text          0x0800024c       0x40 C:/ST/STM32CubeIDE_1.14.1/STM32CubeIDE/plugins/com.st.stm32cube.ide.mcu.externaltools.gnu-tools-for-stm32.13.3.rel1.win32_1.0.0.202411081344/tools/bin/../lib/gcc/arm-none-eabi/13.3.1/thumb/v8-m.main+fp/hard/crtbegin.o
 *(.text*)
 .text.MX_GPIO_Init
                0x0800028c      0x258 ./Core/Src/gpio.o
                0x0800028c                MX_GPIO_Init
 .text.lcd_send_cmd
                0x080004e4       0x60 ./Core/Src/i2c-lcd.o
                0x080004e4                lcd_send_cmd
 .text.lcd_send_data
                0x08000544       0x60 ./Core/Src/i2c-lcd.o
                0x08000544                lcd_send_data
 .text.lcd_clear
                0x080005a4       0x2e ./Core/Src/i2c-lcd.o
                0x080005a4                lcd_clear
 .text.lcd_init
                0x080005d2       0x7a ./Core/Src/i2c-lcd.o
                0x080005d2                lcd_init
 .text.lcd_send_string
                0x0800064c       0x2a ./Core/Src/i2c-lcd.o
                0x0800064c                lcd_send_string
 *fill*         0x08000676        0x2 
 .text.MX_I2C1_Init
                0x08000678       0x80 ./Core/Src/i2c.o
                0x08000678                MX_I2C1_Init
 .text.HAL_I2C_MspInit
                0x080006f8      0x11c ./Core/Src/i2c.o
                0x080006f8                HAL_I2C_MspInit
 .text.MX_ICACHE_Init
                0x08000814        0xe ./Core/Src/icache.o
                0x08000814                MX_ICACHE_Init
 *fill*         0x08000822        0x2 
 .text.main     0x08000824      0x248 ./Core/Src/main.o
                0x08000824                main
 .text.SystemClock_Config
                0x08000a6c       0xe0 ./Core/Src/main.o
                0x08000a6c                SystemClock_Config
 .text.Error_Handler
                0x08000b4c        0xc ./Core/Src/main.o
                0x08000b4c                Error_Handler
 .text.HAL_MspInit
                0x08000b58        0xe ./Core/Src/stm32h5xx_hal_msp.o
                0x08000b58                HAL_MspInit
 .text.NMI_Handler
                0x08000b66        0x8 ./Core/Src/stm32h5xx_it.o
                0x08000b66                NMI_Handler
 .text.HardFault_Handler
                0x08000b6e        0x8 ./Core/Src/stm32h5xx_it.o
                0x08000b6e                HardFault_Handler
 .text.MemManage_Handler
                0x08000b76        0x8 ./Core/Src/stm32h5xx_it.o
                0x08000b76                MemManage_Handler
 .text.BusFault_Handler
                0x08000b7e        0x8 ./Core/Src/stm32h5xx_it.o
                0x08000b7e                BusFault_Handler
 .text.UsageFault_Handler
                0x08000b86        0x8 ./Core/Src/stm32h5xx_it.o
                0x08000b86                UsageFault_Handler
 .text.SVC_Handler
                0x08000b8e        0xe ./Core/Src/stm32h5xx_it.o
                0x08000b8e                SVC_Handler
 .text.DebugMon_Handler
                0x08000b9c        0xe ./Core/Src/stm32h5xx_it.o
                0x08000b9c                DebugMon_Handler
 .text.PendSV_Handler
                0x08000baa        0xe ./Core/Src/stm32h5xx_it.o
                0x08000baa                PendSV_Handler
 .text.SysTick_Handler
                0x08000bb8        0xc ./Core/Src/stm32h5xx_it.o
                0x08000bb8                SysTick_Handler
 .text.SystemInit
                0x08000bc4       0xf8 ./Core/Src/system_stm32h5xx.o
                0x08000bc4                SystemInit
 .text.MX_TIM3_Init
                0x08000cbc      0x108 ./Core/Src/tim.o
                0x08000cbc                MX_TIM3_Init
 .text.HAL_TIM_Base_MspInit
                0x08000dc4       0x44 ./Core/Src/tim.o
                0x08000dc4                HAL_TIM_Base_MspInit
 .text.HAL_TIM_MspPostInit
                0x08000e08       0xb8 ./Core/Src/tim.o
                0x08000e08                HAL_TIM_MspPostInit
 .text.Reset_Handler
                0x08000ec0       0x50 ./Core/Startup/startup_stm32h563zitx.o
                0x08000ec0                Reset_Handler
 .text.Default_Handler
                0x08000f10        0x2 ./Core/Startup/startup_stm32h563zitx.o
                0x08000f10                EXTI2_IRQHandler
                0x08000f10                TIM8_TRG_COM_IRQHandler
                0x08000f10                TIM8_CC_IRQHandler
                0x08000f10                EXTI5_IRQHandler
                0x08000f10                I3C1_ER_IRQHandler
                0x08000f10                UART8_IRQHandler
                0x08000f10                SPI4_IRQHandler
                0x08000f10                GPDMA2_Channel1_IRQHandler
                0x08000f10                FLASH_S_IRQHandler
                0x08000f10                EXTI13_IRQHandler
                0x08000f10                TIM1_CC_IRQHandler
                0x08000f10                GPDMA2_Channel3_IRQHandler
                0x08000f10                TAMP_IRQHandler
                0x08000f10                TIM6_IRQHandler
                0x08000f10                EXTI12_IRQHandler
                0x08000f10                CORDIC_IRQHandler
                0x08000f10                USB_DRD_FS_IRQHandler
                0x08000f10                EXTI3_IRQHandler
                0x08000f10                LPTIM4_IRQHandler
                0x08000f10                GPDMA1_Channel5_IRQHandler
                0x08000f10                EXTI8_IRQHandler
                0x08000f10                GPDMA2_Channel5_IRQHandler
                0x08000f10                LPTIM2_IRQHandler
                0x08000f10                I2C3_ER_IRQHandler
                0x08000f10                GPDMA2_Channel2_IRQHandler
                0x08000f10                USART10_IRQHandler
                0x08000f10                LPTIM3_IRQHandler
                0x08000f10                EXTI0_IRQHandler
                0x08000f10                I2C2_EV_IRQHandler
                0x08000f10                FPU_IRQHandler
                0x08000f10                GPDMA1_Channel3_IRQHandler
                0x08000f10                GPDMA1_Channel7_IRQHandler
                0x08000f10                FDCAN1_IT1_IRQHandler
                0x08000f10                RAMCFG_IRQHandler
                0x08000f10                DCACHE1_IRQHandler
                0x08000f10                SPI1_IRQHandler
                0x08000f10                OCTOSPI1_IRQHandler
                0x08000f10                GPDMA1_Channel2_IRQHandler
                0x08000f10                TIM8_UP_IRQHandler
                0x08000f10                RCC_S_IRQHandler
                0x08000f10                SAI2_IRQHandler
                0x08000f10                ADC1_IRQHandler
                0x08000f10                USART6_IRQHandler
                0x08000f10                EXTI15_IRQHandler
                0x08000f10                TIM17_IRQHandler
                0x08000f10                USART3_IRQHandler
                0x08000f10                RTC_IRQHandler
                0x08000f10                EXTI9_IRQHandler
                0x08000f10                LPTIM5_IRQHandler
                0x08000f10                UART5_IRQHandler
                0x08000f10                TIM4_IRQHandler
                0x08000f10                I2C1_EV_IRQHandler
                0x08000f10                GPDMA1_Channel1_IRQHandler
                0x08000f10                TIM16_IRQHandler
                0x08000f10                UART4_IRQHandler
                0x08000f10                SecureFault_Handler
                0x08000f10                TIM3_IRQHandler
                0x08000f10                RCC_IRQHandler
                0x08000f10                UART9_IRQHandler
                0x08000f10                TIM1_TRG_COM_IRQHandler
                0x08000f10                Default_Handler
                0x08000f10                FMAC_IRQHandler
                0x08000f10                CEC_IRQHandler
                0x08000f10                USART11_IRQHandler
                0x08000f10                TIM14_IRQHandler
                0x08000f10                TIM13_IRQHandler
                0x08000f10                GPDMA2_Channel4_IRQHandler
                0x08000f10                SPI5_IRQHandler
                0x08000f10                TIM12_IRQHandler
                0x08000f10                TIM7_IRQHandler
                0x08000f10                SDMMC1_IRQHandler
                0x08000f10                TIM5_IRQHandler
                0x08000f10                UCPD1_IRQHandler
                0x08000f10                GPDMA1_Channel0_IRQHandler
                0x08000f10                I3C1_EV_IRQHandler
                0x08000f10                TIM15_IRQHandler
                0x08000f10                PVD_AVD_IRQHandler
                0x08000f10                I2C3_EV_IRQHandler
                0x08000f10                ETH_WKUP_IRQHandler
                0x08000f10                ADC2_IRQHandler
                0x08000f10                SPI2_IRQHandler
                0x08000f10                EXTI14_IRQHandler
                0x08000f10                EXTI11_IRQHandler
                0x08000f10                CRS_IRQHandler
                0x08000f10                EXTI4_IRQHandler
                0x08000f10                GPDMA2_Channel0_IRQHandler
                0x08000f10                RTC_S_IRQHandler
                0x08000f10                RNG_IRQHandler
                0x08000f10                FDCAN2_IT1_IRQHandler
                0x08000f10                ETH_IRQHandler
                0x08000f10                GPDMA2_Channel6_IRQHandler
                0x08000f10                TIM1_UP_IRQHandler
                0x08000f10                UART12_IRQHandler
                0x08000f10                WWDG_IRQHandler
                0x08000f10                SPI6_IRQHandler
                0x08000f10                I2C4_EV_IRQHandler
                0x08000f10                FDCAN2_IT0_IRQHandler
                0x08000f10                IWDG_IRQHandler
                0x08000f10                LPUART1_IRQHandler
                0x08000f10                FDCAN1_IT0_IRQHandler
                0x08000f10                TIM2_IRQHandler
                0x08000f10                GPDMA1_Channel4_IRQHandler
                0x08000f10                EXTI7_IRQHandler
                0x08000f10                TIM1_BRK_IRQHandler
                0x08000f10                EXTI1_IRQHandler
                0x08000f10                SDMMC2_IRQHandler
                0x08000f10                LPTIM6_IRQHandler
                0x08000f10                DAC1_IRQHandler
                0x08000f10                DTS_IRQHandler
                0x08000f10                UART7_IRQHandler
                0x08000f10                GTZC_IRQHandler
                0x08000f10                USART2_IRQHandler
                0x08000f10                GPDMA1_Channel6_IRQHandler
                0x08000f10                GPDMA2_Channel7_IRQHandler
                0x08000f10                I2C2_ER_IRQHandler
                0x08000f10                TIM8_BRK_IRQHandler
                0x08000f10                FLASH_IRQHandler
                0x08000f10                USART1_IRQHandler
                0x08000f10                EXTI10_IRQHandler
                0x08000f10                SPI3_IRQHandler
                0x08000f10                I2C1_ER_IRQHandler
                0x08000f10                FMC_IRQHandler
                0x08000f10                EXTI6_IRQHandler
                0x08000f10                LPTIM1_IRQHandler
                0x08000f10                DCMI_PSSI_IRQHandler
                0x08000f10                I2C4_ER_IRQHandler
                0x08000f10                ICACHE_IRQHandler
                0x08000f10                SAI1_IRQHandler
                0x08000f10                HASH_IRQHandler
 *fill*         0x08000f12        0x2 
 .text.HAL_Init
                0x08000f14       0x50 ./Drivers/STM32H5xx_HAL_Driver/Src/stm32h5xx_hal.o
                0x08000f14                HAL_Init
 .text.HAL_InitTick
                0x08000f64       0xec ./Drivers/STM32H5xx_HAL_Driver/Src/stm32h5xx_hal.o
                0x08000f64                HAL_InitTick
 .text.HAL_IncTick
                0x08001050       0x28 ./Drivers/STM32H5xx_HAL_Driver/Src/stm32h5xx_hal.o
                0x08001050                HAL_IncTick
 .text.HAL_GetTick
                0x08001078       0x18 ./Drivers/STM32H5xx_HAL_Driver/Src/stm32h5xx_hal.o
                0x08001078                HAL_GetTick
 .text.HAL_Delay
                0x08001090       0x48 ./Drivers/STM32H5xx_HAL_Driver/Src/stm32h5xx_hal.o
                0x08001090                HAL_Delay
 .text.__NVIC_SetPriorityGrouping
                0x080010d8       0x48 ./Drivers/STM32H5xx_HAL_Driver/Src/stm32h5xx_hal_cortex.o
 .text.__NVIC_GetPriorityGrouping
                0x08001120       0x1c ./Drivers/STM32H5xx_HAL_Driver/Src/stm32h5xx_hal_cortex.o
 .text.__NVIC_SetPriority
                0x0800113c       0x54 ./Drivers/STM32H5xx_HAL_Driver/Src/stm32h5xx_hal_cortex.o
 .text.NVIC_EncodePriority
                0x08001190       0x66 ./Drivers/STM32H5xx_HAL_Driver/Src/stm32h5xx_hal_cortex.o
 .text.HAL_NVIC_SetPriorityGrouping
                0x080011f6       0x16 ./Drivers/STM32H5xx_HAL_Driver/Src/stm32h5xx_hal_cortex.o
                0x080011f6                HAL_NVIC_SetPriorityGrouping
 .text.HAL_NVIC_SetPriority
                0x0800120c       0x34 ./Drivers/STM32H5xx_HAL_Driver/Src/stm32h5xx_hal_cortex.o
                0x0800120c                HAL_NVIC_SetPriority
 .text.HAL_SYSTICK_Config
                0x08001240       0x44 ./Drivers/STM32H5xx_HAL_Driver/Src/stm32h5xx_hal_cortex.o
                0x08001240                HAL_SYSTICK_Config
 .text.HAL_SYSTICK_CLKSourceConfig
                0x08001284       0xb0 ./Drivers/STM32H5xx_HAL_Driver/Src/stm32h5xx_hal_cortex.o
                0x08001284                HAL_SYSTICK_CLKSourceConfig
 .text.HAL_SYSTICK_GetCLKSourceConfig
                0x08001334       0x6c ./Drivers/STM32H5xx_HAL_Driver/Src/stm32h5xx_hal_cortex.o
                0x08001334                HAL_SYSTICK_GetCLKSourceConfig
 .text.HAL_GPIO_Init
                0x080013a0      0x2bc ./Drivers/STM32H5xx_HAL_Driver/Src/stm32h5xx_hal_gpio.o
                0x080013a0                HAL_GPIO_Init
 .text.HAL_GPIO_ReadPin
                0x0800165c       0x30 ./Drivers/STM32H5xx_HAL_Driver/Src/stm32h5xx_hal_gpio.o
                0x0800165c                HAL_GPIO_ReadPin
 .text.HAL_GPIO_WritePin
                0x0800168c       0x30 ./Drivers/STM32H5xx_HAL_Driver/Src/stm32h5xx_hal_gpio.o
                0x0800168c                HAL_GPIO_WritePin
 .text.HAL_I2C_Init
                0x080016bc      0x136 ./Drivers/STM32H5xx_HAL_Driver/Src/stm32h5xx_hal_i2c.o
                0x080016bc                HAL_I2C_Init
 *fill*         0x080017f2        0x2 
 .text.HAL_I2C_Master_Transmit
                0x080017f4      0x1e8 ./Drivers/STM32H5xx_HAL_Driver/Src/stm32h5xx_hal_i2c.o
                0x080017f4                HAL_I2C_Master_Transmit
 .text.I2C_Flush_TXDR
                0x080019dc       0x48 ./Drivers/STM32H5xx_HAL_Driver/Src/stm32h5xx_hal_i2c.o
 .text.I2C_WaitOnFlagUntilTimeout
                0x08001a24       0xb2 ./Drivers/STM32H5xx_HAL_Driver/Src/stm32h5xx_hal_i2c.o
 .text.I2C_WaitOnTXISFlagUntilTimeout
                0x08001ad6       0x8e ./Drivers/STM32H5xx_HAL_Driver/Src/stm32h5xx_hal_i2c.o
 .text.I2C_WaitOnSTOPFlagUntilTimeout
                0x08001b64       0x86 ./Drivers/STM32H5xx_HAL_Driver/Src/stm32h5xx_hal_i2c.o
 *fill*         0x08001bea        0x2 
 .text.I2C_IsErrorOccurred
                0x08001bec      0x1c0 ./Drivers/STM32H5xx_HAL_Driver/Src/stm32h5xx_hal_i2c.o
 .text.I2C_TransferConfig
                0x08001dac       0x64 ./Drivers/STM32H5xx_HAL_Driver/Src/stm32h5xx_hal_i2c.o
 .text.HAL_I2CEx_ConfigAnalogFilter
                0x08001e10       0x96 ./Drivers/STM32H5xx_HAL_Driver/Src/stm32h5xx_hal_i2c_ex.o
                0x08001e10                HAL_I2CEx_ConfigAnalogFilter
 .text.HAL_I2CEx_ConfigDigitalFilter
                0x08001ea6       0x98 ./Drivers/STM32H5xx_HAL_Driver/Src/stm32h5xx_hal_i2c_ex.o
                0x08001ea6                HAL_I2CEx_ConfigDigitalFilter
 *fill*         0x08001f3e        0x2 
 .text.HAL_RCC_OscConfig
                0x08001f40      0x870 ./Drivers/STM32H5xx_HAL_Driver/Src/stm32h5xx_hal_rcc.o
                0x08001f40                HAL_RCC_OscConfig
 .text.HAL_RCC_ClockConfig
                0x080027b0      0x370 ./Drivers/STM32H5xx_HAL_Driver/Src/stm32h5xx_hal_rcc.o
                0x080027b0                HAL_RCC_ClockConfig
 .text.HAL_RCC_GetSysClockFreq
                0x08002b20      0x258 ./Drivers/STM32H5xx_HAL_Driver/Src/stm32h5xx_hal_rcc.o
                0x08002b20                HAL_RCC_GetSysClockFreq
 .text.HAL_RCC_GetHCLKFreq
                0x08002d78       0x38 ./Drivers/STM32H5xx_HAL_Driver/Src/stm32h5xx_hal_rcc.o
                0x08002d78                HAL_RCC_GetHCLKFreq
 .text.HAL_RCCEx_PeriphCLKConfig
                0x08002db0     0x1f14 ./Drivers/STM32H5xx_HAL_Driver/Src/stm32h5xx_hal_rcc_ex.o
                0x08002db0                HAL_RCCEx_PeriphCLKConfig
 .text.RCCEx_PLL2_Config
                0x08004cc4      0x130 ./Drivers/STM32H5xx_HAL_Driver/Src/stm32h5xx_hal_rcc_ex.o
 .text.RCCEx_PLL3_Config
                0x08004df4      0x130 ./Drivers/STM32H5xx_HAL_Driver/Src/stm32h5xx_hal_rcc_ex.o
 .text.HAL_TIM_Base_Init
                0x08004f24       0xae ./Drivers/STM32H5xx_HAL_Driver/Src/stm32h5xx_hal_tim.o
                0x08004f24                HAL_TIM_Base_Init
 .text.HAL_TIM_PWM_Init
                0x08004fd2       0xae ./Drivers/STM32H5xx_HAL_Driver/Src/stm32h5xx_hal_tim.o
                0x08004fd2                HAL_TIM_PWM_Init
 .text.HAL_TIM_PWM_MspInit
                0x08005080       0x14 ./Drivers/STM32H5xx_HAL_Driver/Src/stm32h5xx_hal_tim.o
                0x08005080                HAL_TIM_PWM_MspInit
 .text.HAL_TIM_PWM_ConfigChannel
                0x08005094      0x228 ./Drivers/STM32H5xx_HAL_Driver/Src/stm32h5xx_hal_tim.o
                0x08005094                HAL_TIM_PWM_ConfigChannel
 .text.HAL_TIM_ConfigClockSource
                0x080052bc      0x23c ./Drivers/STM32H5xx_HAL_Driver/Src/stm32h5xx_hal_tim.o
                0x080052bc                HAL_TIM_ConfigClockSource
 .text.TIM_Base_SetConfig
                0x080054f8      0x254 ./Drivers/STM32H5xx_HAL_Driver/Src/stm32h5xx_hal_tim.o
                0x080054f8                TIM_Base_SetConfig
 .text.TIM_OC1_SetConfig
                0x0800574c      0x184 ./Drivers/STM32H5xx_HAL_Driver/Src/stm32h5xx_hal_tim.o
 .text.TIM_OC2_SetConfig
                0x080058d0      0x160 ./Drivers/STM32H5xx_HAL_Driver/Src/stm32h5xx_hal_tim.o
                0x080058d0                TIM_OC2_SetConfig
 .text.TIM_OC3_SetConfig
                0x08005a30      0x15c ./Drivers/STM32H5xx_HAL_Driver/Src/stm32h5xx_hal_tim.o
 .text.TIM_OC4_SetConfig
                0x08005b8c      0x160 ./Drivers/STM32H5xx_HAL_Driver/Src/stm32h5xx_hal_tim.o
 .text.TIM_OC5_SetConfig
                0x08005cec      0x104 ./Drivers/STM32H5xx_HAL_Driver/Src/stm32h5xx_hal_tim.o
 .text.TIM_OC6_SetConfig
                0x08005df0      0x108 ./Drivers/STM32H5xx_HAL_Driver/Src/stm32h5xx_hal_tim.o
 .text.TIM_TI1_ConfigInputStage
                0x08005ef8       0x5e ./Drivers/STM32H5xx_HAL_Driver/Src/stm32h5xx_hal_tim.o
 .text.TIM_TI2_ConfigInputStage
                0x08005f56       0x60 ./Drivers/STM32H5xx_HAL_Driver/Src/stm32h5xx_hal_tim.o
 .text.TIM_ITRx_SetConfig
                0x08005fb6       0x3a ./Drivers/STM32H5xx_HAL_Driver/Src/stm32h5xx_hal_tim.o
 .text.TIM_ETR_SetConfig
                0x08005ff0       0x40 ./Drivers/STM32H5xx_HAL_Driver/Src/stm32h5xx_hal_tim.o
                0x08005ff0                TIM_ETR_SetConfig
 .text.HAL_TIMEx_MasterConfigSynchronization
                0x08006030      0x1a0 ./Drivers/STM32H5xx_HAL_Driver/Src/stm32h5xx_hal_tim_ex.o
                0x08006030                HAL_TIMEx_MasterConfigSynchronization
 .text.memset   0x080061d0       0x10 C:/ST/STM32CubeIDE_1.14.1/STM32CubeIDE/plugins/com.st.stm32cube.ide.mcu.externaltools.gnu-tools-for-stm32.13.3.rel1.win32_1.0.0.202411081344/tools/bin/../lib/gcc/arm-none-eabi/13.3.1/../../../../arm-none-eabi/lib/thumb/v8-m.main+fp/hard\libc_nano.a(libc_a-memset.o)
                0x080061d0                memset
 .text.__libc_init_array
                0x080061e0       0x48 C:/ST/STM32CubeIDE_1.14.1/STM32CubeIDE/plugins/com.st.stm32cube.ide.mcu.externaltools.gnu-tools-for-stm32.13.3.rel1.win32_1.0.0.202411081344/tools/bin/../lib/gcc/arm-none-eabi/13.3.1/../../../../arm-none-eabi/lib/thumb/v8-m.main+fp/hard\libc_nano.a(libc_a-init.o)
                0x080061e0                __libc_init_array
 *(.glue_7)
 .glue_7        0x08006228        0x0 linker stubs
 *(.glue_7t)
 .glue_7t       0x08006228        0x0 linker stubs
 *(.eh_frame)
 .eh_frame      0x08006228        0x0 C:/ST/STM32CubeIDE_1.14.1/STM32CubeIDE/plugins/com.st.stm32cube.ide.mcu.externaltools.gnu-tools-for-stm32.13.3.rel1.win32_1.0.0.202411081344/tools/bin/../lib/gcc/arm-none-eabi/13.3.1/thumb/v8-m.main+fp/hard/crtbegin.o
 *(.init)
 .init          0x08006228        0x4 C:/ST/STM32CubeIDE_1.14.1/STM32CubeIDE/plugins/com.st.stm32cube.ide.mcu.externaltools.gnu-tools-for-stm32.13.3.rel1.win32_1.0.0.202411081344/tools/bin/../lib/gcc/arm-none-eabi/13.3.1/thumb/v8-m.main+fp/hard/crti.o
                0x08006228                _init
 .init          0x0800622c        0x8 C:/ST/STM32CubeIDE_1.14.1/STM32CubeIDE/plugins/com.st.stm32cube.ide.mcu.externaltools.gnu-tools-for-stm32.13.3.rel1.win32_1.0.0.202411081344/tools/bin/../lib/gcc/arm-none-eabi/13.3.1/thumb/v8-m.main+fp/hard/crtn.o
 *(.fini)
 .fini          0x08006234        0x4 C:/ST/STM32CubeIDE_1.14.1/STM32CubeIDE/plugins/com.st.stm32cube.ide.mcu.externaltools.gnu-tools-for-stm32.13.3.rel1.win32_1.0.0.202411081344/tools/bin/../lib/gcc/arm-none-eabi/13.3.1/thumb/v8-m.main+fp/hard/crti.o
                0x08006234                _fini
 .fini          0x08006238        0x8 C:/ST/STM32CubeIDE_1.14.1/STM32CubeIDE/plugins/com.st.stm32cube.ide.mcu.externaltools.gnu-tools-for-stm32.13.3.rel1.win32_1.0.0.202411081344/tools/bin/../lib/gcc/arm-none-eabi/13.3.1/thumb/v8-m.main+fp/hard/crtn.o
                0x08006240                        . = ALIGN (0x4)
                0x08006240                        _etext = .

.vfp11_veneer   0x08006240        0x0
 .vfp11_veneer  0x08006240        0x0 linker stubs

.v4_bx          0x08006240        0x0
 .v4_bx         0x08006240        0x0 linker stubs

.iplt           0x08006240        0x0
 .iplt          0x08006240        0x0 C:/ST/STM32CubeIDE_1.14.1/STM32CubeIDE/plugins/com.st.stm32cube.ide.mcu.externaltools.gnu-tools-for-stm32.13.3.rel1.win32_1.0.0.202411081344/tools/bin/../lib/gcc/arm-none-eabi/13.3.1/thumb/v8-m.main+fp/hard/crtbegin.o

.rodata         0x08006240       0x18
                0x08006240                        . = ALIGN (0x4)
 *(.rodata)
 .rodata        0x08006240        0x8 ./Core/Src/main.o
 *(.rodata*)
 .rodata.AHBPrescTable
                0x08006248       0x10 ./Core/Src/system_stm32h5xx.o
                0x08006248                AHBPrescTable
                0x08006258                        . = ALIGN (0x4)

.ARM.extab      0x08006258        0x0
                0x08006258                        . = ALIGN (0x4)
 *(.ARM.extab* .gnu.linkonce.armextab.*)
                0x08006258                        . = ALIGN (0x4)

.ARM            0x08006258        0x0
                0x08006258                        . = ALIGN (0x4)
                0x08006258                        __exidx_start = .
 *(.ARM.exidx*)
                0x08006258                        __exidx_end = .
                0x08006258                        . = ALIGN (0x4)

.preinit_array  0x08006258        0x0
                0x08006258                        . = ALIGN (0x4)
                0x08006258                        PROVIDE (__preinit_array_start = .)
 *(.preinit_array*)
                0x08006258                        PROVIDE (__preinit_array_end = .)
                0x08006258                        . = ALIGN (0x4)

.init_array     0x08006258        0x4
                0x08006258                        . = ALIGN (0x4)
                0x08006258                        PROVIDE (__init_array_start = .)
 *(SORT_BY_NAME(.init_array.*))
 *(.init_array*)
 .init_array    0x08006258        0x4 C:/ST/STM32CubeIDE_1.14.1/STM32CubeIDE/plugins/com.st.stm32cube.ide.mcu.externaltools.gnu-tools-for-stm32.13.3.rel1.win32_1.0.0.202411081344/tools/bin/../lib/gcc/arm-none-eabi/13.3.1/thumb/v8-m.main+fp/hard/crtbegin.o
                0x0800625c                        PROVIDE (__init_array_end = .)
                0x0800625c                        . = ALIGN (0x4)

.fini_array     0x0800625c        0x4
                0x0800625c                        . = ALIGN (0x4)
                [!provide]                        PROVIDE (__fini_array_start = .)
 *(SORT_BY_NAME(.fini_array.*))
 *(.fini_array*)
 .fini_array    0x0800625c        0x4 C:/ST/STM32CubeIDE_1.14.1/STM32CubeIDE/plugins/com.st.stm32cube.ide.mcu.externaltools.gnu-tools-for-stm32.13.3.rel1.win32_1.0.0.202411081344/tools/bin/../lib/gcc/arm-none-eabi/13.3.1/thumb/v8-m.main+fp/hard/crtbegin.o
                [!provide]                        PROVIDE (__fini_array_end = .)
                0x08006260                        . = ALIGN (0x4)
                0x08006260                        _sidata = LOADADDR (.data)

.rel.dyn        0x08006260        0x0
 .rel.iplt      0x08006260        0x0 C:/ST/STM32CubeIDE_1.14.1/STM32CubeIDE/plugins/com.st.stm32cube.ide.mcu.externaltools.gnu-tools-for-stm32.13.3.rel1.win32_1.0.0.202411081344/tools/bin/../lib/gcc/arm-none-eabi/13.3.1/thumb/v8-m.main+fp/hard/crtbegin.o

.data           0x20000000        0xc load address 0x08006260
                0x20000000                        . = ALIGN (0x4)
                0x20000000                        _sdata = .
 *(.data)
 *(.data*)
 .data.SystemCoreClock
                0x20000000        0x4 ./Core/Src/system_stm32h5xx.o
                0x20000000                SystemCoreClock
 .data.uwTickPrio
                0x20000004        0x4 ./Drivers/STM32H5xx_HAL_Driver/Src/stm32h5xx_hal.o
                0x20000004                uwTickPrio
 .data.uwTickFreq
                0x20000008        0x1 ./Drivers/STM32H5xx_HAL_Driver/Src/stm32h5xx_hal.o
                0x20000008                uwTickFreq
 *(.RamFunc)
 *(.RamFunc*)
                0x2000000c                        . = ALIGN (0x4)
 *fill*         0x20000009        0x3 
                0x2000000c                        _edata = .

.igot.plt       0x2000000c        0x0 load address 0x0800626c
 .igot.plt      0x2000000c        0x0 C:/ST/STM32CubeIDE_1.14.1/STM32CubeIDE/plugins/com.st.stm32cube.ide.mcu.externaltools.gnu-tools-for-stm32.13.3.rel1.win32_1.0.0.202411081344/tools/bin/../lib/gcc/arm-none-eabi/13.3.1/thumb/v8-m.main+fp/hard/crtbegin.o
                0x2000000c                        . = ALIGN (0x4)

.bss            0x2000000c       0xc0 load address 0x0800626c
                0x2000000c                        _sbss = .
                0x2000000c                        __bss_start__ = _sbss
 *(.bss)
 .bss           0x2000000c       0x1c C:/ST/STM32CubeIDE_1.14.1/STM32CubeIDE/plugins/com.st.stm32cube.ide.mcu.externaltools.gnu-tools-for-stm32.13.3.rel1.win32_1.0.0.202411081344/tools/bin/../lib/gcc/arm-none-eabi/13.3.1/thumb/v8-m.main+fp/hard/crtbegin.o
 *(.bss*)
 .bss.hi2c1     0x20000028       0x54 ./Core/Src/i2c.o
                0x20000028                hi2c1
 .bss.htim3     0x2000007c       0x4c ./Core/Src/tim.o
                0x2000007c                htim3
 .bss.uwTick    0x200000c8        0x4 ./Drivers/STM32H5xx_HAL_Driver/Src/stm32h5xx_hal.o
                0x200000c8                uwTick
 *(COMMON)
                0x200000cc                        . = ALIGN (0x4)
                0x200000cc                        _ebss = .
                0x200000cc                        __bss_end__ = _ebss

._user_heap_stack
                0x200000cc      0x604 load address 0x0800626c
                0x200000d0                        . = ALIGN (0x8)
 *fill*         0x200000cc        0x4 
                [!provide]                        PROVIDE (end = .)
                0x200000d0                        PROVIDE (_end = .)
                0x200002d0                        . = (. + _Min_Heap_Size)
 *fill*         0x200000d0      0x200 
                0x200006d0                        . = (. + _Min_Stack_Size)
 *fill*         0x200002d0      0x400 
                0x200006d0                        . = ALIGN (0x8)

/DISCARD/
 libc.a(*)
 libm.a(*)
 libgcc.a(*)

.ARM.attributes
                0x00000000       0x36
 *(.ARM.attributes)
 .ARM.attributes
                0x00000000       0x26 C:/ST/STM32CubeIDE_1.14.1/STM32CubeIDE/plugins/com.st.stm32cube.ide.mcu.externaltools.gnu-tools-for-stm32.13.3.rel1.win32_1.0.0.202411081344/tools/bin/../lib/gcc/arm-none-eabi/13.3.1/thumb/v8-m.main+fp/hard/crti.o
 .ARM.attributes
                0x00000026       0x38 C:/ST/STM32CubeIDE_1.14.1/STM32CubeIDE/plugins/com.st.stm32cube.ide.mcu.externaltools.gnu-tools-for-stm32.13.3.rel1.win32_1.0.0.202411081344/tools/bin/../lib/gcc/arm-none-eabi/13.3.1/thumb/v8-m.main+fp/hard/crtbegin.o
 .ARM.attributes
                0x0000005e       0x3a ./Core/Src/gpio.o
 .ARM.attributes
                0x00000098       0x3a ./Core/Src/i2c-lcd.o
 .ARM.attributes
                0x000000d2       0x3a ./Core/Src/i2c.o
 .ARM.attributes
                0x0000010c       0x3a ./Core/Src/icache.o
 .ARM.attributes
                0x00000146       0x3a ./Core/Src/main.o
 .ARM.attributes
                0x00000180       0x3a ./Core/Src/stm32h5xx_hal_msp.o
 .ARM.attributes
                0x000001ba       0x3a ./Core/Src/stm32h5xx_it.o
 .ARM.attributes
                0x000001f4       0x3a ./Core/Src/system_stm32h5xx.o
 .ARM.attributes
                0x0000022e       0x3a ./Core/Src/tim.o
 .ARM.attributes
                0x00000268       0x24 ./Core/Startup/startup_stm32h563zitx.o
 .ARM.attributes
                0x0000028c       0x3a ./Drivers/STM32H5xx_HAL_Driver/Src/stm32h5xx_hal.o
 .ARM.attributes
                0x000002c6       0x3a ./Drivers/STM32H5xx_HAL_Driver/Src/stm32h5xx_hal_cortex.o
 .ARM.attributes
                0x00000300       0x3a ./Drivers/STM32H5xx_HAL_Driver/Src/stm32h5xx_hal_gpio.o
 .ARM.attributes
                0x0000033a       0x3a ./Drivers/STM32H5xx_HAL_Driver/Src/stm32h5xx_hal_i2c.o
 .ARM.attributes
                0x00000374       0x3a ./Drivers/STM32H5xx_HAL_Driver/Src/stm32h5xx_hal_i2c_ex.o
 .ARM.attributes
                0x000003ae       0x3a ./Drivers/STM32H5xx_HAL_Driver/Src/stm32h5xx_hal_rcc.o
 .ARM.attributes
                0x000003e8       0x3a ./Drivers/STM32H5xx_HAL_Driver/Src/stm32h5xx_hal_rcc_ex.o
 .ARM.attributes
                0x00000422       0x3a ./Drivers/STM32H5xx_HAL_Driver/Src/stm32h5xx_hal_tim.o
 .ARM.attributes
                0x0000045c       0x3a ./Drivers/STM32H5xx_HAL_Driver/Src/stm32h5xx_hal_tim_ex.o
 .ARM.attributes
                0x00000496       0x38 C:/ST/STM32CubeIDE_1.14.1/STM32CubeIDE/plugins/com.st.stm32cube.ide.mcu.externaltools.gnu-tools-for-stm32.13.3.rel1.win32_1.0.0.202411081344/tools/bin/../lib/gcc/arm-none-eabi/13.3.1/../../../../arm-none-eabi/lib/thumb/v8-m.main+fp/hard\libc_nano.a(libc_a-memset.o)
 .ARM.attributes
                0x000004ce       0x38 C:/ST/STM32CubeIDE_1.14.1/STM32CubeIDE/plugins/com.st.stm32cube.ide.mcu.externaltools.gnu-tools-for-stm32.13.3.rel1.win32_1.0.0.202411081344/tools/bin/../lib/gcc/arm-none-eabi/13.3.1/../../../../arm-none-eabi/lib/thumb/v8-m.main+fp/hard\libc_nano.a(libc_a-init.o)
 .ARM.attributes
                0x00000506       0x26 C:/ST/STM32CubeIDE_1.14.1/STM32CubeIDE/plugins/com.st.stm32cube.ide.mcu.externaltools.gnu-tools-for-stm32.13.3.rel1.win32_1.0.0.202411081344/tools/bin/../lib/gcc/arm-none-eabi/13.3.1/thumb/v8-m.main+fp/hard/crtn.o
OUTPUT(parking-garage.elf elf32-littlearm)
LOAD linker stubs
LOAD C:/ST/STM32CubeIDE_1.14.1/STM32CubeIDE/plugins/com.st.stm32cube.ide.mcu.externaltools.gnu-tools-for-stm32.13.3.rel1.win32_1.0.0.202411081344/tools/bin/../lib/gcc/arm-none-eabi/13.3.1/../../../../arm-none-eabi/lib/thumb/v8-m.main+fp/hard\libc.a
LOAD C:/ST/STM32CubeIDE_1.14.1/STM32CubeIDE/plugins/com.st.stm32cube.ide.mcu.externaltools.gnu-tools-for-stm32.13.3.rel1.win32_1.0.0.202411081344/tools/bin/../lib/gcc/arm-none-eabi/13.3.1/../../../../arm-none-eabi/lib/thumb/v8-m.main+fp/hard\libm.a
LOAD C:/ST/STM32CubeIDE_1.14.1/STM32CubeIDE/plugins/com.st.stm32cube.ide.mcu.externaltools.gnu-tools-for-stm32.13.3.rel1.win32_1.0.0.202411081344/tools/bin/../lib/gcc/arm-none-eabi/13.3.1/thumb/v8-m.main+fp/hard\libgcc.a

.debug_info     0x00000000    0x11a6b
 .debug_info    0x00000000      0x65c ./Core/Src/gpio.o
 .debug_info    0x0000065c      0x982 ./Core/Src/i2c-lcd.o
 .debug_info    0x00000fde     0x1234 ./Core/Src/i2c.o
 .debug_info    0x00002212       0x9f ./Core/Src/icache.o
 .debug_info    0x000022b1      0xa4c ./Core/Src/main.o
 .debug_info    0x00002cfd       0x9f ./Core/Src/stm32h5xx_hal_msp.o
 .debug_info    0x00002d9c      0x128 ./Core/Src/stm32h5xx_it.o
 .debug_info    0x00002ec4      0xd8e ./Core/Src/system_stm32h5xx.o
 .debug_info    0x00003c52     0x10b3 ./Core/Src/tim.o
 .debug_info    0x00004d05       0x30 ./Core/Startup/startup_stm32h563zitx.o
 .debug_info    0x00004d35     0x139f ./Drivers/STM32H5xx_HAL_Driver/Src/stm32h5xx_hal.o
 .debug_info    0x000060d4     0x1658 ./Drivers/STM32H5xx_HAL_Driver/Src/stm32h5xx_hal_cortex.o
 .debug_info    0x0000772c      0x6b6 ./Drivers/STM32H5xx_HAL_Driver/Src/stm32h5xx_hal_gpio.o
 .debug_info    0x00007de2     0x2322 ./Drivers/STM32H5xx_HAL_Driver/Src/stm32h5xx_hal_i2c.o
 .debug_info    0x0000a104      0x8f3 ./Drivers/STM32H5xx_HAL_Driver/Src/stm32h5xx_hal_i2c_ex.o
 .debug_info    0x0000a9f7     0x109f ./Drivers/STM32H5xx_HAL_Driver/Src/stm32h5xx_hal_rcc.o
 .debug_info    0x0000ba96     0x12d7 ./Drivers/STM32H5xx_HAL_Driver/Src/stm32h5xx_hal_rcc_ex.o
 .debug_info    0x0000cd6d     0x2e54 ./Drivers/STM32H5xx_HAL_Driver/Src/stm32h5xx_hal_tim.o
 .debug_info    0x0000fbc1     0x1eaa ./Drivers/STM32H5xx_HAL_Driver/Src/stm32h5xx_hal_tim_ex.o

.debug_abbrev   0x00000000     0x22d6
 .debug_abbrev  0x00000000      0x179 ./Core/Src/gpio.o
 .debug_abbrev  0x00000179      0x1f7 ./Core/Src/i2c-lcd.o
 .debug_abbrev  0x00000370      0x249 ./Core/Src/i2c.o
 .debug_abbrev  0x000005b9       0x45 ./Core/Src/icache.o
 .debug_abbrev  0x000005fe      0x237 ./Core/Src/main.o
 .debug_abbrev  0x00000835       0x45 ./Core/Src/stm32h5xx_hal_msp.o
 .debug_abbrev  0x0000087a       0x73 ./Core/Src/stm32h5xx_it.o
 .debug_abbrev  0x000008ed      0x13a ./Core/Src/system_stm32h5xx.o
 .debug_abbrev  0x00000a27      0x25a ./Core/Src/tim.o
 .debug_abbrev  0x00000c81       0x24 ./Core/Startup/startup_stm32h563zitx.o
 .debug_abbrev  0x00000ca5      0x2af ./Drivers/STM32H5xx_HAL_Driver/Src/stm32h5xx_hal.o
 .debug_abbrev  0x00000f54      0x311 ./Drivers/STM32H5xx_HAL_Driver/Src/stm32h5xx_hal_cortex.o
 .debug_abbrev  0x00001265      0x1db ./Drivers/STM32H5xx_HAL_Driver/Src/stm32h5xx_hal_gpio.o
 .debug_abbrev  0x00001440      0x271 ./Drivers/STM32H5xx_HAL_Driver/Src/stm32h5xx_hal_i2c.o
 .debug_abbrev  0x000016b1      0x1a8 ./Drivers/STM32H5xx_HAL_Driver/Src/stm32h5xx_hal_i2c_ex.o
 .debug_abbrev  0x00001859      0x290 ./Drivers/STM32H5xx_HAL_Driver/Src/stm32h5xx_hal_rcc.o
 .debug_abbrev  0x00001ae9      0x269 ./Drivers/STM32H5xx_HAL_Driver/Src/stm32h5xx_hal_rcc_ex.o
 .debug_abbrev  0x00001d52      0x2bd ./Drivers/STM32H5xx_HAL_Driver/Src/stm32h5xx_hal_tim.o
 .debug_abbrev  0x0000200f      0x2c7 ./Drivers/STM32H5xx_HAL_Driver/Src/stm32h5xx_hal_tim_ex.o

.debug_aranges  0x00000000     0x1058
 .debug_aranges
                0x00000000       0x20 ./Core/Src/gpio.o
 .debug_aranges
                0x00000020       0x48 ./Core/Src/i2c-lcd.o
 .debug_aranges
                0x00000068       0x30 ./Core/Src/i2c.o
 .debug_aranges
                0x00000098       0x20 ./Core/Src/icache.o
 .debug_aranges
                0x000000b8       0x30 ./Core/Src/main.o
 .debug_aranges
                0x000000e8       0x20 ./Core/Src/stm32h5xx_hal_msp.o
 .debug_aranges
                0x00000108       0x60 ./Core/Src/stm32h5xx_it.o
 .debug_aranges
                0x00000168       0x28 ./Core/Src/system_stm32h5xx.o
 .debug_aranges
                0x00000190       0x38 ./Core/Src/tim.o
 .debug_aranges
                0x000001c8       0x28 ./Core/Startup/startup_stm32h563zitx.o
 .debug_aranges
                0x000001f0      0x200 ./Drivers/STM32H5xx_HAL_Driver/Src/stm32h5xx_hal.o
 .debug_aranges
                0x000003f0      0x140 ./Drivers/STM32H5xx_HAL_Driver/Src/stm32h5xx_hal_cortex.o
 .debug_aranges
                0x00000530       0x78 ./Drivers/STM32H5xx_HAL_Driver/Src/stm32h5xx_hal_gpio.o
 .debug_aranges
                0x000005a8      0x2a0 ./Drivers/STM32H5xx_HAL_Driver/Src/stm32h5xx_hal_i2c.o
 .debug_aranges
                0x00000848       0x40 ./Drivers/STM32H5xx_HAL_Driver/Src/stm32h5xx_hal_i2c_ex.o
 .debug_aranges
                0x00000888       0xa0 ./Drivers/STM32H5xx_HAL_Driver/Src/stm32h5xx_hal_rcc.o
 .debug_aranges
                0x00000928      0x108 ./Drivers/STM32H5xx_HAL_Driver/Src/stm32h5xx_hal_rcc_ex.o
 .debug_aranges
                0x00000a30      0x3e8 ./Drivers/STM32H5xx_HAL_Driver/Src/stm32h5xx_hal_tim.o
 .debug_aranges
                0x00000e18      0x240 ./Drivers/STM32H5xx_HAL_Driver/Src/stm32h5xx_hal_tim_ex.o

.debug_rnglists
                0x00000000      0xca4
 .debug_rnglists
                0x00000000       0x14 ./Core/Src/gpio.o
 .debug_rnglists
                0x00000014       0x31 ./Core/Src/i2c-lcd.o
 .debug_rnglists
                0x00000045       0x21 ./Core/Src/i2c.o
 .debug_rnglists
                0x00000066       0x13 ./Core/Src/icache.o
 .debug_rnglists
                0x00000079       0x21 ./Core/Src/main.o
 .debug_rnglists
                0x0000009a       0x13 ./Core/Src/stm32h5xx_hal_msp.o
 .debug_rnglists
                0x000000ad       0x43 ./Core/Src/stm32h5xx_it.o
 .debug_rnglists
                0x000000f0       0x1b ./Core/Src/system_stm32h5xx.o
 .debug_rnglists
                0x0000010b       0x27 ./Core/Src/tim.o
 .debug_rnglists
                0x00000132       0x19 ./Core/Startup/startup_stm32h563zitx.o
 .debug_rnglists
                0x0000014b      0x17d ./Drivers/STM32H5xx_HAL_Driver/Src/stm32h5xx_hal.o
 .debug_rnglists
                0x000002c8       0xec ./Drivers/STM32H5xx_HAL_Driver/Src/stm32h5xx_hal_cortex.o
 .debug_rnglists
                0x000003b4       0x57 ./Drivers/STM32H5xx_HAL_Driver/Src/stm32h5xx_hal_gpio.o
 .debug_rnglists
                0x0000040b      0x228 ./Drivers/STM32H5xx_HAL_Driver/Src/stm32h5xx_hal_i2c.o
 .debug_rnglists
                0x00000633       0x30 ./Drivers/STM32H5xx_HAL_Driver/Src/stm32h5xx_hal_i2c_ex.o
 .debug_rnglists
                0x00000663       0x79 ./Drivers/STM32H5xx_HAL_Driver/Src/stm32h5xx_hal_rcc.o
 .debug_rnglists
                0x000006dc       0xcf ./Drivers/STM32H5xx_HAL_Driver/Src/stm32h5xx_hal_rcc_ex.o
 .debug_rnglists
                0x000007ab      0x32e ./Drivers/STM32H5xx_HAL_Driver/Src/stm32h5xx_hal_tim.o
 .debug_rnglists
                0x00000ad9      0x1cb ./Drivers/STM32H5xx_HAL_Driver/Src/stm32h5xx_hal_tim_ex.o

.debug_macro    0x00000000    0x31ed0
 .debug_macro   0x00000000      0x295 ./Core/Src/gpio.o
 .debug_macro   0x00000295      0xade ./Core/Src/gpio.o
 .debug_macro   0x00000d73      0x1d0 ./Core/Src/gpio.o
 .debug_macro   0x00000f43       0x22 ./Core/Src/gpio.o
 .debug_macro   0x00000f65       0x5b ./Core/Src/gpio.o
 .debug_macro   0x00000fc0       0x2a ./Core/Src/gpio.o
 .debug_macro   0x00000fea       0x94 ./Core/Src/gpio.o
 .debug_macro   0x0000107e       0x43 ./Core/Src/gpio.o
 .debug_macro   0x000010c1       0x34 ./Core/Src/gpio.o
 .debug_macro   0x000010f5      0x190 ./Core/Src/gpio.o
 .debug_macro   0x00001285       0x57 ./Core/Src/gpio.o
 .debug_macro   0x000012dc      0x370 ./Core/Src/gpio.o
 .debug_macro   0x0000164c       0x16 ./Core/Src/gpio.o
 .debug_macro   0x00001662       0x4a ./Core/Src/gpio.o
 .debug_macro   0x000016ac       0x34 ./Core/Src/gpio.o
 .debug_macro   0x000016e0       0x10 ./Core/Src/gpio.o
 .debug_macro   0x000016f0       0x58 ./Core/Src/gpio.o
 .debug_macro   0x00001748       0x8e ./Core/Src/gpio.o
 .debug_macro   0x000017d6       0x1c ./Core/Src/gpio.o
 .debug_macro   0x000017f2      0x185 ./Core/Src/gpio.o
 .debug_macro   0x00001977      0x19b ./Core/Src/gpio.o
 .debug_macro   0x00001b12       0x28 ./Core/Src/gpio.o
 .debug_macro   0x00001b3a       0x49 ./Core/Src/gpio.o
 .debug_macro   0x00001b83      0x103 ./Core/Src/gpio.o
 .debug_macro   0x00001c86       0x6a ./Core/Src/gpio.o
 .debug_macro   0x00001cf0      0x1df ./Core/Src/gpio.o
 .debug_macro   0x00001ecf       0x1c ./Core/Src/gpio.o
 .debug_macro   0x00001eeb       0x29 ./Core/Src/gpio.o
 .debug_macro   0x00001f14       0xfb ./Core/Src/gpio.o
 .debug_macro   0x0000200f     0x1685 ./Core/Src/gpio.o
 .debug_macro   0x00003694       0x5e ./Core/Src/gpio.o
 .debug_macro   0x000036f2    0x2124a ./Core/Src/gpio.o
 .debug_macro   0x0002493c       0x6d ./Core/Src/gpio.o
 .debug_macro   0x000249a9     0x388a ./Core/Src/gpio.o
 .debug_macro   0x00028233       0x63 ./Core/Src/gpio.o
 .debug_macro   0x00028296     0x1f0d ./Core/Src/gpio.o
 .debug_macro   0x0002a1a3      0xe96 ./Core/Src/gpio.o
 .debug_macro   0x0002b039      0x166 ./Core/Src/gpio.o
 .debug_macro   0x0002b19f      0x300 ./Core/Src/gpio.o
 .debug_macro   0x0002b49f       0xca ./Core/Src/gpio.o
 .debug_macro   0x0002b569      0x917 ./Core/Src/gpio.o
 .debug_macro   0x0002be80      0x478 ./Core/Src/gpio.o
 .debug_macro   0x0002c2f8       0xd6 ./Core/Src/gpio.o
 .debug_macro   0x0002c3ce      0x1cd ./Core/Src/gpio.o
 .debug_macro   0x0002c59b      0x55b ./Core/Src/gpio.o
 .debug_macro   0x0002caf6      0x638 ./Core/Src/gpio.o
 .debug_macro   0x0002d12e       0x7b ./Core/Src/gpio.o
 .debug_macro   0x0002d1a9      0x22c ./Core/Src/gpio.o
 .debug_macro   0x0002d3d5       0x35 ./Core/Src/gpio.o
 .debug_macro   0x0002d40a       0xa5 ./Core/Src/gpio.o
 .debug_macro   0x0002d4af      0x313 ./Core/Src/gpio.o
 .debug_macro   0x0002d7c2      0x1bb ./Core/Src/gpio.o
 .debug_macro   0x0002d97d      0xbe8 ./Core/Src/gpio.o
 .debug_macro   0x0002e565      0x3f4 ./Core/Src/gpio.o
 .debug_macro   0x0002e959      0x2a7 ./Core/Src/gpio.o
 .debug_macro   0x0002ec00      0x4ee ./Core/Src/gpio.o
 .debug_macro   0x0002f0ee      0x130 ./Core/Src/gpio.o
 .debug_macro   0x0002f21e      0x295 ./Core/Src/i2c-lcd.o
 .debug_macro   0x0002f4b3      0x295 ./Core/Src/i2c.o
 .debug_macro   0x0002f748      0x295 ./Core/Src/icache.o
 .debug_macro   0x0002f9dd      0x2c5 ./Core/Src/main.o
 .debug_macro   0x0002fca2      0x28b ./Core/Src/stm32h5xx_hal_msp.o
 .debug_macro   0x0002ff2d      0x295 ./Core/Src/stm32h5xx_it.o
 .debug_macro   0x000301c2      0x283 ./Core/Src/system_stm32h5xx.o
 .debug_macro   0x00030445      0x295 ./Core/Src/tim.o
 .debug_macro   0x000306da      0x2b2 ./Drivers/STM32H5xx_HAL_Driver/Src/stm32h5xx_hal.o
 .debug_macro   0x0003098c      0x27c ./Drivers/STM32H5xx_HAL_Driver/Src/stm32h5xx_hal_cortex.o
 .debug_macro   0x00030c08      0x2b2 ./Drivers/STM32H5xx_HAL_Driver/Src/stm32h5xx_hal_gpio.o
 .debug_macro   0x00030eba      0x348 ./Drivers/STM32H5xx_HAL_Driver/Src/stm32h5xx_hal_i2c.o
 .debug_macro   0x00031202      0x27c ./Drivers/STM32H5xx_HAL_Driver/Src/stm32h5xx_hal_i2c_ex.o
 .debug_macro   0x0003147e      0x2be ./Drivers/STM32H5xx_HAL_Driver/Src/stm32h5xx_hal_rcc.o
 .debug_macro   0x0003173c      0x28e ./Drivers/STM32H5xx_HAL_Driver/Src/stm32h5xx_hal_rcc_ex.o
 .debug_macro   0x000319ca      0x284 ./Drivers/STM32H5xx_HAL_Driver/Src/stm32h5xx_hal_tim.o
 .debug_macro   0x00031c4e      0x282 ./Drivers/STM32H5xx_HAL_Driver/Src/stm32h5xx_hal_tim_ex.o

.debug_line     0x00000000    0x1709a
 .debug_line    0x00000000      0x906 ./Core/Src/gpio.o
 .debug_line    0x00000906      0x969 ./Core/Src/i2c-lcd.o
 .debug_line    0x0000126f      0x935 ./Core/Src/i2c.o
 .debug_line    0x00001ba4      0x88f ./Core/Src/icache.o
 .debug_line    0x00002433      0xa1a ./Core/Src/main.o
 .debug_line    0x00002e4d      0x88e ./Core/Src/stm32h5xx_hal_msp.o
 .debug_line    0x000036db      0x941 ./Core/Src/stm32h5xx_it.o
 .debug_line    0x0000401c      0xa16 ./Core/Src/system_stm32h5xx.o
 .debug_line    0x00004a32      0x980 ./Core/Src/tim.o
 .debug_line    0x000053b2       0x7b ./Core/Startup/startup_stm32h563zitx.o
 .debug_line    0x0000542d      0xfb6 ./Drivers/STM32H5xx_HAL_Driver/Src/stm32h5xx_hal.o
 .debug_line    0x000063e3      0xee5 ./Drivers/STM32H5xx_HAL_Driver/Src/stm32h5xx_hal_cortex.o
 .debug_line    0x000072c8      0xc9f ./Drivers/STM32H5xx_HAL_Driver/Src/stm32h5xx_hal_gpio.o
 .debug_line    0x00007f67     0x3b54 ./Drivers/STM32H5xx_HAL_Driver/Src/stm32h5xx_hal_i2c.o
 .debug_line    0x0000babb      0xa1f ./Drivers/STM32H5xx_HAL_Driver/Src/stm32h5xx_hal_i2c_ex.o
 .debug_line    0x0000c4da     0x142e ./Drivers/STM32H5xx_HAL_Driver/Src/stm32h5xx_hal_rcc.o
 .debug_line    0x0000d908     0x2eba ./Drivers/STM32H5xx_HAL_Driver/Src/stm32h5xx_hal_rcc_ex.o
 .debug_line    0x000107c2     0x4690 ./Drivers/STM32H5xx_HAL_Driver/Src/stm32h5xx_hal_tim.o
 .debug_line    0x00014e52     0x2248 ./Drivers/STM32H5xx_HAL_Driver/Src/stm32h5xx_hal_tim_ex.o

.debug_str      0x00000000   0x13e7ec
 .debug_str     0x00000000   0x13e7ec ./Core/Src/gpio.o
                             0x13898c (size before relaxing)
 .debug_str     0x0013e7ec   0x138d9c ./Core/Src/i2c-lcd.o
 .debug_str     0x0013e7ec   0x1394f9 ./Core/Src/i2c.o
 .debug_str     0x0013e7ec   0x13867a ./Core/Src/icache.o
 .debug_str     0x0013e7ec   0x138d29 ./Core/Src/main.o
 .debug_str     0x0013e7ec   0x138674 ./Core/Src/stm32h5xx_hal_msp.o
 .debug_str     0x0013e7ec   0x138711 ./Core/Src/stm32h5xx_it.o
 .debug_str     0x0013e7ec   0x1388c3 ./Core/Src/system_stm32h5xx.o
 .debug_str     0x0013e7ec   0x139262 ./Core/Src/tim.o
 .debug_str     0x0013e7ec       0x76 ./Core/Startup/startup_stm32h563zitx.o
 .debug_str     0x0013e7ec   0x13970f ./Drivers/STM32H5xx_HAL_Driver/Src/stm32h5xx_hal.o
 .debug_str     0x0013e7ec   0x13929e ./Drivers/STM32H5xx_HAL_Driver/Src/stm32h5xx_hal_cortex.o
 .debug_str     0x0013e7ec   0x138628 ./Drivers/STM32H5xx_HAL_Driver/Src/stm32h5xx_hal_gpio.o
 .debug_str     0x0013e7ec   0x139876 ./Drivers/STM32H5xx_HAL_Driver/Src/stm32h5xx_hal_i2c.o
 .debug_str     0x0013e7ec   0x138997 ./Drivers/STM32H5xx_HAL_Driver/Src/stm32h5xx_hal_i2c_ex.o
 .debug_str     0x0013e7ec   0x138e08 ./Drivers/STM32H5xx_HAL_Driver/Src/stm32h5xx_hal_rcc.o
 .debug_str     0x0013e7ec   0x139152 ./Drivers/STM32H5xx_HAL_Driver/Src/stm32h5xx_hal_rcc_ex.o
 .debug_str     0x0013e7ec   0x139a72 ./Drivers/STM32H5xx_HAL_Driver/Src/stm32h5xx_hal_tim.o
 .debug_str     0x0013e7ec   0x13969c ./Drivers/STM32H5xx_HAL_Driver/Src/stm32h5xx_hal_tim_ex.o

.comment        0x00000000       0x43
 .comment       0x00000000       0x43 ./Core/Src/gpio.o
                                 0x44 (size before relaxing)
 .comment       0x00000043       0x44 ./Core/Src/i2c-lcd.o
 .comment       0x00000043       0x44 ./Core/Src/i2c.o
 .comment       0x00000043       0x44 ./Core/Src/icache.o
 .comment       0x00000043       0x44 ./Core/Src/main.o
 .comment       0x00000043       0x44 ./Core/Src/stm32h5xx_hal_msp.o
 .comment       0x00000043       0x44 ./Core/Src/stm32h5xx_it.o
 .comment       0x00000043       0x44 ./Core/Src/system_stm32h5xx.o
 .comment       0x00000043       0x44 ./Core/Src/tim.o
 .comment       0x00000043       0x44 ./Drivers/STM32H5xx_HAL_Driver/Src/stm32h5xx_hal.o
 .comment       0x00000043       0x44 ./Drivers/STM32H5xx_HAL_Driver/Src/stm32h5xx_hal_cortex.o
 .comment       0x00000043       0x44 ./Drivers/STM32H5xx_HAL_Driver/Src/stm32h5xx_hal_gpio.o
 .comment       0x00000043       0x44 ./Drivers/STM32H5xx_HAL_Driver/Src/stm32h5xx_hal_i2c.o
 .comment       0x00000043       0x44 ./Drivers/STM32H5xx_HAL_Driver/Src/stm32h5xx_hal_i2c_ex.o
 .comment       0x00000043       0x44 ./Drivers/STM32H5xx_HAL_Driver/Src/stm32h5xx_hal_rcc.o
 .comment       0x00000043       0x44 ./Drivers/STM32H5xx_HAL_Driver/Src/stm32h5xx_hal_rcc_ex.o
 .comment       0x00000043       0x44 ./Drivers/STM32H5xx_HAL_Driver/Src/stm32h5xx_hal_tim.o
 .comment       0x00000043       0x44 ./Drivers/STM32H5xx_HAL_Driver/Src/stm32h5xx_hal_tim_ex.o

.debug_frame    0x00000000     0x44ec
 .debug_frame   0x00000000       0x38 ./Core/Src/gpio.o
 .debug_frame   0x00000038       0xe0 ./Core/Src/i2c-lcd.o
 .debug_frame   0x00000118       0x78 ./Core/Src/i2c.o
 .debug_frame   0x00000190       0x30 ./Core/Src/icache.o
 .debug_frame   0x000001c0       0x6c ./Core/Src/main.o
 .debug_frame   0x0000022c       0x30 ./Core/Src/stm32h5xx_hal_msp.o
 .debug_frame   0x0000025c      0x104 ./Core/Src/stm32h5xx_it.o
 .debug_frame   0x00000360       0x60 ./Core/Src/system_stm32h5xx.o
 .debug_frame   0x000003c0       0xa8 ./Core/Src/tim.o
 .debug_frame   0x00000468      0x828 ./Drivers/STM32H5xx_HAL_Driver/Src/stm32h5xx_hal.o
 .debug_frame   0x00000c90      0x560 ./Drivers/STM32H5xx_HAL_Driver/Src/stm32h5xx_hal_cortex.o
 .debug_frame   0x000011f0      0x1ec ./Drivers/STM32H5xx_HAL_Driver/Src/stm32h5xx_hal_gpio.o
 .debug_frame   0x000013dc      0xc44 ./Drivers/STM32H5xx_HAL_Driver/Src/stm32h5xx_hal_i2c.o
 .debug_frame   0x00002020       0xd8 ./Drivers/STM32H5xx_HAL_Driver/Src/stm32h5xx_hal_i2c_ex.o
 .debug_frame   0x000020f8      0x268 ./Drivers/STM32H5xx_HAL_Driver/Src/stm32h5xx_hal_rcc.o
 .debug_frame   0x00002360      0x470 ./Drivers/STM32H5xx_HAL_Driver/Src/stm32h5xx_hal_rcc_ex.o
 .debug_frame   0x000027d0     0x1260 ./Drivers/STM32H5xx_HAL_Driver/Src/stm32h5xx_hal_tim.o
 .debug_frame   0x00003a30      0xa70 ./Drivers/STM32H5xx_HAL_Driver/Src/stm32h5xx_hal_tim_ex.o
 .debug_frame   0x000044a0       0x20 C:/ST/STM32CubeIDE_1.14.1/STM32CubeIDE/plugins/com.st.stm32cube.ide.mcu.externaltools.gnu-tools-for-stm32.13.3.rel1.win32_1.0.0.202411081344/tools/bin/../lib/gcc/arm-none-eabi/13.3.1/../../../../arm-none-eabi/lib/thumb/v8-m.main+fp/hard\libc_nano.a(libc_a-memset.o)
 .debug_frame   0x000044c0       0x2c C:/ST/STM32CubeIDE_1.14.1/STM32CubeIDE/plugins/com.st.stm32cube.ide.mcu.externaltools.gnu-tools-for-stm32.13.3.rel1.win32_1.0.0.202411081344/tools/bin/../lib/gcc/arm-none-eabi/13.3.1/../../../../arm-none-eabi/lib/thumb/v8-m.main+fp/hard\libc_nano.a(libc_a-init.o)

.debug_line_str
                0x00000000       0x5a
 .debug_line_str
                0x00000000       0x5a ./Core/Startup/startup_stm32h563zitx.o
